Archive member included to satisfy reference by file (symbol)

app/libapp.a(buttons.c.obj)   (--whole-archive)
app/libapp.a(main.c.obj)      (--whole-archive)
app/libapp.a(motion_sensor.c.obj)
                              (--whole-archive)
app/libapp.a(mouse.c.obj)     (--whole-archive)
app/libapp.a(periodic_task.c.obj)
                              (--whole-archive)
app/libapp.a(transmitter.c.obj)
                              (--whole-archive)
app/libapp.a(usb.c.obj)       (--whole-archive)
app/libapp.a(wheel.c.obj)     (--whole-archive)
zephyr/libzephyr.a(cbprintf_packaged.c.obj)
                              (--whole-archive)
zephyr/libzephyr.a(dec.c.obj)
                              (--whole-archive)
zephyr/libzephyr.a(fdtable.c.obj)
                              (--whole-archive)
zephyr/libzephyr.a(hex.c.obj)
                              (--whole-archive)
zephyr/libzephyr.a(printk.c.obj)
                              (--whole-archive)
zephyr/libzephyr.a(rb.c.obj)  (--whole-archive)
zephyr/libzephyr.a(sem.c.obj)
                              (--whole-archive)
zephyr/libzephyr.a(thread_entry.c.obj)
                              (--whole-archive)
zephyr/libzephyr.a(timeutil.c.obj)
                              (--whole-archive)
zephyr/libzephyr.a(heap.c.obj)
                              (--whole-archive)
zephyr/libzephyr.a(heap-validate.c.obj)
                              (--whole-archive)
zephyr/libzephyr.a(bitarray.c.obj)
                              (--whole-archive)
zephyr/libzephyr.a(multi_heap.c.obj)
                              (--whole-archive)
zephyr/libzephyr.a(onoff.c.obj)
                              (--whole-archive)
zephyr/libzephyr.a(notify.c.obj)
                              (--whole-archive)
zephyr/libzephyr.a(crc32c_sw.c.obj)
                              (--whole-archive)
zephyr/libzephyr.a(crc32_sw.c.obj)
                              (--whole-archive)
zephyr/libzephyr.a(crc16_sw.c.obj)
                              (--whole-archive)
zephyr/libzephyr.a(crc8_sw.c.obj)
                              (--whole-archive)
zephyr/libzephyr.a(crc7_sw.c.obj)
                              (--whole-archive)
zephyr/libzephyr.a(cbprintf_complete.c.obj)
                              (--whole-archive)
zephyr/libzephyr.a(cbprintf.c.obj)
                              (--whole-archive)
zephyr/libzephyr.a(assert.c.obj)
                              (--whole-archive)
zephyr/libzephyr.a(mpsc_pbuf.c.obj)
                              (--whole-archive)
zephyr/libzephyr.a(reboot.c.obj)
                              (--whole-archive)
zephyr/libzephyr.a(configs.c.obj)
                              (--whole-archive)
zephyr/libzephyr.a(soc_nrf_common.S.obj)
                              (--whole-archive)
zephyr/libzephyr.a(validate_base_addresses.c.obj)
                              (--whole-archive)
zephyr/libzephyr.a(validate_enabled_instances.c.obj)
                              (--whole-archive)
zephyr/libzephyr.a(log_core.c.obj)
                              (--whole-archive)
zephyr/libzephyr.a(log_mgmt.c.obj)
                              (--whole-archive)
zephyr/libzephyr.a(log_cache.c.obj)
                              (--whole-archive)
zephyr/libzephyr.a(log_msg.c.obj)
                              (--whole-archive)
zephyr/libzephyr.a(log_output.c.obj)
                              (--whole-archive)
zephyr/libzephyr.a(log_backend_rtt.c.obj)
                              (--whole-archive)
zephyr/libzephyr.a(pm.c.obj)  (--whole-archive)
zephyr/libzephyr.a(policy.c.obj)
                              (--whole-archive)
zephyr/libzephyr.a(state.c.obj)
                              (--whole-archive)
zephyr/libzephyr.a(tracing_none.c.obj)
                              (--whole-archive)
zephyr/libzephyr.a(usb_device.c.obj)
                              (--whole-archive)
zephyr/libzephyr.a(usb_descriptor.c.obj)
                              (--whole-archive)
zephyr/libzephyr.a(usb_transfer.c.obj)
                              (--whole-archive)
zephyr/arch/common/libarch__common.a(sw_isr_common.c.obj)
                              (--whole-archive)
zephyr/arch/arch/arm/core/aarch32/libarch__arm__core__aarch32.a(cpu_idle.S.obj)
                              (--whole-archive)
zephyr/arch/arch/arm/core/aarch32/libarch__arm__core__aarch32.a(fatal.c.obj)
                              (--whole-archive)
zephyr/arch/arch/arm/core/aarch32/libarch__arm__core__aarch32.a(irq_manage.c.obj)
                              (--whole-archive)
zephyr/arch/arch/arm/core/aarch32/libarch__arm__core__aarch32.a(nmi.c.obj)
                              (--whole-archive)
zephyr/arch/arch/arm/core/aarch32/libarch__arm__core__aarch32.a(nmi_on_reset.S.obj)
                              (--whole-archive)
zephyr/arch/arch/arm/core/aarch32/libarch__arm__core__aarch32.a(prep_c.c.obj)
                              (--whole-archive)
zephyr/arch/arch/arm/core/aarch32/libarch__arm__core__aarch32.a(swap.c.obj)
[...]
Memory Configuration

Name             Origin             Length             Attributes
FLASH            0x0000000000000000 0x0000000000040000 xr
RAM              0x0000000020000000 0x0000000000008000 xw
IDT_LIST         0x00000000fffff7ff 0x0000000000000800 xw
*default*        0x0000000000000000 0xffffffffffffffff

Linker script and memory map

LOAD zephyr/CMakeFiles/zephyr_pre0.dir/misc/empty_file.c.obj
LOAD app/libapp.a
LOAD zephyr/libzephyr.a
LOAD zephyr/arch/common/libarch__common.a
LOAD zephyr/arch/arch/arm/core/aarch32/libarch__arm__core__aarch32.a
LOAD zephyr/arch/arch/arm/core/aarch32/cortex_m/libarch__arm__core__aarch32__cortex_m.a
LOAD zephyr/arch/arch/arm/core/aarch32/mpu/libarch__arm__core__aarch32__mpu.a
LOAD zephyr/lib/libc/minimal/liblib__libc__minimal.a
LOAD zephyr/soc/arm/common/cortex_m/libsoc__arm__common__cortex_m.a
LOAD zephyr/soc/arm/nordic_nrf/nrf52/libsoc__arm__nordic_nrf__nrf52.a
LOAD zephyr/subsys/usb/device/class/hid/libsubsys__usb__device__class__hid.a
LOAD zephyr/drivers/usb/device/libdrivers__usb__device.a
LOAD zephyr/drivers/clock_control/libdrivers__clock_control.a
LOAD zephyr/drivers/console/libdrivers__console.a
LOAD zephyr/drivers/gpio/libdrivers__gpio.a
LOAD zephyr/drivers/hwinfo/libdrivers__hwinfo.a
LOAD zephyr/drivers/pinctrl/libdrivers__pinctrl.a
LOAD zephyr/drivers/sensor/qdec_nrfx/libdrivers__sensor__qdec_nrfx.a
LOAD zephyr/drivers/sensor/nrf5/libdrivers__sensor__nrf5.a
LOAD zephyr/drivers/spi/libdrivers__spi.a
LOAD zephyr/drivers/timer/libdrivers__timer.a
LOAD modules/nrf/lib/multithreading_lock/lib..__nrf__lib__multithreading_lock.a
LOAD modules/nrf/lib/fatal_error/lib..__nrf__lib__fatal_error.a
LOAD modules/nrf/subsys/esb/lib..__nrf__subsys__esb.a
LOAD modules/nrf/subsys/mpsl/fem/lib..__nrf__subsys__mpsl__fem.a
LOAD modules/nrf/drivers/sensor/pmw3360/lib..__nrf__drivers__sensor__pmw3360.a
LOAD modules/hal_nordic/nrfx/libmodules__hal_nordic__nrfx.a
LOAD modules/segger/libmodules__segger.a
LOAD zephyr/kernel/libkernel.a
LOAD zephyr/CMakeFiles/offsets.dir/./arch/arm/core/offsets/offsets.c.obj
LOAD d:/programming/crosscompilers/ncs/toolchains/31f4403e35/opt/zephyr-sdk/arm-zephyr-eabi/bin/../lib/gcc/arm-zephyr-eabi/12.2.0/thumb/v7e-m/nofp\libgcc.a
LOAD zephyr/arch/common/libisr_tables.a
LOAD D:/Programming/CrossCompilers/ncs/v2.4.1/nrfxlib/mpsl/lib/cortex-m4/soft-float/libmpsl.a
                0x0000000000000020                _region_min_align = 0x20

.rel.plt        0x0000000000000000        0x0
 *(SORT_BY_ALIGNMENT(.rel.plt))
                [!provide]                        PROVIDE (__rel_iplt_start = .)
 *(SORT_BY_ALIGNMENT(.rel.iplt))
 .rel.iplt      0x0000000000000000        0x0 app/libapp.a(buttons.c.obj)
                [!provide]                        PROVIDE (__rel_iplt_end = .)

.rela.plt       0x0000000000000000        0x0
 *(SORT_BY_ALIGNMENT(.rela.plt))
                [!provide]                        PROVIDE (__rela_iplt_start = .)
 *(SORT_BY_ALIGNMENT(.rela.iplt))
                [!provide]                        PROVIDE (__rela_iplt_end = .)

.rel.dyn
 *(SORT_BY_ALIGNMENT(.rel.*))

.rela.dyn
 *(SORT_BY_ALIGNMENT(.rela.*))

/DISCARD/
 *(SORT_BY_ALIGNMENT(.plt))

/DISCARD/
 *(SORT_BY_ALIGNMENT(.iplt))
                0x0000000000000000                __rom_region_start = 0x0

rom_start       0x0000000000000000       0xe0
                0x0000000000000000                . = 0x0
                0x0000000000000000                . = ALIGN (0x4)
                0x0000000000000000                . = ALIGN (0x80)
                0x0000000000000000                . = ALIGN (0x100)
                0x0000000000000000                _vector_start = .
 *(SORT_BY_ALIGNMENT(.exc_vector_table))
 *(SORT_BY_ALIGNMENT(.exc_vector_table.*))
 .exc_vector_table._vector_table_section
                0x0000000000000000       0x40 zephyr/arch/arch/arm/core/aarch32/cortex_m/libarch__arm__core__aarch32__cortex_m.a(vector_table.S.obj)
                0x0000000000000000                _vector_table
 *(SORT_BY_ALIGNMENT(.vectors))
                0x00000000000000e0                _vector_end = .
                0x0000000000000040                . = ALIGN (0x4)
 *(SORT_BY_ALIGNMENT(.gnu.linkonce.irq_vector_table*))
 .gnu.linkonce.irq_vector_table
                0x0000000000000040       0xa0 zephyr/arch/common/libisr_tables.a(isr_tables.c.obj)
                0x0000000000000040                _irq_vector_table
                0x00000000000000e0                _vector_end = .

text            0x00000000000000e0     0xe5f0
                0x00000000000000e0                __text_region_start = .
 *(SORT_BY_ALIGNMENT(.text))
 .text          0x00000000000000e0       0x30 d:/programming/crosscompilers/ncs/toolchains/31f4403e35/opt/zephyr-sdk/arm-zephyr-eabi/bin/../lib/gcc/arm-zephyr-eabi/12.2.0/thumb/v7e-m/nofp\libgcc.a(_aeabi_uldivmod.o)
                0x00000000000000e0                __aeabi_uldivmod
 .text          0x0000000000000110        0x4 d:/programming/crosscompilers/ncs/toolchains/31f4403e35/opt/zephyr-sdk/arm-zephyr-eabi/bin/../lib/gcc/arm-zephyr-eabi/12.2.0/thumb/v7e-m/nofp\libgcc.a(_dvmd_tls.o)
                0x0000000000000110                __aeabi_idiv0
                0x0000000000000110                __aeabi_ldiv0
 .text          0x0000000000000114       0x68 D:/Programming/CrossCompilers/ncs/v2.4.1/nrfxlib/mpsl/lib/cortex-m4/soft-float/libmpsl.a(libmpsl_debug_soft__obfuscated.elf)
                0x0000000000000114                sym_JBMIQXYLJQQB56KLSIZ2WVKBMEMRZHLRBGLEPTA
 .text          0x000000000000017c       0x24 D:/Programming/CrossCompilers/ncs/v2.4.1/nrfxlib/mpsl/lib/cortex-m4/soft-float/libmpsl.a(libmpsl_debug_soft__obfuscated.elf)
                0x000000000000017c                mpsl_tx_power_radio_supported_power_adjust
 .text          0x00000000000001a0       0x58 D:/Programming/CrossCompilers/ncs/v2.4.1/nrfxlib/mpsl/lib/cortex-m4/soft-float/libmpsl.a(libmpsl_debug_soft__obfuscated.elf)
                0x00000000000001a0                sym_VWOYI7XCNXBFVPWSS6WFJ2CWKPJYCMRRQTU7QWQ
 .text          0x00000000000001f8       0x24 D:/Programming/CrossCompilers/ncs/v2.4.1/nrfxlib/mpsl/lib/cortex-m4/soft-float/libmpsl.a(libmpsl_debug_soft__obfuscated.elf)
 .text          0x000000000000021c       0x48 D:/Programming/CrossCompilers/ncs/v2.4.1/nrfxlib/mpsl/lib/cortex-m4/soft-float/libmpsl.a(libmpsl_debug_soft__obfuscated.elf)
                0x000000000000021c                sym_S2UAPMFVIQXDUOA6CV7GJMB33TYHEUH5D6LHO5Q
 .text          0x0000000000000264       0x40 D:/Programming/CrossCompilers/ncs/v2.4.1/nrfxlib/mpsl/lib/cortex-m4/soft-float/libmpsl.a(libmpsl_debug_soft__obfuscated.elf)
                0x0000000000000264                sym_NIQMZN22R7GGCSNM3BZ25GTCR6D457XB3DIUGWA
 .text          0x00000000000002a4        0xc D:/Programming/CrossCompilers/ncs/v2.4.1/nrfxlib/mpsl/lib/cortex-m4/soft-float/libmpsl.a(libmpsl_debug_soft__obfuscated.elf)
                0x00000000000002a4                mpsl_fem_deactivate_now
 .text          0x00000000000002b0        0xc D:/Programming/CrossCompilers/ncs/v2.4.1/nrfxlib/mpsl/lib/cortex-m4/soft-float/libmpsl.a(libmpsl_debug_soft__obfuscated.elf)
                0x00000000000002b0                mpsl_fem_disable
 .text          0x00000000000002bc        0xc D:/Programming/CrossCompilers/ncs/v2.4.1/nrfxlib/mpsl/lib/cortex-m4/soft-float/libmpsl.a(libmpsl_debug_soft__obfuscated.elf)
                0x00000000000002bc                mpsl_fem_lna_configuration_clear
 .text          0x00000000000002c8        0xc D:/Programming/CrossCompilers/ncs/v2.4.1/nrfxlib/mpsl/lib/cortex-m4/soft-float/libmpsl.a(libmpsl_debug_soft__obfuscated.elf)
                0x00000000000002c8                mpsl_fem_lna_configuration_set
 .text          0x00000000000002d4        0xc D:/Programming/CrossCompilers/ncs/v2.4.1/nrfxlib/mpsl/lib/cortex-m4/soft-float/libmpsl.a(libmpsl_debug_soft__obfuscated.elf)
                0x00000000000002d4                mpsl_fem_pa_configuration_clear
 .text          0x00000000000002e0        0xc D:/Programming/CrossCompilers/ncs/v2.4.1/nrfxlib/mpsl/lib/cortex-m4/soft-float/libmpsl.a(libmpsl_debug_soft__obfuscated.elf)
                0x00000000000002e0                mpsl_fem_pa_configuration_set
 .text          0x00000000000002ec        0xc D:/Programming/CrossCompilers/ncs/v2.4.1/nrfxlib/mpsl/lib/cortex-m4/soft-float/libmpsl.a(libmpsl_debug_soft__obfuscated.elf)
                0x00000000000002ec                mpsl_fem_pa_gain_set
 .text          0x00000000000002f8       0x14 D:/Programming/CrossCompilers/ncs/v2.4.1/nrfxlib/mpsl/lib/cortex-m4/soft-float/libmpsl.a(libmpsl_debug_soft__obfuscated.elf)
                0x00000000000002f8                mpsl_fem_tx_power_split
 .text          0x000000000000030c      0x2a0 d:/programming/crosscompilers/ncs/toolchains/31f4403e35/opt/zephyr-sdk/arm-zephyr-eabi/bin/../lib/gcc/arm-zephyr-eabi/12.2.0/thumb/v7e-m/nofp\libgcc.a(_udivmoddi4.o)
                0x000000000000030c                __udivmoddi4
 .text          0x00000000000005ac       0x14 D:/Programming/CrossCompilers/ncs/v2.4.1/nrfxlib/mpsl/lib/cortex-m4/soft-float/libmpsl.a(libmpsl_debug_soft__obfuscated.elf)
                0x00000000000005ac                sym_BN6ZO2NBHRGKZ2NRQYWFBXVGKNG6Y5K55UNAWGA
 .text          0x00000000000005c0       0x14 D:/Programming/CrossCompilers/ncs/v2.4.1/nrfxlib/mpsl/lib/cortex-m4/soft-float/libmpsl.a(libmpsl_debug_soft__obfuscated.elf)
                0x00000000000005c0                sym_5EMXP3L6SPQSCAJKKRH62ZOKJCCSKLI3WEX2WHY
 .text          0x00000000000005d4       0x14 D:/Programming/CrossCompilers/ncs/v2.4.1/nrfxlib/mpsl/lib/cortex-m4/soft-float/libmpsl.a(libmpsl_debug_soft__obfuscated.elf)
                0x00000000000005d4                sym_H2QJCU2ORTYAFBAQQ2FHUYIAZO4HCXEKCQ4SS2Q
 .text          0x00000000000005e8       0x14 D:/Programming/CrossCompilers/ncs/v2.4.1/nrfxlib/mpsl/lib/cortex-m4/soft-float/libmpsl.a(libmpsl_debug_soft__obfuscated.elf)
                0x00000000000005e8                sym_SWIBDSDMHUYNCG5ZWLB52J7NETJIUBPCO5IIQFA
 .text          0x00000000000005fc       0x18 D:/Programming/CrossCompilers/ncs/v2.4.1/nrfxlib/mpsl/lib/cortex-m4/soft-float/libmpsl.a(libmpsl_debug_soft__obfuscated.elf)
                0x00000000000005fc                sym_QPP3IZFSWHUV4JQ6ODMIVIARPB4PQYUFESV7BRQ
 .text          0x0000000000000614       0x14 D:/Programming/CrossCompilers/ncs/v2.4.1/nrfxlib/mpsl/lib/cortex-m4/soft-float/libmpsl.a(libmpsl_debug_soft__obfuscated.elf)
                0x0000000000000614                sym_6PVOPWDLWTXOTRZZ7LP36TLYTLPTQHNAUQNFHEA
 .text          0x0000000000000628       0x14 D:/Programming/CrossCompilers/ncs/v2.4.1/nrfxlib/mpsl/lib/cortex-m4/soft-float/libmpsl.a(libmpsl_debug_soft__obfuscated.elf)
                0x0000000000000628                sym_USR4MDT6VMTQLOGKNN4MALBZ3GJPD2KOEY4HFAQ
 .text          0x000000000000063c        0x6 D:/Programming/CrossCompilers/ncs/v2.4.1/nrfxlib/mpsl/lib/cortex-m4/soft-float/libmpsl.a(libmpsl_debug_soft__obfuscated.elf)
 .text          0x0000000000000642        0x4 D:/Programming/CrossCompilers/ncs/v2.4.1/nrfxlib/mpsl/lib/cortex-m4/soft-float/libmpsl.a(libmpsl_debug_soft__obfuscated.elf)
 .text          0x0000000000000646        0x4 D:/Programming/CrossCompilers/ncs/v2.4.1/nrfxlib/mpsl/lib/cortex-m4/soft-float/libmpsl.a(libmpsl_debug_soft__obfuscated.elf)
 .text          0x000000000000064a        0x6 D:/Programming/CrossCompilers/ncs/v2.4.1/nrfxlib/mpsl/lib/cortex-m4/soft-float/libmpsl.a(libmpsl_debug_soft__obfuscated.elf)
 .text          0x0000000000000650        0x2 D:/Programming/CrossCompilers/ncs/v2.4.1/nrfxlib/mpsl/lib/cortex-m4/soft-float/libmpsl.a(libmpsl_debug_soft__obfuscated.elf)
 .text          0x0000000000000652        0x2 D:/Programming/CrossCompilers/ncs/v2.4.1/nrfxlib/mpsl/lib/cortex-m4/soft-float/libmpsl.a(libmpsl_debug_soft__obfuscated.elf)
 .text          0x0000000000000654        0x4 D:/Programming/CrossCompilers/ncs/v2.4.1/nrfxlib/mpsl/lib/cortex-m4/soft-float/libmpsl.a(libmpsl_debug_soft__obfuscated.elf)
 .text          0x0000000000000658        0x6 D:/Programming/CrossCompilers/ncs/v2.4.1/nrfxlib/mpsl/lib/cortex-m4/soft-float/libmpsl.a(libmpsl_debug_soft__obfuscated.elf)
 .text          0x000000000000065e        0x6 D:/Programming/CrossCompilers/ncs/v2.4.1/nrfxlib/mpsl/lib/cortex-m4/soft-float/libmpsl.a(libmpsl_debug_soft__obfuscated.elf)
 .text          0x0000000000000664        0x6 D:/Programming/CrossCompilers/ncs/v2.4.1/nrfxlib/mpsl/lib/cortex-m4/soft-float/libmpsl.a(libmpsl_debug_soft__obfuscated.elf)
 .text          0x000000000000066a        0x6 D:/Programming/CrossCompilers/ncs/v2.4.1/nrfxlib/mpsl/lib/cortex-m4/soft-float/libmpsl.a(libmpsl_debug_soft__obfuscated.elf)
 .text          0x0000000000000670        0x6 D:/Programming/CrossCompilers/ncs/v2.4.1/nrfxlib/mpsl/lib/cortex-m4/soft-float/libmpsl.a(libmpsl_debug_soft__obfuscated.elf)
 .text          0x0000000000000676        0x6 D:/Programming/CrossCompilers/ncs/v2.4.1/nrfxlib/mpsl/lib/cortex-m4/soft-float/libmpsl.a(libmpsl_debug_soft__obfuscated.elf)
 .text          0x000000000000067c        0xc D:/Programming/CrossCompilers/ncs/v2.4.1/nrfxlib/mpsl/lib/cortex-m4/soft-float/libmpsl.a(libmpsl_debug_soft__obfuscated.elf)
 .text          0x0000000000000688        0x4 D:/Programming/CrossCompilers/ncs/v2.4.1/nrfxlib/mpsl/lib/cortex-m4/soft-float/libmpsl.a(libmpsl_debug_soft__obfuscated.elf)
 .text          0x000000000000068c        0x6 D:/Programming/CrossCompilers/ncs/v2.4.1/nrfxlib/mpsl/lib/cortex-m4/soft-float/libmpsl.a(libmpsl_debug_soft__obfuscated.elf)
 .text          0x0000000000000692        0x4 D:/Programming/CrossCompilers/ncs/v2.4.1/nrfxlib/mpsl/lib/cortex-m4/soft-float/libmpsl.a(libmpsl_debug_soft__obfuscated.elf)
                0x0000000000000692                mpsl_fem_init
 .text          0x0000000000000696       0x30 D:/Programming/CrossCompilers/ncs/v2.4.1/nrfxlib/mpsl/lib/cortex-m4/soft-float/libmpsl.a(libmpsl_debug_soft__obfuscated.elf)
                0x0000000000000696                sym_PX4SKXGNX25XLMGGWQM65ZRFHI6666YGHL6AYMA
 .text          0x00000000000006c6       0x6c D:/Programming/CrossCompilers/ncs/v2.4.1/nrfxlib/mpsl/lib/cortex-m4/soft-float/libmpsl.a(libmpsl_debug_soft__obfuscated.elf)
 *(SORT_BY_ALIGNMENT(.text.*))
 *fill*         0x0000000000000732        0x2 
 .text.configure_callback.constprop.0
                0x0000000000000734      0x160 app/libapp.a(buttons.c.obj)
 .text.init_buttons
                0x0000000000000894       0x60 app/libapp.a(buttons.c.obj)
                0x0000000000000894                init_buttons
 .text.fetch_buttons
                0x00000000000008f4       0x44 app/libapp.a(buttons.c.obj)
                0x00000000000008f4                fetch_buttons
 .text.main     0x0000000000000938       0x58 app/libapp.a(main.c.obj)
                0x0000000000000938                main
 .text.sensor_sample_fetch.constprop.0
                0x0000000000000990       0x10 app/libapp.a(motion_sensor.c.obj)
 .text.sensor_channel_get.constprop.0.isra.0
                0x00000000000009a0       0x18 app/libapp.a(motion_sensor.c.obj)
 .text.is_pmw3360_ready
                0x00000000000009b8        0xc app/libapp.a(motion_sensor.c.obj)
                0x00000000000009b8                is_pmw3360_ready
 .text.set_cpi  0x00000000000009c4       0x2c app/libapp.a(motion_sensor.c.obj)
                0x00000000000009c4                set_cpi
 .text.get_cpi  0x00000000000009f0       0x4c app/libapp.a(motion_sensor.c.obj)
                0x00000000000009f0                get_cpi
 .text.set_sensor_trigger
                0x0000000000000a3c       0x24 app/libapp.a(motion_sensor.c.obj)
                0x0000000000000a3c                set_sensor_trigger
 .text.enable_data_interrupt
                0x0000000000000a60        0xc app/libapp.a(motion_sensor.c.obj)
                0x0000000000000a60                enable_data_interrupt
 .text.configure_pmw3360
                0x0000000000000a6c       0x90 app/libapp.a(motion_sensor.c.obj)
                0x0000000000000a6c                configure_pmw3360
 .text.read_motion
                0x0000000000000afc       0x74 app/libapp.a(motion_sensor.c.obj)
                0x0000000000000afc                read_motion
 .text.interrupt_handler
                0x0000000000000b70       0x44 app/libapp.a(motion_sensor.c.obj)
                0x0000000000000b70                interrupt_handler
 .text.init_mouse
                0x0000000000000bb4      0x110 app/libapp.a(mouse.c.obj)
                0x0000000000000bb4                init_mouse
 .text.update_config
                0x0000000000000cc4        0xc app/libapp.a(mouse.c.obj)
                0x0000000000000cc4                update_config
 .text.use_wireless
                0x0000000000000cd0        0xc app/libapp.a(mouse.c.obj)
                0x0000000000000cd0                use_wireless
 .text.handle_mouse_transmission
                0x0000000000000cdc       0xb4 app/libapp.a(mouse.c.obj)
                0x0000000000000cdc                handle_mouse_transmission
 .text.event_handler
                0x0000000000000d90       0x20 app/libapp.a(transmitter.c.obj)
                0x0000000000000d90                event_handler
 .text.clocks_start
                0x0000000000000db0       0x8c app/libapp.a(transmitter.c.obj)
                0x0000000000000db0                clocks_start
 .text.init_esb
                0x0000000000000e3c       0xac app/libapp.a(transmitter.c.obj)
                0x0000000000000e3c                init_esb
 .text.init_transceiver
                0x0000000000000ee8       0x84 app/libapp.a(transmitter.c.obj)
                0x0000000000000ee8                init_transceiver
 .text.esb_create_message
                0x0000000000000f6c       0x60 app/libapp.a(transmitter.c.obj)
                0x0000000000000f6c                esb_create_message
 .text.write_message
                0x0000000000000fcc       0x58 app/libapp.a(transmitter.c.obj)
                0x0000000000000fcc                write_message
 .text.int_in_ready_cb
                0x0000000000001024        0xc app/libapp.a(usb.c.obj)
                0x0000000000001024                int_in_ready_cb
 .text.status_callback
                0x0000000000001030        0xc app/libapp.a(usb.c.obj)
                0x0000000000001030                status_callback
 .text.init_usb
                0x000000000000103c       0x88 app/libapp.a(usb.c.obj)
                0x000000000000103c                init_usb
 .text.hid_write
                0x00000000000010c4       0x6c app/libapp.a(usb.c.obj)
                0x00000000000010c4                hid_write
 .text.line_busy
                0x0000000000001130        0xc app/libapp.a(usb.c.obj)
                0x0000000000001130                line_busy
 .text.init_wheel
                0x000000000000113c       0x3c app/libapp.a(wheel.c.obj)
                0x000000000000113c                init_wheel
 .text.fetch_wheel_data
                0x0000000000001178       0x24 app/libapp.a(wheel.c.obj)
                0x0000000000001178                fetch_wheel_data
 .text.cbvprintf_package
                0x000000000000119c      0x3ac zephyr/libzephyr.a(cbprintf_packaged.c.obj)
                0x000000000000119c                cbvprintf_package
 .text.cbprintf_package_convert
                0x0000000000001548      0x3bc zephyr/libzephyr.a(cbprintf_packaged.c.obj)
                0x0000000000001548                cbprintf_package_convert
 .text.__printk_hook_install
                0x0000000000001904        0xc zephyr/libzephyr.a(printk.c.obj)
                0x0000000000001904                __printk_hook_install
 .text.vsnprintk
                0x0000000000001910       0x2c zephyr/libzephyr.a(printk.c.obj)
                0x0000000000001910                vsnprintk
 .text.process_event
                0x000000000000193c      0x21c zephyr/libzephyr.a(onoff.c.obj)
 .text.z_cbvprintf_impl
                0x0000000000001b58      0x764 zephyr/libzephyr.a(cbprintf_complete.c.obj)
                0x0000000000001b58                z_cbvprintf_impl
 .text.z_arm_platform_init
                0x00000000000022bc        0x4 zephyr/libzephyr.a(soc_nrf_common.S.obj)
                0x00000000000022bc                z_arm_platform_init
 .text.activate_foreach_backend
                0x00000000000022c0       0x64 zephyr/libzephyr.a(log_core.c.obj)
 .text.enable_logger
                0x0000000000002324       0x5c zephyr/libzephyr.a(log_core.c.obj)
 .text.log_process_thread_timer_expiry_fn
                0x0000000000002380        0xc zephyr/libzephyr.a(log_core.c.obj)
 .text.z_log_init
                0x000000000000238c       0x90 zephyr/libzephyr.a(log_core.c.obj)
 .text.log_format_func_t_get
                0x000000000000241c        0xc zephyr/libzephyr.a(log_core.c.obj)
                0x000000000000241c                log_format_func_t_get
 .text.log_set_timestamp_func
                0x0000000000002428       0x20 zephyr/libzephyr.a(log_core.c.obj)
                0x0000000000002428                log_set_timestamp_func
 .text.z_log_notify_backend_enabled
                0x0000000000002448       0x1c zephyr/libzephyr.a(log_core.c.obj)
                0x0000000000002448                z_log_notify_backend_enabled
 .text.z_log_dropped
                0x0000000000002464       0x30 zephyr/libzephyr.a(log_core.c.obj)
                0x0000000000002464                z_log_dropped
 .text.z_log_dropped_read_and_clear
                0x0000000000002494       0x20 zephyr/libzephyr.a(log_core.c.obj)
                0x0000000000002494                z_log_dropped_read_and_clear
 .text.dropped_notify
                0x00000000000024b4       0x30 zephyr/libzephyr.a(log_core.c.obj)
                0x00000000000024b4                dropped_notify
 .text.z_log_msg_init
                0x00000000000024e4       0x20 zephyr/libzephyr.a(log_core.c.obj)
                0x00000000000024e4                z_log_msg_init
 .text.log_core_init
                0x0000000000002504       0x34 zephyr/libzephyr.a(log_core.c.obj)
                0x0000000000002504                log_core_init
 .text.z_log_msg_alloc
                0x0000000000002538       0x10 zephyr/libzephyr.a(log_core.c.obj)
                0x0000000000002538                z_log_msg_alloc
 .text.z_log_msg_local_claim
                0x0000000000002548        0xc zephyr/libzephyr.a(log_core.c.obj)
                0x0000000000002548                z_log_msg_local_claim
 .text.z_log_msg_free
                0x0000000000002554       0x10 zephyr/libzephyr.a(log_core.c.obj)
                0x0000000000002554                z_log_msg_free
 .text.z_log_msg_pending
                0x0000000000002564        0xc zephyr/libzephyr.a(log_core.c.obj)
                0x0000000000002564                z_log_msg_pending
 .text.z_impl_log_process
                0x0000000000002570       0xbc zephyr/libzephyr.a(log_core.c.obj)
                0x0000000000002570                z_impl_log_process
 .text.z_impl_log_panic
                0x000000000000262c       0x44 zephyr/libzephyr.a(log_core.c.obj)
                0x000000000000262c                z_impl_log_panic
 .text.log_process_thread_func
                0x0000000000002670       0x9c zephyr/libzephyr.a(log_core.c.obj)
 .text.z_log_msg_post_finalize
                0x000000000000270c       0x78 zephyr/libzephyr.a(log_core.c.obj)
 .text.z_log_msg_commit
                0x0000000000002784       0x24 zephyr/libzephyr.a(log_core.c.obj)
                0x0000000000002784                z_log_msg_commit
 .text.log_source_name_get
                0x00000000000027a8       0x1c zephyr/libzephyr.a(log_mgmt.c.obj)
                0x00000000000027a8                log_source_name_get
 .text.log_backend_enable
                0x00000000000027c4       0x28 zephyr/libzephyr.a(log_mgmt.c.obj)
                0x00000000000027c4                log_backend_enable
 .text.z_impl_z_log_msg_static_create
                0x00000000000027ec      0x108 zephyr/libzephyr.a(log_msg.c.obj)
                0x00000000000027ec                z_impl_z_log_msg_static_create
 .text.z_impl_z_log_msg_runtime_vcreate
                0x00000000000028f4       0x8c zephyr/libzephyr.a(log_msg.c.obj)
                0x00000000000028f4                z_impl_z_log_msg_runtime_vcreate
 .text.print_formatted
                0x0000000000002980       0x24 zephyr/libzephyr.a(log_output.c.obj)
 .text.newline_print
                0x00000000000029a4       0x1c zephyr/libzephyr.a(log_output.c.obj)
 .text.log_output_process
                0x00000000000029c0      0x2a4 zephyr/libzephyr.a(log_output.c.obj)
                0x00000000000029c0                log_output_process
 .text.log_output_msg_process
                0x0000000000002c64       0x6c zephyr/libzephyr.a(log_output.c.obj)
                0x0000000000002c64                log_output_msg_process
 .text.log_output_dropped_process
                0x0000000000002cd0       0x58 zephyr/libzephyr.a(log_output.c.obj)
                0x0000000000002cd0                log_output_dropped_process
 .text.log_output_timestamp_freq_set
                0x0000000000002d28       0x2c zephyr/libzephyr.a(log_output.c.obj)
                0x0000000000002d28                log_output_timestamp_freq_set
 .text.log_backend_rtt_init
                0x0000000000002d54        0xc zephyr/libzephyr.a(log_backend_rtt.c.obj)
 .text.format_set
                0x0000000000002d60        0xc zephyr/libzephyr.a(log_backend_rtt.c.obj)
 .text.panic    0x0000000000002d6c       0x14 zephyr/libzephyr.a(log_backend_rtt.c.obj)
 .text.dropped  0x0000000000002d80        0xc zephyr/libzephyr.a(log_backend_rtt.c.obj)
 .text.process  0x0000000000002d8c       0x24 zephyr/libzephyr.a(log_backend_rtt.c.obj)
 .text.on_failed_write
                0x0000000000002db0       0x28 zephyr/libzephyr.a(log_backend_rtt.c.obj)
 .text.data_out_block_mode
                0x0000000000002dd8       0x84 zephyr/libzephyr.a(log_backend_rtt.c.obj)
 .text.pm_state_notify
                0x0000000000002e5c       0x5c zephyr/libzephyr.a(pm.c.obj)
 .text.pm_system_resume
                0x0000000000002eb8       0x78 zephyr/libzephyr.a(pm.c.obj)
                0x0000000000002eb8                pm_system_resume
 .text.pm_system_suspend
                0x0000000000002f30       0xf8 zephyr/libzephyr.a(pm.c.obj)
                0x0000000000002f30                pm_system_suspend
 .text.pm_policy_next_state
                0x0000000000003028       0x94 zephyr/libzephyr.a(policy.c.obj)
                0x0000000000003028                pm_policy_next_state
 .text.pm_state_cpu_get_all
                0x00000000000030bc       0x10 zephyr/libzephyr.a(state.c.obj)
                0x00000000000030bc                pm_state_cpu_get_all
 .text.class_handler
                0x00000000000030cc       0x40 zephyr/libzephyr.a(usb_device.c.obj)
 .text.custom_handler
                0x000000000000310c       0x60 zephyr/libzephyr.a(usb_device.c.obj)
 .text.vendor_handler
                0x000000000000316c       0x3c zephyr/libzephyr.a(usb_device.c.obj)
 .text.usb_reset_alt_setting
                0x00000000000031a8       0x10 zephyr/libzephyr.a(usb_device.c.obj)
 .text.is_ep_valid.part.0
                0x00000000000031b8       0x38 zephyr/libzephyr.a(usb_device.c.obj)
 .text.usb_handle_request.constprop.0
                0x00000000000031f0       0x2c zephyr/libzephyr.a(usb_device.c.obj)
 .text.usb_device_init.part.0
                0x000000000000321c       0x2c zephyr/libzephyr.a(usb_device.c.obj)
 .text.usb_halt_endpoint_req.isra.0
                0x0000000000003248       0x50 zephyr/libzephyr.a(usb_device.c.obj)
 .text.get_ep_bm_from_addr.part.0
                0x0000000000003298       0x30 zephyr/libzephyr.a(usb_device.c.obj)
 .text.forward_status_cb
                0x00000000000032c8       0xb0 zephyr/libzephyr.a(usb_device.c.obj)
 .text.disable_endpoint
                0x0000000000003378       0x60 zephyr/libzephyr.a(usb_device.c.obj)
 .text.set_endpoint
                0x00000000000033d8       0xc0 zephyr/libzephyr.a(usb_device.c.obj)
 .text.usb_handle_standard_request
                0x0000000000003498      0x2ec zephyr/libzephyr.a(usb_device.c.obj)
 .text.usb_data_to_host
                0x0000000000003784       0x54 zephyr/libzephyr.a(usb_device.c.obj)
 .text.usb_handle_control_transfer
                0x00000000000037d8      0x104 zephyr/libzephyr.a(usb_device.c.obj)
 .text.usb_set_config
                0x00000000000038dc       0x2c zephyr/libzephyr.a(usb_device.c.obj)
                0x00000000000038dc                usb_set_config
 .text.usb_device_init
                0x0000000000003908       0x2c zephyr/libzephyr.a(usb_device.c.obj)
 .text.usb_enable
                0x0000000000003934      0x10c zephyr/libzephyr.a(usb_device.c.obj)
                0x0000000000003934                usb_enable
 .text.usb_update_sn_string_descriptor
                0x0000000000003a40       0x88 zephyr/libzephyr.a(usb_descriptor.c.obj)
                0x0000000000003a40                usb_update_sn_string_descriptor
 .text.usb_get_device_descriptor
                0x0000000000003ac8      0x244 zephyr/libzephyr.a(usb_descriptor.c.obj)
                0x0000000000003ac8                usb_get_device_descriptor
 .text.usb_ep_get_transfer
                0x0000000000003d0c       0x2c zephyr/libzephyr.a(usb_transfer.c.obj)
 .text.usb_transfer_work
                0x0000000000003d38      0x15c zephyr/libzephyr.a(usb_transfer.c.obj)
 .text.usb_cancel_transfer
                0x0000000000003e94       0x3c zephyr/libzephyr.a(usb_transfer.c.obj)
                0x0000000000003e94                usb_cancel_transfer
 .text.usb_cancel_transfers
                0x0000000000003ed0       0x48 zephyr/libzephyr.a(usb_transfer.c.obj)
                0x0000000000003ed0                usb_cancel_transfers
 .text.usb_transfer_init
                0x0000000000003f18       0x34 zephyr/libzephyr.a(usb_transfer.c.obj)
                0x0000000000003f18                usb_transfer_init
 .text.z_arm_cpu_idle_init
                0x0000000000003f4c        0xc zephyr/arch/arch/arm/core/aarch32/libarch__arm__core__aarch32.a(cpu_idle.S.obj)
                0x0000000000003f4c                z_arm_cpu_idle_init
 .text.arch_cpu_idle
                0x0000000000003f58       0x1c zephyr/arch/arch/arm/core/aarch32/libarch__arm__core__aarch32.a(cpu_idle.S.obj)
                0x0000000000003f58                arch_cpu_idle
 .text.arch_cpu_atomic_idle
                0x0000000000003f74       0x18 zephyr/arch/arch/arm/core/aarch32/libarch__arm__core__aarch32.a(cpu_idle.S.obj)
                0x0000000000003f74                arch_cpu_atomic_idle
 .text.z_arm_fatal_error
                0x0000000000003f8c       0xcc zephyr/arch/arch/arm/core/aarch32/libarch__arm__core__aarch32.a(fatal.c.obj)
                0x0000000000003f8c                z_arm_fatal_error
 .text.arch_irq_enable
                0x0000000000004058       0x1c zephyr/arch/arch/arm/core/aarch32/libarch__arm__core__aarch32.a(irq_manage.c.obj)
                0x0000000000004058                arch_irq_enable
 .text.arch_irq_disable
                0x0000000000004074       0x28 zephyr/arch/arch/arm/core/aarch32/libarch__arm__core__aarch32.a(irq_manage.c.obj)
                0x0000000000004074                arch_irq_disable
 .text.arch_irq_is_enabled
                0x000000000000409c       0x1c zephyr/arch/arch/arm/core/aarch32/libarch__arm__core__aarch32.a(irq_manage.c.obj)
                0x000000000000409c                arch_irq_is_enabled
 .text.z_arm_irq_priority_set
                0x00000000000040b8       0x34 zephyr/arch/arch/arm/core/aarch32/libarch__arm__core__aarch32.a(irq_manage.c.obj)
                0x00000000000040b8                z_arm_irq_priority_set
 .text._arch_isr_direct_pm
                0x00000000000040ec       0x1c zephyr/arch/arch/arm/core/aarch32/libarch__arm__core__aarch32.a(irq_manage.c.obj)
                0x00000000000040ec                _arch_isr_direct_pm
 .text.z_SysNmiOnReset
                0x0000000000004108        0x8 zephyr/arch/arch/arm/core/aarch32/libarch__arm__core__aarch32.a(nmi_on_reset.S.obj)
                0x0000000000004108                z_SysNmiOnReset
 .text.z_arm_prep_c
                0x0000000000004110       0x2c zephyr/arch/arch/arm/core/aarch32/libarch__arm__core__aarch32.a(prep_c.c.obj)
                0x0000000000004110                z_arm_prep_c
 .text.arch_swap
                0x000000000000413c       0x34 zephyr/arch/arch/arm/core/aarch32/libarch__arm__core__aarch32.a(swap.c.obj)
                0x000000000000413c                arch_swap
 .text.z_arm_pendsv
                0x0000000000004170       0x54 zephyr/arch/arch/arm/core/aarch32/libarch__arm__core__aarch32.a(swap_helper.S.obj)
                0x0000000000004170                z_arm_pendsv
 .text.z_arm_svc
                0x00000000000041c4       0x20 zephyr/arch/arch/arm/core/aarch32/libarch__arm__core__aarch32.a(swap_helper.S.obj)
                0x00000000000041c4                z_arm_svc
 .text.arch_new_thread
                0x00000000000041e4       0x38 zephyr/arch/arch/arm/core/aarch32/libarch__arm__core__aarch32.a(thread.c.obj)
                0x00000000000041e4                arch_new_thread
 .text.z_check_thread_stack_fail
                0x000000000000421c       0x2c zephyr/arch/arch/arm/core/aarch32/libarch__arm__core__aarch32.a(thread.c.obj)
                0x000000000000421c                z_check_thread_stack_fail
 .text.arch_switch_to_main_thread
                0x0000000000004248       0x2c zephyr/arch/arch/arm/core/aarch32/libarch__arm__core__aarch32.a(thread.c.obj)
                0x0000000000004248                arch_switch_to_main_thread
 .text._isr_wrapper
                0x0000000000004274       0x40 zephyr/arch/arch/arm/core/aarch32/libarch__arm__core__aarch32.a(isr_wrapper.S.obj)
                0x0000000000004274                _isr_wrapper
 .text._HandlerModeExit
                0x00000000000042b4       0x1c zephyr/arch/arch/arm/core/aarch32/cortex_m/libarch__arm__core__aarch32__cortex_m.a(exc_exit.S.obj)
                0x00000000000042b4                z_arm_int_exit
                0x00000000000042b4                z_arm_exc_exit
 .text.bus_fault.constprop.0
                0x00000000000042d0      0x130 zephyr/arch/arch/arm/core/aarch32/cortex_m/libarch__arm__core__aarch32__cortex_m.a(fault.c.obj)
 .text.usage_fault.constprop.0
                0x0000000000004400      0x104 zephyr/arch/arch/arm/core/aarch32/cortex_m/libarch__arm__core__aarch32__cortex_m.a(fault.c.obj)
 .text.mem_manage_fault
                0x0000000000004504      0x144 zephyr/arch/arch/arm/core/aarch32/cortex_m/libarch__arm__core__aarch32__cortex_m.a(fault.c.obj)
 .text.z_arm_fault
                0x0000000000004648      0x218 zephyr/arch/arch/arm/core/aarch32/cortex_m/libarch__arm__core__aarch32__cortex_m.a(fault.c.obj)
                0x0000000000004648                z_arm_fault
 .text.z_arm_fault_init
                0x0000000000004860       0x10 zephyr/arch/arch/arm/core/aarch32/cortex_m/libarch__arm__core__aarch32__cortex_m.a(fault.c.obj)
                0x0000000000004860                z_arm_fault_init
 .text.__fault  0x0000000000004870       0x14 zephyr/arch/arch/arm/core/aarch32/cortex_m/libarch__arm__core__aarch32__cortex_m.a(fault_s.S.obj)
                0x0000000000004870                z_arm_usage_fault
                0x0000000000004870                z_arm_mpu_fault
                0x0000000000004870                z_arm_exc_spurious
                0x0000000000004870                z_arm_debug_monitor
                0x0000000000004870                z_arm_hard_fault
                0x0000000000004870                z_arm_bus_fault
 .text.z_arm_interrupt_init
                0x0000000000004884       0x18 zephyr/arch/arch/arm/core/aarch32/cortex_m/libarch__arm__core__aarch32__cortex_m.a(irq_init.c.obj)
                0x0000000000004884                z_arm_interrupt_init
 .text._reset_section
                0x000000000000489c       0x54 zephyr/arch/arch/arm/core/aarch32/cortex_m/libarch__arm__core__aarch32__cortex_m.a(reset.S.obj)
                0x000000000000489c                __start
                0x000000000000489c                z_arm_reset
 .text.z_arm_clear_arm_mpu_config
                0x00000000000048f0       0x24 zephyr/arch/arch/arm/core/aarch32/cortex_m/libarch__arm__core__aarch32__cortex_m.a(scb.c.obj)
                0x00000000000048f0                z_arm_clear_arm_mpu_config
 .text.z_arm_init_arch_hw_at_boot
                0x0000000000004914       0x64 zephyr/arch/arch/arm/core/aarch32/cortex_m/libarch__arm__core__aarch32__cortex_m.a(scb.c.obj)
                0x0000000000004914                z_arm_init_arch_hw_at_boot
 .text.z_impl_k_thread_abort
                0x0000000000004978       0x2c zephyr/arch/arch/arm/core/aarch32/cortex_m/libarch__arm__core__aarch32__cortex_m.a(thread_abort.c.obj)
                0x0000000000004978                z_impl_k_thread_abort
 .text.z_arm_configure_static_mpu_regions
                0x00000000000049a4       0x18 zephyr/arch/arch/arm/core/aarch32/mpu/libarch__arm__core__aarch32__mpu.a(arm_core_mpu.c.obj)
                0x00000000000049a4                z_arm_configure_static_mpu_regions
 .text.z_arm_configure_dynamic_mpu_regions
                0x00000000000049bc       0x20 zephyr/arch/arch/arm/core/aarch32/mpu/libarch__arm__core__aarch32__mpu.a(arm_core_mpu.c.obj)
                0x00000000000049bc                z_arm_configure_dynamic_mpu_regions
 .text.mpu_configure_regions
                0x00000000000049dc       0xcc zephyr/arch/arch/arm/core/aarch32/mpu/libarch__arm__core__aarch32__mpu.a(arm_mpu.c.obj)
 .text.arm_core_mpu_enable
                0x0000000000004aa8       0x18 zephyr/arch/arch/arm/core/aarch32/mpu/libarch__arm__core__aarch32__mpu.a(arm_mpu.c.obj)
                0x0000000000004aa8                arm_core_mpu_enable
 .text.arm_core_mpu_disable
                0x0000000000004ac0       0x14 zephyr/arch/arch/arm/core/aarch32/mpu/libarch__arm__core__aarch32__mpu.a(arm_mpu.c.obj)
                0x0000000000004ac0                arm_core_mpu_disable
 .text.arm_core_mpu_configure_static_mpu_regions
                0x0000000000004ad4       0x14 zephyr/arch/arch/arm/core/aarch32/mpu/libarch__arm__core__aarch32__mpu.a(arm_mpu.c.obj)
                0x0000000000004ad4                arm_core_mpu_configure_static_mpu_regions
 .text.arm_core_mpu_configure_dynamic_mpu_regions
                0x0000000000004ae8       0x30 zephyr/arch/arch/arm/core/aarch32/mpu/libarch__arm__core__aarch32__mpu.a(arm_mpu.c.obj)
                0x0000000000004ae8                arm_core_mpu_configure_dynamic_mpu_regions
 .text.z_arm_mpu_init
                0x0000000000004b18       0x60 zephyr/arch/arch/arm/core/aarch32/mpu/libarch__arm__core__aarch32__mpu.a(arm_mpu.c.obj)
                0x0000000000004b18                z_arm_mpu_init
 .text.__stdout_hook_install
                0x0000000000004b78        0xc zephyr/lib/libc/minimal/liblib__libc__minimal.a(stdout_console.c.obj)
                0x0000000000004b78                __stdout_hook_install
 .text.sys_arch_reboot
                0x0000000000004b84       0x2c zephyr/soc/arm/nordic_nrf/nrf52/libsoc__arm__nordic_nrf__nrf52.a(soc.c.obj)
                0x0000000000004b84                sys_arch_reboot
 .text.arch_busy_wait
                0x0000000000004bb0       0x14 zephyr/soc/arm/nordic_nrf/nrf52/libsoc__arm__nordic_nrf__nrf52.a(soc.c.obj)
                0x0000000000004bb0                arch_busy_wait
 .text.hid_status_cb.part.0
                0x0000000000004bc4       0x2c zephyr/subsys/usb/device/class/hid/libsubsys__usb__device__class__hid.a(core.c.obj)
 .text.hid_status_cb
                0x0000000000004bf0      0x10c zephyr/subsys/usb/device/class/hid/libsubsys__usb__device__class__hid.a(core.c.obj)
 .text.hid_class_handle_req
                0x0000000000004cfc       0xb8 zephyr/subsys/usb/device/class/hid/libsubsys__usb__device__class__hid.a(core.c.obj)
 .text.hid_custom_handle_req
                0x0000000000004db4       0xb0 zephyr/subsys/usb/device/class/hid/libsubsys__usb__device__class__hid.a(core.c.obj)
 .text.hid_int_in.part.0
                0x0000000000004e64       0x2c zephyr/subsys/usb/device/class/hid/libsubsys__usb__device__class__hid.a(core.c.obj)
 .text.hid_int_in
                0x0000000000004e90       0x38 zephyr/subsys/usb/device/class/hid/libsubsys__usb__device__class__hid.a(core.c.obj)
 .text.usb_hid_register_device
                0x0000000000004ec8       0x2c zephyr/subsys/usb/device/class/hid/libsubsys__usb__device__class__hid.a(core.c.obj)
                0x0000000000004ec8                usb_hid_register_device
 .text.hid_int_ep_write
                0x0000000000004ef4       0x44 zephyr/subsys/usb/device/class/hid/libsubsys__usb__device__class__hid.a(core.c.obj)
                0x0000000000004ef4                hid_int_ep_write
 .text.endpoint_ctx
                0x0000000000004f38       0x60 zephyr/drivers/usb/device/libdrivers__usb__device.a(usb_dc_nrfx.c.obj)
 .text.usbd_work_schedule
                0x0000000000004f98       0x10 zephyr/drivers/usb/device/libdrivers__usb__device.a(usb_dc_nrfx.c.obj)
 .text.usbd_evt_put
                0x0000000000004fa8        0xc zephyr/drivers/usb/device/libdrivers__usb__device.a(usb_dc_nrfx.c.obj)
 .text.usbd_evt_get
                0x0000000000004fb4       0x10 zephyr/drivers/usb/device/libdrivers__usb__device.a(usb_dc_nrfx.c.obj)
 .text.usbd_evt_flush
                0x0000000000004fc4       0x1c zephyr/drivers/usb/device/libdrivers__usb__device.a(usb_dc_nrfx.c.obj)
 .text.usbd_evt_alloc
                0x0000000000004fe0       0x78 zephyr/drivers/usb/device/libdrivers__usb__device.a(usb_dc_nrfx.c.obj)
 .text.usb_dc_power_event_handler
                0x0000000000005058       0x5c zephyr/drivers/usb/device/libdrivers__usb__device.a(usb_dc_nrfx.c.obj)
 .text.usbd_event_transfer_data
                0x00000000000050b4       0xe0 zephyr/drivers/usb/device/libdrivers__usb__device.a(usb_dc_nrfx.c.obj)
 .text.usb_init
                0x0000000000005194       0x70 zephyr/drivers/usb/device/libdrivers__usb__device.a(usb_dc_nrfx.c.obj)
 .text.hfxo_stop.constprop.0.isra.0
                0x0000000000005204       0x40 zephyr/drivers/usb/device/libdrivers__usb__device.a(usb_dc_nrfx.c.obj)
 .text.usbd_event_handler
                0x0000000000005244      0x170 zephyr/drivers/usb/device/libdrivers__usb__device.a(usb_dc_nrfx.c.obj)
 .text.eps_ctx_init
                0x00000000000053b4       0x68 zephyr/drivers/usb/device/libdrivers__usb__device.a(usb_dc_nrfx.c.obj)
 .text.usbd_work_handler
                0x000000000000541c      0x3a4 zephyr/drivers/usb/device/libdrivers__usb__device.a(usb_dc_nrfx.c.obj)
 .text.usb_dc_attach
                0x00000000000057c0       0x64 zephyr/drivers/usb/device/libdrivers__usb__device.a(usb_dc_nrfx.c.obj)
                0x00000000000057c0                usb_dc_attach
 .text.usb_dc_set_address
                0x0000000000005824       0x24 zephyr/drivers/usb/device/libdrivers__usb__device.a(usb_dc_nrfx.c.obj)
                0x0000000000005824                usb_dc_set_address
 .text.usb_dc_ep_check_cap
                0x0000000000005848       0x64 zephyr/drivers/usb/device/libdrivers__usb__device.a(usb_dc_nrfx.c.obj)
                0x0000000000005848                usb_dc_ep_check_cap
 .text.usb_dc_ep_configure
                0x00000000000058ac       0x68 zephyr/drivers/usb/device/libdrivers__usb__device.a(usb_dc_nrfx.c.obj)
                0x00000000000058ac                usb_dc_ep_configure
 .text.usb_dc_ep_set_stall
                0x0000000000005914       0x74 zephyr/drivers/usb/device/libdrivers__usb__device.a(usb_dc_nrfx.c.obj)
                0x0000000000005914                usb_dc_ep_set_stall
 .text.usb_dc_ep_clear_stall
                0x0000000000005988       0x40 zephyr/drivers/usb/device/libdrivers__usb__device.a(usb_dc_nrfx.c.obj)
                0x0000000000005988                usb_dc_ep_clear_stall
 .text.usb_dc_ep_is_stalled
                0x00000000000059c8       0x38 zephyr/drivers/usb/device/libdrivers__usb__device.a(usb_dc_nrfx.c.obj)
                0x00000000000059c8                usb_dc_ep_is_stalled
 .text.usb_dc_ep_enable
                0x0000000000005a00       0x54 zephyr/drivers/usb/device/libdrivers__usb__device.a(usb_dc_nrfx.c.obj)
                0x0000000000005a00                usb_dc_ep_enable
 .text.usb_dc_ep_write
                0x0000000000005a54      0x144 zephyr/drivers/usb/device/libdrivers__usb__device.a(usb_dc_nrfx.c.obj)
                0x0000000000005a54                usb_dc_ep_write
 .text.usb_dc_ep_read_wait
                0x0000000000005b98       0xcc zephyr/drivers/usb/device/libdrivers__usb__device.a(usb_dc_nrfx.c.obj)
                0x0000000000005b98                usb_dc_ep_read_wait
 .text.usb_dc_ep_read_continue
                0x0000000000005c64       0xb0 zephyr/drivers/usb/device/libdrivers__usb__device.a(usb_dc_nrfx.c.obj)
                0x0000000000005c64                usb_dc_ep_read_continue
 .text.usb_dc_ep_set_callback
                0x0000000000005d14       0x28 zephyr/drivers/usb/device/libdrivers__usb__device.a(usb_dc_nrfx.c.obj)
                0x0000000000005d14                usb_dc_ep_set_callback
 .text.usb_dc_set_status_callback
                0x0000000000005d3c        0xc zephyr/drivers/usb/device/libdrivers__usb__device.a(usb_dc_nrfx.c.obj)
                0x0000000000005d3c                usb_dc_set_status_callback
 .text.usb_dc_ep_mps
                0x0000000000005d48       0x24 zephyr/drivers/usb/device/libdrivers__usb__device.a(usb_dc_nrfx.c.obj)
                0x0000000000005d48                usb_dc_ep_mps
 .text.onoff_stop
                0x0000000000005d6c       0x30 zephyr/drivers/clock_control/libdrivers__clock_control.a(clock_control_nrf.c.obj)
 .text.onoff_start
                0x0000000000005d9c       0x44 zephyr/drivers/clock_control/libdrivers__clock_control.a(clock_control_nrf.c.obj)
 .text.generic_hfclk_stop
                0x0000000000005de0       0x34 zephyr/drivers/clock_control/libdrivers__clock_control.a(clock_control_nrf.c.obj)
 .text.clk_init
                0x0000000000005e14       0x60 zephyr/drivers/clock_control/libdrivers__clock_control.a(clock_control_nrf.c.obj)
 .text.clkstarted_handle.constprop.0
                0x0000000000005e74       0x34 zephyr/drivers/clock_control/libdrivers__clock_control.a(clock_control_nrf.c.obj)
 .text.clock_event_handler
                0x0000000000005ea8       0x34 zephyr/drivers/clock_control/libdrivers__clock_control.a(clock_control_nrf.c.obj)
 .text.generic_hfclk_start
                0x0000000000005edc       0x64 zephyr/drivers/clock_control/libdrivers__clock_control.a(clock_control_nrf.c.obj)
 .text.api_blocking_start
                0x0000000000005f40       0x34 zephyr/drivers/clock_control/libdrivers__clock_control.a(clock_control_nrf.c.obj)
 .text.z_nrf_clock_control_get_onoff
                0x0000000000005f74       0x10 zephyr/drivers/clock_control/libdrivers__clock_control.a(clock_control_nrf.c.obj)
                0x0000000000005f74                z_nrf_clock_control_get_onoff
 .text.z_nrf_clock_control_lf_on
                0x0000000000005f84       0xb4 zephyr/drivers/clock_control/libdrivers__clock_control.a(clock_control_nrf.c.obj)
                0x0000000000005f84                z_nrf_clock_control_lf_on
 .text.start_cal_process
                0x0000000000006038       0x48 zephyr/drivers/clock_control/libdrivers__clock_control.a(nrf_clock_calibration.c.obj)
 .text.start_cycle
                0x0000000000006080       0x38 zephyr/drivers/clock_control/libdrivers__clock_control.a(nrf_clock_calibration.c.obj)
 .text.measure_temperature
                0x00000000000060b8       0x88 zephyr/drivers/clock_control/libdrivers__clock_control.a(nrf_clock_calibration.c.obj)
 .text.cal_hf_callback
                0x0000000000006140       0x2c zephyr/drivers/clock_control/libdrivers__clock_control.a(nrf_clock_calibration.c.obj)
 .text.z_nrf_clock_calibration_init
                0x000000000000616c       0x1c zephyr/drivers/clock_control/libdrivers__clock_control.a(nrf_clock_calibration.c.obj)
                0x000000000000616c                z_nrf_clock_calibration_init
 .text.z_nrf_clock_calibration_lfclk_started
                0x0000000000006188       0x10 zephyr/drivers/clock_control/libdrivers__clock_control.a(nrf_clock_calibration.c.obj)
                0x0000000000006188                z_nrf_clock_calibration_lfclk_started
 .text.z_nrf_clock_calibration_lfclk_stopped
                0x0000000000006198        0xc zephyr/drivers/clock_control/libdrivers__clock_control.a(nrf_clock_calibration.c.obj)
                0x0000000000006198                z_nrf_clock_calibration_lfclk_stopped
 .text.z_nrf_clock_calibration_done_handler
                0x00000000000061a4       0x10 zephyr/drivers/clock_control/libdrivers__clock_control.a(nrf_clock_calibration.c.obj)
                0x00000000000061a4                z_nrf_clock_calibration_done_handler
 .text.rtt_console_init
                0x00000000000061b4       0x18 zephyr/drivers/console/libdrivers__console.a(rtt_console.c.obj)
 .text.rtt_console_out
                0x00000000000061cc       0x54 zephyr/drivers/console/libdrivers__console.a(rtt_console.c.obj)
 .text.gpio_nrfx_pin_interrupt_configure
                0x0000000000006220       0xc8 zephyr/drivers/gpio/libdrivers__gpio.a(gpio_nrfx.c.obj)
 .text.gpio_nrfx_init
                0x00000000000062e8       0x38 zephyr/drivers/gpio/libdrivers__gpio.a(gpio_nrfx.c.obj)
 .text.nrfx_gpio_handler
                0x0000000000006320       0x3c zephyr/drivers/gpio/libdrivers__gpio.a(gpio_nrfx.c.obj)
 .text.gpio_nrfx_pin_configure
                0x000000000000635c      0x128 zephyr/drivers/gpio/libdrivers__gpio.a(gpio_nrfx.c.obj)
 .text.qdec_nrfx_channel_get
                0x0000000000006484       0x3c zephyr/drivers/sensor/qdec_nrfx/libdrivers__sensor__qdec_nrfx.a(qdec_nrfx.c.obj)
 .text.qdec_nrfx_trigger_set
                0x00000000000064c0       0x3c zephyr/drivers/sensor/qdec_nrfx/libdrivers__sensor__qdec_nrfx.a(qdec_nrfx.c.obj)
 .text.accumulate.constprop.0
                0x00000000000064fc       0x4c zephyr/drivers/sensor/qdec_nrfx/libdrivers__sensor__qdec_nrfx.a(qdec_nrfx.c.obj)
 .text.qdec_nrfx_event_handler
                0x0000000000006548       0x7c zephyr/drivers/sensor/qdec_nrfx/libdrivers__sensor__qdec_nrfx.a(qdec_nrfx.c.obj)
 .text.qdec_nrfx_init.part.0
                0x00000000000065c4       0x88 zephyr/drivers/sensor/qdec_nrfx/libdrivers__sensor__qdec_nrfx.a(qdec_nrfx.c.obj)
 .text.qdec_nrfx_init
                0x000000000000664c       0x44 zephyr/drivers/sensor/qdec_nrfx/libdrivers__sensor__qdec_nrfx.a(qdec_nrfx.c.obj)
 .text.hfclk_on_callback
                0x0000000000006690        0xc zephyr/drivers/sensor/nrf5/libdrivers__sensor__nrf5.a(temp_nrf5.c.obj)
 .text.temp_nrf5_channel_get
                0x000000000000669c       0x2c zephyr/drivers/sensor/nrf5/libdrivers__sensor__nrf5.a(temp_nrf5.c.obj)
 .text.temp_nrf5_isr
                0x00000000000066c8       0x18 zephyr/drivers/sensor/nrf5/libdrivers__sensor__nrf5.a(temp_nrf5.c.obj)
 .text.temp_nrf5_sample_fetch
                0x00000000000066e0       0x78 zephyr/drivers/sensor/nrf5/libdrivers__sensor__nrf5.a(temp_nrf5.c.obj)
 .text.temp_nrf5_init
                0x0000000000006758       0x40 zephyr/drivers/sensor/nrf5/libdrivers__sensor__nrf5.a(temp_nrf5.c.obj)
 .text.spi_nrfx_init
                0x0000000000006798       0xdc zephyr/drivers/spi/libdrivers__spi.a(spi_nrfx_spim.c.obj)
 .text.transfer_next_chunk
                0x0000000000006874       0x98 zephyr/drivers/spi/libdrivers__spi.a(spi_nrfx_spim.c.obj)
 .text.event_handler
                0x000000000000690c       0xd8 zephyr/drivers/spi/libdrivers__spi.a(spi_nrfx_spim.c.obj)
 .text.spi_nrfx_transceive
                0x00000000000069e4      0x368 zephyr/drivers/spi/libdrivers__spi.a(spi_nrfx_spim.c.obj)
 .text.compare_int_lock
                0x0000000000006d4c       0x48 zephyr/drivers/timer/libdrivers__timer.a(nrf_rtc_timer.c.obj)
 .text.sys_clock_timeout_handler
                0x0000000000006d94       0x48 zephyr/drivers/timer/libdrivers__timer.a(nrf_rtc_timer.c.obj)
 .text.compare_int_unlock
                0x0000000000006ddc       0x5c zephyr/drivers/timer/libdrivers__timer.a(nrf_rtc_timer.c.obj)
 .text.z_nrf_rtc_timer_read
                0x0000000000006e38       0x44 zephyr/drivers/timer/libdrivers__timer.a(nrf_rtc_timer.c.obj)
                0x0000000000006e38                z_nrf_rtc_timer_read
 .text.compare_set
                0x0000000000006e7c      0x11c zephyr/drivers/timer/libdrivers__timer.a(nrf_rtc_timer.c.obj)
 .text.sys_clock_driver_init
                0x0000000000006f98       0x8c zephyr/drivers/timer/libdrivers__timer.a(nrf_rtc_timer.c.obj)
 .text.rtc_nrf_isr
                0x0000000000007024       0xc4 zephyr/drivers/timer/libdrivers__timer.a(nrf_rtc_timer.c.obj)
                0x0000000000007024                rtc_nrf_isr
 .text.sys_clock_set_timeout
                0x00000000000070e8       0x64 zephyr/drivers/timer/libdrivers__timer.a(nrf_rtc_timer.c.obj)
                0x00000000000070e8                sys_clock_set_timeout
 .text.sys_clock_elapsed
                0x000000000000714c       0x14 zephyr/drivers/timer/libdrivers__timer.a(nrf_rtc_timer.c.obj)
                0x000000000000714c                sys_clock_elapsed
 .text.k_sys_fatal_error_handler
                0x0000000000007160       0x2c modules/nrf/lib/fatal_error/lib..__nrf__lib__fatal_error.a(fatal_error.c.obj)
                0x0000000000007160                k_sys_fatal_error_handler
 .text.update_radio_bitrate
                0x000000000000718c       0x3c modules/nrf/subsys/esb/lib..__nrf__subsys__esb.a(esb.c.obj)
 .text.reset_fifos
                0x00000000000071c8       0x1c modules/nrf/subsys/esb/lib..__nrf__subsys__esb.a(esb.c.obj)
 .text.esb_timer_handler
                0x00000000000071e4       0x1c modules/nrf/subsys/esb/lib..__nrf__subsys__esb.a(esb.c.obj)
 .text.esb_fem_for_tx_set
                0x0000000000007200       0x3c modules/nrf/subsys/esb/lib..__nrf__subsys__esb.a(esb.c.obj)
 .text.esb_fem_reset
                0x000000000000723c       0x28 modules/nrf/subsys/esb/lib..__nrf__subsys__esb.a(esb.c.obj)
 .text.update_radio_tx_power
                0x0000000000007264       0x3c modules/nrf/subsys/esb/lib..__nrf__subsys__esb.a(esb.c.obj)
 .text.update_radio_addresses.part.0
                0x00000000000072a0       0x24 modules/nrf/subsys/esb/lib..__nrf__subsys__esb.a(esb.c.obj)
 .text.tx_fifo_remove_last.part.0
                0x00000000000072c4       0x34 modules/nrf/subsys/esb/lib..__nrf__subsys__esb.a(esb.c.obj)
 .text.rx_fifo_push_rfbuf.part.0
                0x00000000000072f8       0xa4 modules/nrf/subsys/esb/lib..__nrf__subsys__esb.a(esb.c.obj)
 .text.nrf_radio_packet_configure.constprop.0
                0x000000000000739c       0x58 modules/nrf/subsys/esb/lib..__nrf__subsys__esb.a(esb.c.obj)
 .text.update_rf_payload_format_esb
                0x00000000000073f4       0x40 modules/nrf/subsys/esb/lib..__nrf__subsys__esb.a(esb.c.obj)
 .text.update_rf_payload_format_esb_dpl
                0x0000000000007434       0x44 modules/nrf/subsys/esb/lib..__nrf__subsys__esb.a(esb.c.obj)
 .text.RADIO_IRQHandler
                0x0000000000007478       0x44 modules/nrf/subsys/esb/lib..__nrf__subsys__esb.a(esb.c.obj)
                0x0000000000007478                RADIO_IRQHandler
 .text.start_tx_transaction
                0x00000000000074bc      0x1a4 modules/nrf/subsys/esb/lib..__nrf__subsys__esb.a(esb.c.obj)
 .text.SWI0_EGU0_IRQHandler
                0x0000000000007660       0x84 modules/nrf/subsys/esb/lib..__nrf__subsys__esb.a(esb.c.obj)
                0x0000000000007660                SWI0_EGU0_IRQHandler
 .text.on_radio_disabled_tx_noack
                0x00000000000076e4       0x70 modules/nrf/subsys/esb/lib..__nrf__subsys__esb.a(esb.c.obj)
 .text.esb_fem_for_rx_ack
                0x0000000000007754       0x30 modules/nrf/subsys/esb/lib..__nrf__subsys__esb.a(esb.c.obj)
                0x0000000000007754                esb_fem_for_rx_ack
 .text.on_radio_disabled_tx
                0x0000000000007784       0xb8 modules/nrf/subsys/esb/lib..__nrf__subsys__esb.a(esb.c.obj)
 .text.esb_fem_for_tx_retry
                0x000000000000783c       0x38 modules/nrf/subsys/esb/lib..__nrf__subsys__esb.a(esb.c.obj)
                0x000000000000783c                esb_fem_for_tx_retry
 .text.esb_fem_for_tx_retry_clear
                0x0000000000007874       0x2c modules/nrf/subsys/esb/lib..__nrf__subsys__esb.a(esb.c.obj)
                0x0000000000007874                esb_fem_for_tx_retry_clear
 .text.on_radio_disabled_tx_wait_for_ack
                0x00000000000078a0      0x18c modules/nrf/subsys/esb/lib..__nrf__subsys__esb.a(esb.c.obj)
 .text.esb_disable
                0x0000000000007a2c       0x74 modules/nrf/subsys/esb/lib..__nrf__subsys__esb.a(esb.c.obj)
                0x0000000000007a2c                esb_disable
 .text.esb_init
                0x0000000000007aa0      0x25c modules/nrf/subsys/esb/lib..__nrf__subsys__esb.a(esb.c.obj)
                0x0000000000007aa0                esb_init
 .text.esb_write_payload
                0x0000000000007cfc      0x14c modules/nrf/subsys/esb/lib..__nrf__subsys__esb.a(esb.c.obj)
                0x0000000000007cfc                esb_write_payload
 .text.esb_read_rx_payload
                0x0000000000007e48       0xa0 modules/nrf/subsys/esb/lib..__nrf__subsys__esb.a(esb.c.obj)
                0x0000000000007e48                esb_read_rx_payload
 .text.esb_flush_tx
                0x0000000000007ee8       0x38 modules/nrf/subsys/esb/lib..__nrf__subsys__esb.a(esb.c.obj)
                0x0000000000007ee8                esb_flush_tx
 .text.esb_set_base_address_0
                0x0000000000007f20       0x44 modules/nrf/subsys/esb/lib..__nrf__subsys__esb.a(esb.c.obj)
                0x0000000000007f20                esb_set_base_address_0
 .text.esb_set_base_address_1
                0x0000000000007f64       0x44 modules/nrf/subsys/esb/lib..__nrf__subsys__esb.a(esb.c.obj)
                0x0000000000007f64                esb_set_base_address_1
 .text.esb_set_prefixes
                0x0000000000007fa8       0x4c modules/nrf/subsys/esb/lib..__nrf__subsys__esb.a(esb.c.obj)
                0x0000000000007fa8                esb_set_prefixes
 .text.esb_ppi_for_fem_set
                0x0000000000007ff4       0x38 modules/nrf/subsys/esb/lib..__nrf__subsys__esb.a(esb_ppi.c.obj)
                0x0000000000007ff4                esb_ppi_for_fem_set
 .text.esb_ppi_for_fem_clear
                0x000000000000802c       0x2c modules/nrf/subsys/esb/lib..__nrf__subsys__esb.a(esb_ppi.c.obj)
                0x000000000000802c                esb_ppi_for_fem_clear
 .text.esb_ppi_for_txrx_set
                0x0000000000008058       0xd8 modules/nrf/subsys/esb/lib..__nrf__subsys__esb.a(esb_ppi.c.obj)
                0x0000000000008058                esb_ppi_for_txrx_set
 .text.esb_ppi_for_txrx_clear
                0x0000000000008130       0xbc modules/nrf/subsys/esb/lib..__nrf__subsys__esb.a(esb_ppi.c.obj)
                0x0000000000008130                esb_ppi_for_txrx_clear
 .text.esb_ppi_for_retransmission_set
                0x00000000000081ec       0x74 modules/nrf/subsys/esb/lib..__nrf__subsys__esb.a(esb_ppi.c.obj)
                0x00000000000081ec                esb_ppi_for_retransmission_set
 .text.esb_ppi_for_retransmission_clear
                0x0000000000008260       0x4c modules/nrf/subsys/esb/lib..__nrf__subsys__esb.a(esb_ppi.c.obj)
                0x0000000000008260                esb_ppi_for_retransmission_clear
 .text.esb_ppi_for_wait_for_ack_set
                0x00000000000082ac       0x64 modules/nrf/subsys/esb/lib..__nrf__subsys__esb.a(esb_ppi.c.obj)
                0x00000000000082ac                esb_ppi_for_wait_for_ack_set
 .text.esb_ppi_for_wait_for_ack_clear
                0x0000000000008310       0x4c modules/nrf/subsys/esb/lib..__nrf__subsys__esb.a(esb_ppi.c.obj)
                0x0000000000008310                esb_ppi_for_wait_for_ack_clear
 .text.esb_ppi_init
                0x000000000000835c       0xd4 modules/nrf/subsys/esb/lib..__nrf__subsys__esb.a(esb_ppi.c.obj)
                0x000000000000835c                esb_ppi_init
 .text.esb_ppi_radio_disabled_get
                0x0000000000008430        0x8 modules/nrf/subsys/esb/lib..__nrf__subsys__esb.a(esb_ppi.c.obj)
                0x0000000000008430                esb_ppi_radio_disabled_get
 .text.esb_ppi_disable_all
                0x0000000000008438       0x54 modules/nrf/subsys/esb/lib..__nrf__subsys__esb.a(esb_ppi.c.obj)
                0x0000000000008438                esb_ppi_disable_all
 .text.esb_ppi_deinit
                0x000000000000848c       0x84 modules/nrf/subsys/esb/lib..__nrf__subsys__esb.a(esb_ppi.c.obj)
                0x000000000000848c                esb_ppi_deinit
 .text.irq_handler
                0x0000000000008510       0x4c modules/nrf/drivers/sensor/pmw3360/lib..__nrf__drivers__sensor__pmw3360.a(pmw3360.c.obj)
 .text.pmw3360_async_init
                0x000000000000855c       0xa0 modules/nrf/drivers/sensor/pmw3360/lib..__nrf__drivers__sensor__pmw3360.a(pmw3360.c.obj)
 .text.trigger_handler
                0x00000000000085fc       0x98 modules/nrf/drivers/sensor/pmw3360/lib..__nrf__drivers__sensor__pmw3360.a(pmw3360.c.obj)
 .text.spi_cs_ctrl.isra.0
                0x0000000000008694       0x64 modules/nrf/drivers/sensor/pmw3360/lib..__nrf__drivers__sensor__pmw3360.a(pmw3360.c.obj)
 .text.reg_write
                0x00000000000086f8       0x8c modules/nrf/drivers/sensor/pmw3360/lib..__nrf__drivers__sensor__pmw3360.a(pmw3360.c.obj)
 .text.update_cpi
                0x0000000000008784       0x78 modules/nrf/drivers/sensor/pmw3360/lib..__nrf__drivers__sensor__pmw3360.a(pmw3360.c.obj)
 .text.update_downshift_time
                0x00000000000087fc       0xb8 modules/nrf/drivers/sensor/pmw3360/lib..__nrf__drivers__sensor__pmw3360.a(pmw3360.c.obj)
 .text.pmw3360_async_init_configure
                0x00000000000088b4       0x40 modules/nrf/drivers/sensor/pmw3360/lib..__nrf__drivers__sensor__pmw3360.a(pmw3360.c.obj)
 .text.update_sample_time
                0x00000000000088f4       0x84 modules/nrf/drivers/sensor/pmw3360/lib..__nrf__drivers__sensor__pmw3360.a(pmw3360.c.obj)
 .text.pmw3360_async_init_fw_load_continue
                0x0000000000008978      0x10c modules/nrf/drivers/sensor/pmw3360/lib..__nrf__drivers__sensor__pmw3360.a(pmw3360.c.obj)
 .text.reg_read
                0x0000000000008a84       0xa8 modules/nrf/drivers/sensor/pmw3360/lib..__nrf__drivers__sensor__pmw3360.a(pmw3360.c.obj)
 .text.pmw3360_async_init_fw_load_verify
                0x0000000000008b2c       0x9c modules/nrf/drivers/sensor/pmw3360/lib..__nrf__drivers__sensor__pmw3360.a(pmw3360.c.obj)
 .text.pmw3360_async_init_fw_load_start
                0x0000000000008bc8       0x74 modules/nrf/drivers/sensor/pmw3360/lib..__nrf__drivers__sensor__pmw3360.a(pmw3360.c.obj)
 .text.pmw3360_attr_set
                0x0000000000008c3c       0xf4 modules/nrf/drivers/sensor/pmw3360/lib..__nrf__drivers__sensor__pmw3360.a(pmw3360.c.obj)
 .text.pmw3360_sample_fetch
                0x0000000000008d30       0xe4 modules/nrf/drivers/sensor/pmw3360/lib..__nrf__drivers__sensor__pmw3360.a(pmw3360.c.obj)
 .text.pmw3360_init
                0x0000000000008e14      0x130 modules/nrf/drivers/sensor/pmw3360/lib..__nrf__drivers__sensor__pmw3360.a(pmw3360.c.obj)
 .text.nvmc_wait
                0x0000000000008f44       0x10 modules/hal_nordic/nrfx/libmodules__hal_nordic__nrfx.a(system_nrf52820.c.obj)
                0x0000000000008f44                nvmc_wait
 .text.SystemInit
                0x0000000000008f54      0x158 modules/hal_nordic/nrfx/libmodules__hal_nordic__nrfx.a(system_nrf52820.c.obj)
                0x0000000000008f54                SystemInit
 .text.nrfx_flag32_alloc
                0x00000000000090ac       0x40 modules/hal_nordic/nrfx/libmodules__hal_nordic__nrfx.a(nrfx_flag32_allocator.c.obj)
                0x00000000000090ac                nrfx_flag32_alloc
 .text.nrfx_flag32_free
                0x00000000000090ec       0x40 modules/hal_nordic/nrfx/libmodules__hal_nordic__nrfx.a(nrfx_flag32_allocator.c.obj)
                0x00000000000090ec                nrfx_flag32_free
 .text.nrfx_clock_init
                0x000000000000912c       0x24 modules/hal_nordic/nrfx/libmodules__hal_nordic__nrfx.a(nrfx_clock.c.obj)
                0x000000000000912c                nrfx_clock_init
 .text.nrfx_clock_enable
                0x0000000000009150       0x24 modules/hal_nordic/nrfx/libmodules__hal_nordic__nrfx.a(nrfx_clock.c.obj)
                0x0000000000009150                nrfx_clock_enable
 .text.nrfx_clock_calibration_start
                0x0000000000009174       0x58 modules/hal_nordic/nrfx/libmodules__hal_nordic__nrfx.a(nrfx_clock.c.obj)
                0x0000000000009174                nrfx_clock_calibration_start
 .text.nrfx_clock_irq_handler
                0x00000000000091cc       0x7c modules/hal_nordic/nrfx/libmodules__hal_nordic__nrfx.a(nrfx_clock.c.obj)
                0x00000000000091cc                nrfx_clock_irq_handler
 .text.pin_in_use_by_te
                0x0000000000009248       0x14 modules/hal_nordic/nrfx/libmodules__hal_nordic__nrfx.a(nrfx_gpiote.c.obj)
 .text.call_handler
                0x000000000000925c       0x3c modules/hal_nordic/nrfx/libmodules__hal_nordic__nrfx.a(nrfx_gpiote.c.obj)
 .text.release_handler
                0x0000000000009298       0x54 modules/hal_nordic/nrfx/libmodules__hal_nordic__nrfx.a(nrfx_gpiote.c.obj)
 .text.pin_handler_trigger_uninit
                0x00000000000092ec       0x38 modules/hal_nordic/nrfx/libmodules__hal_nordic__nrfx.a(nrfx_gpiote.c.obj)
 .text.nrfx_gpiote_input_configure
                0x0000000000009324      0x15c modules/hal_nordic/nrfx/libmodules__hal_nordic__nrfx.a(nrfx_gpiote.c.obj)
                0x0000000000009324                nrfx_gpiote_input_configure
 .text.nrfx_gpiote_output_configure
                0x0000000000009480       0xfc modules/hal_nordic/nrfx/libmodules__hal_nordic__nrfx.a(nrfx_gpiote.c.obj)
                0x0000000000009480                nrfx_gpiote_output_configure
 .text.nrfx_gpiote_global_callback_set
                0x000000000000957c        0xc modules/hal_nordic/nrfx/libmodules__hal_nordic__nrfx.a(nrfx_gpiote.c.obj)
                0x000000000000957c                nrfx_gpiote_global_callback_set
 .text.nrfx_gpiote_channel_get
                0x0000000000009588       0x2c modules/hal_nordic/nrfx/libmodules__hal_nordic__nrfx.a(nrfx_gpiote.c.obj)
                0x0000000000009588                nrfx_gpiote_channel_get
 .text.nrfx_gpiote_init
                0x00000000000095b4       0x50 modules/hal_nordic/nrfx/libmodules__hal_nordic__nrfx.a(nrfx_gpiote.c.obj)
                0x00000000000095b4                nrfx_gpiote_init
 .text.nrfx_gpiote_is_init
                0x0000000000009604       0x14 modules/hal_nordic/nrfx/libmodules__hal_nordic__nrfx.a(nrfx_gpiote.c.obj)
                0x0000000000009604                nrfx_gpiote_is_init
 .text.nrfx_gpiote_channel_free
                0x0000000000009618        0xc modules/hal_nordic/nrfx/libmodules__hal_nordic__nrfx.a(nrfx_gpiote.c.obj)
                0x0000000000009618                nrfx_gpiote_channel_free
 .text.nrfx_gpiote_channel_alloc
                0x0000000000009624        0xc modules/hal_nordic/nrfx/libmodules__hal_nordic__nrfx.a(nrfx_gpiote.c.obj)
                0x0000000000009624                nrfx_gpiote_channel_alloc
 .text.nrfx_gpiote_trigger_enable
                0x0000000000009630       0x88 modules/hal_nordic/nrfx/libmodules__hal_nordic__nrfx.a(nrfx_gpiote.c.obj)
                0x0000000000009630                nrfx_gpiote_trigger_enable
 .text.nrfx_gpiote_trigger_disable
                0x00000000000096b8       0x50 modules/hal_nordic/nrfx/libmodules__hal_nordic__nrfx.a(nrfx_gpiote.c.obj)
                0x00000000000096b8                nrfx_gpiote_trigger_disable
 .text.nrfx_gpiote_pin_uninit
                0x0000000000009708       0x44 modules/hal_nordic/nrfx/libmodules__hal_nordic__nrfx.a(nrfx_gpiote.c.obj)
                0x0000000000009708                nrfx_gpiote_pin_uninit
 .text.nrfx_gpiote_irq_handler
                0x000000000000974c      0x154 modules/hal_nordic/nrfx/libmodules__hal_nordic__nrfx.a(nrfx_gpiote.c.obj)
                0x000000000000974c                nrfx_gpiote_irq_handler
 .text.nrfx_power_init
                0x00000000000098a0       0x3c modules/hal_nordic/nrfx/libmodules__hal_nordic__nrfx.a(nrfx_power.c.obj)
                0x00000000000098a0                nrfx_power_init
 .text.nrfx_power_usbevt_uninit
                0x00000000000098dc       0x18 modules/hal_nordic/nrfx/libmodules__hal_nordic__nrfx.a(nrfx_power.c.obj)
                0x00000000000098dc                nrfx_power_usbevt_uninit
 .text.nrfx_power_usbevt_init
                0x00000000000098f4       0x14 modules/hal_nordic/nrfx/libmodules__hal_nordic__nrfx.a(nrfx_power.c.obj)
                0x00000000000098f4                nrfx_power_usbevt_init
 .text.nrfx_power_irq_handler
                0x0000000000009908       0xa0 modules/hal_nordic/nrfx/libmodules__hal_nordic__nrfx.a(nrfx_power.c.obj)
                0x0000000000009908                nrfx_power_irq_handler
 .text.nrfx_ppi_channel_alloc
                0x00000000000099a8        0xc modules/hal_nordic/nrfx/libmodules__hal_nordic__nrfx.a(nrfx_ppi.c.obj)
                0x00000000000099a8                nrfx_ppi_channel_alloc
 .text.nrfx_ppi_channel_free
                0x00000000000099b4       0x28 modules/hal_nordic/nrfx/libmodules__hal_nordic__nrfx.a(nrfx_ppi.c.obj)
                0x00000000000099b4                nrfx_ppi_channel_free
 .text.nrfx_ppi_group_alloc
                0x00000000000099dc        0xc modules/hal_nordic/nrfx/libmodules__hal_nordic__nrfx.a(nrfx_ppi.c.obj)
                0x00000000000099dc                nrfx_ppi_group_alloc
 .text.nrfx_ppi_group_free
                0x00000000000099e8       0x1c modules/hal_nordic/nrfx/libmodules__hal_nordic__nrfx.a(nrfx_ppi.c.obj)
                0x00000000000099e8                nrfx_ppi_group_free
 .text.nrfx_qdec_irq_handler
                0x0000000000009a04       0xb4 modules/hal_nordic/nrfx/libmodules__hal_nordic__nrfx.a(nrfx_qdec.c.obj)
                0x0000000000009a04                nrfx_qdec_irq_handler
 .text.nrfx_qdec_init
                0x0000000000009ab8       0xdc modules/hal_nordic/nrfx/libmodules__hal_nordic__nrfx.a(nrfx_qdec.c.obj)
                0x0000000000009ab8                nrfx_qdec_init
 .text.nrfx_qdec_enable
                0x0000000000009b94       0x1c modules/hal_nordic/nrfx/libmodules__hal_nordic__nrfx.a(nrfx_qdec.c.obj)
                0x0000000000009b94                nrfx_qdec_enable
 .text.nrfx_qdec_accumulators_read
                0x0000000000009bb0       0x18 modules/hal_nordic/nrfx/libmodules__hal_nordic__nrfx.a(nrfx_qdec.c.obj)
                0x0000000000009bb0                nrfx_qdec_accumulators_read
 .text.nrfx_spim_init
                0x0000000000009bc8      0x15c modules/hal_nordic/nrfx/libmodules__hal_nordic__nrfx.a(nrfx_spim.c.obj)
                0x0000000000009bc8                nrfx_spim_init
 .text.nrfx_spim_uninit
                0x0000000000009d24       0x90 modules/hal_nordic/nrfx/libmodules__hal_nordic__nrfx.a(nrfx_spim.c.obj)
                0x0000000000009d24                nrfx_spim_uninit
 .text.nrfx_spim_xfer
                0x0000000000009db4       0xf8 modules/hal_nordic/nrfx/libmodules__hal_nordic__nrfx.a(nrfx_spim.c.obj)
                0x0000000000009db4                nrfx_spim_xfer
 .text.nrfx_spim_0_irq_handler
                0x0000000000009eac       0x3c modules/hal_nordic/nrfx/libmodules__hal_nordic__nrfx.a(nrfx_spim.c.obj)
                0x0000000000009eac                nrfx_spim_0_irq_handler
 .text.nrfx_timer_init
                0x0000000000009ee8       0x94 modules/hal_nordic/nrfx/libmodules__hal_nordic__nrfx.a(nrfx_timer.c.obj)
                0x0000000000009ee8                nrfx_timer_init
 .text.nrfx_timer_disable
                0x0000000000009f7c       0x18 modules/hal_nordic/nrfx/libmodules__hal_nordic__nrfx.a(nrfx_timer.c.obj)
                0x0000000000009f7c                nrfx_timer_disable
 .text.nrfx_timer_uninit
                0x0000000000009f94       0x3c modules/hal_nordic/nrfx/libmodules__hal_nordic__nrfx.a(nrfx_timer.c.obj)
                0x0000000000009f94                nrfx_timer_uninit
 .text.nrfx_timer_2_irq_handler
                0x0000000000009fd0       0x50 modules/hal_nordic/nrfx/libmodules__hal_nordic__nrfx.a(nrfx_timer.c.obj)
                0x0000000000009fd0                nrfx_timer_2_irq_handler
 .text.ep_state_access
                0x000000000000a020       0x1c modules/hal_nordic/nrfx/libmodules__hal_nordic__nrfx.a(nrfx_usbd.c.obj)
 .text.ev_usbreset_handler
                0x000000000000a03c       0x2c modules/hal_nordic/nrfx/libmodules__hal_nordic__nrfx.a(nrfx_usbd.c.obj)
 .text.ev_usbevent_handler
                0x000000000000a068       0x74 modules/hal_nordic/nrfx/libmodules__hal_nordic__nrfx.a(nrfx_usbd.c.obj)
 .text.usbd_errata_187_211_begin
                0x000000000000a0dc       0x40 modules/hal_nordic/nrfx/libmodules__hal_nordic__nrfx.a(nrfx_usbd.c.obj)
 .text.usbd_errata_187_211_end
                0x000000000000a11c       0x40 modules/hal_nordic/nrfx/libmodules__hal_nordic__nrfx.a(nrfx_usbd.c.obj)
 .text.nrfx_usbd_feeder_flash
                0x000000000000a15c       0x38 modules/hal_nordic/nrfx/libmodules__hal_nordic__nrfx.a(nrfx_usbd.c.obj)
                0x000000000000a15c                nrfx_usbd_feeder_flash
 .text.nrfx_usbd_feeder_flash_zlp
                0x000000000000a194       0x3c modules/hal_nordic/nrfx/libmodules__hal_nordic__nrfx.a(nrfx_usbd.c.obj)
                0x000000000000a194                nrfx_usbd_feeder_flash_zlp
 .text.ev_sof_handler
                0x000000000000a1d0       0x44 modules/hal_nordic/nrfx/libmodules__hal_nordic__nrfx.a(nrfx_usbd.c.obj)
 .text.atomic_and.constprop.0.isra.0
                0x000000000000a214       0x20 modules/hal_nordic/nrfx/libmodules__hal_nordic__nrfx.a(nrfx_usbd.c.obj)
 .text.nrf_usbd_epin_dma_handler
                0x000000000000a234       0x38 modules/hal_nordic/nrfx/libmodules__hal_nordic__nrfx.a(nrfx_usbd.c.obj)
 .text.nrf_usbd_ep0in_dma_handler
                0x000000000000a26c       0x2c modules/hal_nordic/nrfx/libmodules__hal_nordic__nrfx.a(nrfx_usbd.c.obj)
 .text.usbd_ep_data_handler
                0x000000000000a298       0x8c modules/hal_nordic/nrfx/libmodules__hal_nordic__nrfx.a(nrfx_usbd.c.obj)
 .text.ev_setup_data_handler
                0x000000000000a324       0x1c modules/hal_nordic/nrfx/libmodules__hal_nordic__nrfx.a(nrfx_usbd.c.obj)
 .text.ev_dma_epout8_handler
                0x000000000000a340       0x48 modules/hal_nordic/nrfx/libmodules__hal_nordic__nrfx.a(nrfx_usbd.c.obj)
 .text.ev_dma_epin8_handler
                0x000000000000a388       0x54 modules/hal_nordic/nrfx/libmodules__hal_nordic__nrfx.a(nrfx_usbd.c.obj)
 .text.usbd_enable
                0x000000000000a3dc       0x4c modules/hal_nordic/nrfx/libmodules__hal_nordic__nrfx.a(nrfx_usbd.c.obj)
 .text.nrfx_usbd_uninit
                0x000000000000a428       0x14 modules/hal_nordic/nrfx/libmodules__hal_nordic__nrfx.a(nrfx_usbd.c.obj)
                0x000000000000a428                nrfx_usbd_uninit
 .text.nrfx_usbd_enable
                0x000000000000a43c       0xa0 modules/hal_nordic/nrfx/libmodules__hal_nordic__nrfx.a(nrfx_usbd.c.obj)
                0x000000000000a43c                nrfx_usbd_enable
 .text.nrfx_usbd_start
                0x000000000000a4dc       0x3c modules/hal_nordic/nrfx/libmodules__hal_nordic__nrfx.a(nrfx_usbd.c.obj)
                0x000000000000a4dc                nrfx_usbd_start
 .text.nrfx_usbd_is_enabled
                0x000000000000a518       0x14 modules/hal_nordic/nrfx/libmodules__hal_nordic__nrfx.a(nrfx_usbd.c.obj)
                0x000000000000a518                nrfx_usbd_is_enabled
 .text.nrfx_usbd_suspend
                0x000000000000a52c       0x58 modules/hal_nordic/nrfx/libmodules__hal_nordic__nrfx.a(nrfx_usbd.c.obj)
                0x000000000000a52c                nrfx_usbd_suspend
 .text.nrfx_usbd_init
                0x000000000000a584       0x84 modules/hal_nordic/nrfx/libmodules__hal_nordic__nrfx.a(nrfx_usbd.c.obj)
                0x000000000000a584                nrfx_usbd_init
 .text.nrfx_usbd_ep_transfer
                0x000000000000a608       0xf4 modules/hal_nordic/nrfx/libmodules__hal_nordic__nrfx.a(nrfx_usbd.c.obj)
                0x000000000000a608                nrfx_usbd_ep_transfer
 .text.nrfx_usbd_epout_size_get
                0x000000000000a6fc       0x28 modules/hal_nordic/nrfx/libmodules__hal_nordic__nrfx.a(nrfx_usbd.c.obj)
                0x000000000000a6fc                nrfx_usbd_epout_size_get
 .text.usbd_dmareq_process
                0x000000000000a724      0x174 modules/hal_nordic/nrfx/libmodules__hal_nordic__nrfx.a(nrfx_usbd.c.obj)
 .text.ev_epdata_handler
                0x000000000000a898       0x44 modules/hal_nordic/nrfx/libmodules__hal_nordic__nrfx.a(nrfx_usbd.c.obj)
 .text.nrf_usbd_epout_dma_handler
                0x000000000000a8dc       0x68 modules/hal_nordic/nrfx/libmodules__hal_nordic__nrfx.a(nrfx_usbd.c.obj)
 .text.nrfx_usbd_ep_stall
                0x000000000000a944       0x10 modules/hal_nordic/nrfx/libmodules__hal_nordic__nrfx.a(nrfx_usbd.c.obj)
                0x000000000000a944                nrfx_usbd_ep_stall
 .text.nrfx_usbd_ep_stall_check
                0x000000000000a954       0x34 modules/hal_nordic/nrfx/libmodules__hal_nordic__nrfx.a(nrfx_usbd.c.obj)
                0x000000000000a954                nrfx_usbd_ep_stall_check
 .text.nrfx_usbd_ep_dtoggle_clear
                0x000000000000a988       0x18 modules/hal_nordic/nrfx/libmodules__hal_nordic__nrfx.a(nrfx_usbd.c.obj)
                0x000000000000a988                nrfx_usbd_ep_dtoggle_clear
 .text.nrfx_usbd_setup_get
                0x000000000000a9a0       0x4c modules/hal_nordic/nrfx/libmodules__hal_nordic__nrfx.a(nrfx_usbd.c.obj)
                0x000000000000a9a0                nrfx_usbd_setup_get
 .text.nrfx_usbd_setup_data_clear
                0x000000000000a9ec       0x10 modules/hal_nordic/nrfx/libmodules__hal_nordic__nrfx.a(nrfx_usbd.c.obj)
                0x000000000000a9ec                nrfx_usbd_setup_data_clear
 .text.ev_dma_epout0_handler
                0x000000000000a9fc       0x58 modules/hal_nordic/nrfx/libmodules__hal_nordic__nrfx.a(nrfx_usbd.c.obj)
 .text.nrfx_usbd_setup_clear
                0x000000000000aa54       0x10 modules/hal_nordic/nrfx/libmodules__hal_nordic__nrfx.a(nrfx_usbd.c.obj)
                0x000000000000aa54                nrfx_usbd_setup_clear
 .text.nrfx_usbd_setup_stall
                0x000000000000aa64       0x10 modules/hal_nordic/nrfx/libmodules__hal_nordic__nrfx.a(nrfx_usbd.c.obj)
                0x000000000000aa64                nrfx_usbd_setup_stall
 .text.nrfx_usbd_last_setup_dir_get
                0x000000000000aa74        0xc modules/hal_nordic/nrfx/libmodules__hal_nordic__nrfx.a(nrfx_usbd.c.obj)
                0x000000000000aa74                nrfx_usbd_last_setup_dir_get
 .text.nrfx_usbd_transfer_out_drop
                0x000000000000aa80       0x54 modules/hal_nordic/nrfx/libmodules__hal_nordic__nrfx.a(nrfx_usbd.c.obj)
                0x000000000000aa80                nrfx_usbd_transfer_out_drop
 .text.usbd_ep_abort
                0x000000000000aad4       0xf4 modules/hal_nordic/nrfx/libmodules__hal_nordic__nrfx.a(nrfx_usbd.c.obj)
 .text.ev_setup_handler
                0x000000000000abc8       0x68 modules/hal_nordic/nrfx/libmodules__hal_nordic__nrfx.a(nrfx_usbd.c.obj)
 .text.nrfx_usbd_irq_handler
                0x000000000000ac30       0x7c modules/hal_nordic/nrfx/libmodules__hal_nordic__nrfx.a(nrfx_usbd.c.obj)
                0x000000000000ac30                nrfx_usbd_irq_handler
 .text.nrfx_usbd_stop
                0x000000000000acac       0x80 modules/hal_nordic/nrfx/libmodules__hal_nordic__nrfx.a(nrfx_usbd.c.obj)
                0x000000000000acac                nrfx_usbd_stop
 .text.nrfx_usbd_disable
                0x000000000000ad2c       0x34 modules/hal_nordic/nrfx/libmodules__hal_nordic__nrfx.a(nrfx_usbd.c.obj)
                0x000000000000ad2c                nrfx_usbd_disable
 .text.nrfx_usbd_ep_disable
                0x000000000000ad60       0x58 modules/hal_nordic/nrfx/libmodules__hal_nordic__nrfx.a(nrfx_usbd.c.obj)
                0x000000000000ad60                nrfx_usbd_ep_disable
 .text.nrfx_usbd_ep_enable
                0x000000000000adb8       0xa8 modules/hal_nordic/nrfx/libmodules__hal_nordic__nrfx.a(nrfx_usbd.c.obj)
                0x000000000000adb8                nrfx_usbd_ep_enable
 .text.nrfx_usbd_ep_stall_clear
                0x000000000000ae60       0x20 modules/hal_nordic/nrfx/libmodules__hal_nordic__nrfx.a(nrfx_usbd.c.obj)
                0x000000000000ae60                nrfx_usbd_ep_stall_clear
 .text._DoInit  0x000000000000ae80       0x60 modules/segger/libmodules__segger.a(SEGGER_RTT.c.obj)
 .text.SEGGER_RTT_WriteSkipNoLock
                0x000000000000aee0       0x90 modules/segger/libmodules__segger.a(SEGGER_RTT.c.obj)
                0x000000000000aee0                SEGGER_RTT_WriteSkipNoLock
 .text.SEGGER_RTT_WriteNoLock
                0x000000000000af70       0x58 modules/segger/libmodules__segger.a(SEGGER_RTT.c.obj)
                0x000000000000af70                SEGGER_RTT_WriteNoLock
 .text.SEGGER_RTT_HasDataUp
                0x000000000000afc8       0x14 modules/segger/libmodules__segger.a(SEGGER_RTT.c.obj)
                0x000000000000afc8                SEGGER_RTT_HasDataUp
 .text.zephyr_rtt_mutex_lock
                0x000000000000afdc       0x14 modules/segger/libmodules__segger.a(SEGGER_RTT_zephyr.c.obj)
                0x000000000000afdc                zephyr_rtt_mutex_lock
 .text.zephyr_rtt_mutex_unlock
                0x000000000000aff0        0xc modules/segger/libmodules__segger.a(SEGGER_RTT_zephyr.c.obj)
                0x000000000000aff0                zephyr_rtt_mutex_unlock
 .text.z_impl_device_get_binding
                0x000000000000affc       0x54 zephyr/kernel/libkernel.a(device.c.obj)
                0x000000000000affc                z_impl_device_get_binding
 .text.z_fatal_error
                0x000000000000b050       0xfc zephyr/kernel/libkernel.a(fatal.c.obj)
                0x000000000000b050                z_fatal_error
 .text.z_sys_init_run_level
                0x000000000000b14c       0x48 zephyr/kernel/libkernel.a(init.c.obj)
 .text.bg_thread_main
                0x000000000000b194       0x34 zephyr/kernel/libkernel.a(init.c.obj)
 .text.z_bss_zero
                0x000000000000b1c8       0x18 zephyr/kernel/libkernel.a(init.c.obj)
                0x000000000000b1c8                z_bss_zero
 .text.z_init_cpu
                0x000000000000b1e0       0x70 zephyr/kernel/libkernel.a(init.c.obj)
                0x000000000000b1e0                z_init_cpu
 .text.z_cstart
                0x000000000000b250       0xdc zephyr/kernel/libkernel.a(init.c.obj)
                0x000000000000b250                z_cstart
 .text.init_mem_slab_module
                0x000000000000b32c       0x24 zephyr/kernel/libkernel.a(mem_slab.c.obj)
 .text.k_mem_slab_alloc
                0x000000000000b350       0x5c zephyr/kernel/libkernel.a(mem_slab.c.obj)
                0x000000000000b350                k_mem_slab_alloc
 .text.z_setup_new_thread
                0x000000000000b3ac       0x64 zephyr/kernel/libkernel.a(thread.c.obj)
                0x000000000000b3ac                z_setup_new_thread
 .text.z_impl_k_thread_create
                0x000000000000b410       0x58 zephyr/kernel/libkernel.a(thread.c.obj)
                0x000000000000b410                z_impl_k_thread_create
 .text.z_init_static_threads
                0x000000000000b468       0xb8 zephyr/kernel/libkernel.a(thread.c.obj)
                0x000000000000b468                z_init_static_threads
 .text.idle     0x000000000000b520       0x38 zephyr/kernel/libkernel.a(idle.c.obj)
                0x000000000000b520                idle
 .text.z_impl_k_mutex_lock
                0x000000000000b558       0xf4 zephyr/kernel/libkernel.a(mutex.c.obj)
                0x000000000000b558                z_impl_k_mutex_lock
 .text.z_impl_k_mutex_unlock
                0x000000000000b64c       0x78 zephyr/kernel/libkernel.a(mutex.c.obj)
                0x000000000000b64c                z_impl_k_mutex_unlock
 .text.z_impl_k_queue_get
                0x000000000000b6c4       0x68 zephyr/kernel/libkernel.a(queue.c.obj)
                0x000000000000b6c4                z_impl_k_queue_get
 .text.z_impl_k_sem_give
                0x000000000000b72c       0x40 zephyr/kernel/libkernel.a(sem.c.obj)
                0x000000000000b72c                z_impl_k_sem_give
 .text.z_impl_k_sem_take
                0x000000000000b76c       0x50 zephyr/kernel/libkernel.a(sem.c.obj)
                0x000000000000b76c                z_impl_k_sem_take
 .text.z_impl_k_sem_reset
                0x000000000000b7bc       0x3c zephyr/kernel/libkernel.a(sem.c.obj)
                0x000000000000b7bc                z_impl_k_sem_reset
 .text.k_sys_work_q_init
                0x000000000000b7f8       0x34 zephyr/kernel/libkernel.a(system_work_q.c.obj)
 .text.work_queue_main
                0x000000000000b82c      0x138 zephyr/kernel/libkernel.a(work.c.obj)
 .text.submit_to_queue_locked
                0x000000000000b964       0xb4 zephyr/kernel/libkernel.a(work.c.obj)
 .text.k_work_submit
                0x000000000000ba18        0xc zephyr/kernel/libkernel.a(work.c.obj)
                0x000000000000ba18                k_work_submit
 .text.k_work_queue_start
                0x000000000000ba24       0x70 zephyr/kernel/libkernel.a(work.c.obj)
                0x000000000000ba24                k_work_queue_start
 .text.k_work_schedule_for_queue
                0x000000000000ba94       0x54 zephyr/kernel/libkernel.a(work.c.obj)
                0x000000000000ba94                k_work_schedule_for_queue
 .text.k_work_schedule
                0x000000000000bae8        0xc zephyr/kernel/libkernel.a(work.c.obj)
                0x000000000000bae8                k_work_schedule
 .text.sliceable
                0x000000000000baf4       0x3c zephyr/kernel/libkernel.a(sched.c.obj)
 .text.slice_timeout
                0x000000000000bb30       0x20 zephyr/kernel/libkernel.a(sched.c.obj)
 .text.z_reset_time_slice
                0x000000000000bb50       0x50 zephyr/kernel/libkernel.a(sched.c.obj)
                0x000000000000bb50                z_reset_time_slice
 .text.update_cache
                0x000000000000bba0       0x3c zephyr/kernel/libkernel.a(sched.c.obj)
 .text.move_thread_to_end_of_prio_q
                0x000000000000bbdc       0x74 zephyr/kernel/libkernel.a(sched.c.obj)
 .text.ready_thread
                0x000000000000bc50       0x68 zephyr/kernel/libkernel.a(sched.c.obj)
 .text.unready_thread
                0x000000000000bcb8       0x30 zephyr/kernel/libkernel.a(sched.c.obj)
 .text.pend_locked
                0x000000000000bce8       0x30 zephyr/kernel/libkernel.a(sched.c.obj)
 .text.z_time_slice
                0x000000000000bd18       0x60 zephyr/kernel/libkernel.a(sched.c.obj)
                0x000000000000bd18                z_time_slice
 .text.z_pend_curr
                0x000000000000bd78       0x3c zephyr/kernel/libkernel.a(sched.c.obj)
                0x000000000000bd78                z_pend_curr
 .text.z_set_prio
                0x000000000000bdb4       0x8c zephyr/kernel/libkernel.a(sched.c.obj)
                0x000000000000bdb4                z_set_prio
 .text.z_reschedule
                0x000000000000be40       0x24 zephyr/kernel/libkernel.a(sched.c.obj)
                0x000000000000be40                z_reschedule
 .text.z_sched_start
                0x000000000000be64       0x3c zephyr/kernel/libkernel.a(sched.c.obj)
                0x000000000000be64                z_sched_start
 .text.z_impl_k_thread_suspend
                0x000000000000bea0       0x64 zephyr/kernel/libkernel.a(sched.c.obj)
                0x000000000000bea0                z_impl_k_thread_suspend
 .text.k_sched_lock
                0x000000000000bf04       0x28 zephyr/kernel/libkernel.a(sched.c.obj)
                0x000000000000bf04                k_sched_lock
 .text.k_sched_unlock
                0x000000000000bf2c       0x38 zephyr/kernel/libkernel.a(sched.c.obj)
                0x000000000000bf2c                k_sched_unlock
 .text.z_sched_init
                0x000000000000bf64       0x10 zephyr/kernel/libkernel.a(sched.c.obj)
                0x000000000000bf64                z_sched_init
 .text.z_impl_k_yield
                0x000000000000bf74       0x7c zephyr/kernel/libkernel.a(sched.c.obj)
                0x000000000000bf74                z_impl_k_yield
 .text.z_tick_sleep
                0x000000000000bff0       0x88 zephyr/kernel/libkernel.a(sched.c.obj)
 .text.z_impl_k_sleep
                0x000000000000c078       0x34 zephyr/kernel/libkernel.a(sched.c.obj)
                0x000000000000c078                z_impl_k_sleep
 .text.z_impl_k_usleep
                0x000000000000c0ac       0x34 zephyr/kernel/libkernel.a(sched.c.obj)
                0x000000000000c0ac                z_impl_k_usleep
 .text.z_impl_z_current_get
                0x000000000000c0e0        0xc zephyr/kernel/libkernel.a(sched.c.obj)
                0x000000000000c0e0                z_impl_z_current_get
 .text.z_thread_abort
                0x000000000000c0ec       0xc0 zephyr/kernel/libkernel.a(sched.c.obj)
                0x000000000000c0ec                z_thread_abort
 .text.z_sched_wait
                0x000000000000c1ac       0x24 zephyr/kernel/libkernel.a(sched.c.obj)
                0x000000000000c1ac                z_sched_wait
 .text.z_data_copy
                0x000000000000c1d0       0x34 zephyr/kernel/libkernel.a(xip.c.obj)
                0x000000000000c1d0                z_data_copy
 .text.elapsed  0x000000000000c204       0x14 zephyr/kernel/libkernel.a(timeout.c.obj)
 .text.next_timeout
                0x000000000000c218       0x40 zephyr/kernel/libkernel.a(timeout.c.obj)
 .text.remove_timeout
                0x000000000000c258       0x38 zephyr/kernel/libkernel.a(timeout.c.obj)
 .text.z_add_timeout
                0x000000000000c290       0xec zephyr/kernel/libkernel.a(timeout.c.obj)
                0x000000000000c290                z_add_timeout
 .text.sys_clock_announce
                0x000000000000c37c       0xd4 zephyr/kernel/libkernel.a(timeout.c.obj)
                0x000000000000c37c                sys_clock_announce
 .text.sys_clock_tick_get
                0x000000000000c450       0x34 zephyr/kernel/libkernel.a(timeout.c.obj)
                0x000000000000c450                sys_clock_tick_get
 .text.z_timer_expiration_handler
                0x000000000000c484       0xe4 zephyr/kernel/libkernel.a(timer.c.obj)
                0x000000000000c484                z_timer_expiration_handler
 .text.z_impl_k_timer_start
                0x000000000000c568       0x60 zephyr/kernel/libkernel.a(timer.c.obj)
                0x000000000000c568                z_impl_k_timer_start
 .text.z_thread_aligned_alloc
                0x000000000000c5c8       0x40 zephyr/kernel/libkernel.a(mempool.c.obj)
                0x000000000000c5c8                z_thread_aligned_alloc
 .text.boot_banner
                0x000000000000c608        0xc zephyr/kernel/libkernel.a(banner.c.obj)
                0x000000000000c608                boot_banner
 .text.statics_init
                0x000000000000c614       0x24 zephyr/kernel/libkernel.a(kheap.c.obj)
 .text.gpio_pin_get
                0x000000000000c638       0x28 app/libapp.a(buttons.c.obj)
 .text.gpio_pin_get_dt
                0x000000000000c660        0x8 app/libapp.a(buttons.c.obj)
 .text.button_callback
                0x000000000000c668        0x2 app/libapp.a(buttons.c.obj)
                0x000000000000c668                button_callback
 .text.k_sleep.constprop.0.isra.0
                0x000000000000c66a        0x4 app/libapp.a(mouse.c.obj)
 .text.update_mouse
                0x000000000000c66e       0x20 app/libapp.a(mouse.c.obj)
                0x000000000000c66e                update_mouse
 .text.z_log_msg_static_create.constprop.0
                0x000000000000c68e        0x6 app/libapp.a(transmitter.c.obj)
 .text.cbpprintf_external
                0x000000000000c694       0x62 zephyr/libzephyr.a(cbprintf_packaged.c.obj)
                0x000000000000c694                cbpprintf_external
 .text.is_ptr   0x000000000000c6f6       0x4a zephyr/libzephyr.a(cbprintf_packaged.c.obj)
                0x000000000000c6f6                is_ptr
 .text.arch_printk_char_out
                0x000000000000c740        0x4 zephyr/libzephyr.a(printk.c.obj)
                0x000000000000c740                arch_printk_char_out
 .text.str_out  0x000000000000c744       0x26 zephyr/libzephyr.a(printk.c.obj)
 .text.printk   0x000000000000c76a       0x1a zephyr/libzephyr.a(printk.c.obj)
                0x000000000000c76a                printk
 .text.snprintk
                0x000000000000c784       0x1a zephyr/libzephyr.a(printk.c.obj)
                0x000000000000c784                snprintk
 .text.z_thread_entry
                0x000000000000c79e       0x14 zephyr/libzephyr.a(thread_entry.c.obj)
                0x000000000000c79e                z_thread_entry
 .text.chunk_size
                0x000000000000c7b2        0xa zephyr/libzephyr.a(heap.c.obj)
 .text.free_list_add
                0x000000000000c7bc       0x4e zephyr/libzephyr.a(heap.c.obj)
 .text.free_list_remove_bidx
                0x000000000000c80a       0x3a zephyr/libzephyr.a(heap.c.obj)
 .text.free_list_remove
                0x000000000000c844       0x1a zephyr/libzephyr.a(heap.c.obj)
 .text.alloc_chunk
                0x000000000000c85e       0x6e zephyr/libzephyr.a(heap.c.obj)
 .text.merge_chunks
                0x000000000000c8cc       0x2c zephyr/libzephyr.a(heap.c.obj)
 .text.split_chunks
                0x000000000000c8f8       0x34 zephyr/libzephyr.a(heap.c.obj)
 .text.free_chunk