Archive member included to satisfy reference by file (symbol)

app/libapp.a(buttons.c.obj)   (--whole-archive)
app/libapp.a(main.c.obj)      (--whole-archive)
app/libapp.a(motion_sensor.c.obj)
                              (--whole-archive)
app/libapp.a(mouse.c.obj)     (--whole-archive)
app/libapp.a(pmw3360.c.obj)   (--whole-archive)
app/libapp.a(pmw3360_firmware.c.obj)
                              (--whole-archive)
app/libapp.a(timing_utils.c.obj)
                              (--whole-archive)
app/libapp.a(transmitter.c.obj)
                              (--whole-archive)
app/libapp.a(usb.c.obj)       (--whole-archive)
app/libapp.a(wheel.c.obj)     (--whole-archive)
zephyr/libzephyr.a(cbprintf_packaged.c.obj)
                              (--whole-archive)
zephyr/libzephyr.a(dec.c.obj)
                              (--whole-archive)
zephyr/libzephyr.a(fdtable.c.obj)
                              (--whole-archive)
zephyr/libzephyr.a(hex.c.obj)
                              (--whole-archive)
zephyr/libzephyr.a(printk.c.obj)
                              (--whole-archive)
zephyr/libzephyr.a(rb.c.obj)  (--whole-archive)
zephyr/libzephyr.a(sem.c.obj)
                              (--whole-archive)
zephyr/libzephyr.a(thread_entry.c.obj)
                              (--whole-archive)
zephyr/libzephyr.a(timeutil.c.obj)
                              (--whole-archive)
zephyr/libzephyr.a(heap.c.obj)
                              (--whole-archive)
zephyr/libzephyr.a(heap-validate.c.obj)
                              (--whole-archive)
zephyr/libzephyr.a(bitarray.c.obj)
                              (--whole-archive)
zephyr/libzephyr.a(multi_heap.c.obj)
                              (--whole-archive)
zephyr/libzephyr.a(onoff.c.obj)
                              (--whole-archive)
zephyr/libzephyr.a(notify.c.obj)
                              (--whole-archive)
zephyr/libzephyr.a(crc32c_sw.c.obj)
                              (--whole-archive)
zephyr/libzephyr.a(crc32_sw.c.obj)
                              (--whole-archive)
zephyr/libzephyr.a(crc16_sw.c.obj)
                              (--whole-archive)
zephyr/libzephyr.a(crc8_sw.c.obj)
                              (--whole-archive)
zephyr/libzephyr.a(crc7_sw.c.obj)
                              (--whole-archive)
zephyr/libzephyr.a(cbprintf_complete.c.obj)
                              (--whole-archive)
zephyr/libzephyr.a(cbprintf.c.obj)
                              (--whole-archive)
zephyr/libzephyr.a(assert.c.obj)
                              (--whole-archive)
zephyr/libzephyr.a(mpsc_pbuf.c.obj)
                              (--whole-archive)
zephyr/libzephyr.a(reboot.c.obj)
                              (--whole-archive)
zephyr/libzephyr.a(configs.c.obj)
                              (--whole-archive)
zephyr/libzephyr.a(soc_nrf_common.S.obj)
                              (--whole-archive)
zephyr/libzephyr.a(validate_base_addresses.c.obj)
                              (--whole-archive)
zephyr/libzephyr.a(validate_enabled_instances.c.obj)
                              (--whole-archive)
zephyr/libzephyr.a(log_core.c.obj)
                              (--whole-archive)
zephyr/libzephyr.a(log_mgmt.c.obj)
                              (--whole-archive)
zephyr/libzephyr.a(log_cache.c.obj)
                              (--whole-archive)
zephyr/libzephyr.a(log_msg.c.obj)
                              (--whole-archive)
zephyr/libzephyr.a(log_output.c.obj)
                              (--whole-archive)
zephyr/libzephyr.a(log_backend_rtt.c.obj)
                              (--whole-archive)
zephyr/libzephyr.a(pm.c.obj)  (--whole-archive)
zephyr/libzephyr.a(policy.c.obj)
                              (--whole-archive)
zephyr/libzephyr.a(state.c.obj)
                              (--whole-archive)
zephyr/libzephyr.a(tracing_none.c.obj)
                              (--whole-archive)
zephyr/libzephyr.a(usb_device.c.obj)
                              (--whole-archive)
zephyr/libzephyr.a(usb_descriptor.c.obj)
                              (--whole-archive)
zephyr/libzephyr.a(usb_transfer.c.obj)
                              (--whole-archive)
zephyr/arch/common/libarch__common.a(sw_isr_common.c.obj)
                              (--whole-archive)
zephyr/arch/arch/arm/core/aarch32/libarch__arm__core__aarch32.a(cpu_idle.S.obj)
                              (--whole-archive)
zephyr/arch/arch/arm/core/aarch32/libarch__arm__core__aarch32.a(fatal.c.obj)
                              (--whole-archive)
zephyr/arch/arch/arm/core/aarch32/libarch__arm__core__aarch32.a(irq_manage.c.obj)
                              (--whole-archive)
zephyr/arch/arch/arm/core/aarch32/libarch__arm__core__aarch32.a(nmi.c.obj)
                              (--whole-archive)
zephyr/arch/arch/arm/core/aarch32/libarch__arm__core__aarch32.a(nmi_on_reset.S.obj)
                              (--whole-archive)
zephyr/arch/arch/arm/core/aarch32/libarch__arm__core__aarch32.a(prep_c.c.obj)
[...]
Memory Configuration

Name             Origin             Length             Attributes
FLASH            0x0000000000000000 0x0000000000040000 xr
RAM              0x0000000020000000 0x0000000000008000 xw
IDT_LIST         0x00000000fffff7ff 0x0000000000000800 xw
*default*        0x0000000000000000 0xffffffffffffffff

Linker script and memory map

LOAD zephyr/CMakeFiles/zephyr_final.dir/misc/empty_file.c.obj
LOAD zephyr/CMakeFiles/zephyr_final.dir/dev_handles.c.obj
LOAD zephyr/CMakeFiles/zephyr_final.dir/isr_tables.c.obj
LOAD app/libapp.a
LOAD zephyr/libzephyr.a
LOAD zephyr/arch/common/libarch__common.a
LOAD zephyr/arch/arch/arm/core/aarch32/libarch__arm__core__aarch32.a
LOAD zephyr/arch/arch/arm/core/aarch32/cortex_m/libarch__arm__core__aarch32__cortex_m.a
LOAD zephyr/arch/arch/arm/core/aarch32/mpu/libarch__arm__core__aarch32__mpu.a
LOAD zephyr/lib/libc/minimal/liblib__libc__minimal.a
LOAD zephyr/soc/arm/common/cortex_m/libsoc__arm__common__cortex_m.a
LOAD zephyr/soc/arm/nordic_nrf/nrf52/libsoc__arm__nordic_nrf__nrf52.a
LOAD zephyr/subsys/usb/device/class/hid/libsubsys__usb__device__class__hid.a
LOAD zephyr/drivers/usb/device/libdrivers__usb__device.a
LOAD zephyr/drivers/clock_control/libdrivers__clock_control.a
LOAD zephyr/drivers/console/libdrivers__console.a
LOAD zephyr/drivers/gpio/libdrivers__gpio.a
LOAD zephyr/drivers/hwinfo/libdrivers__hwinfo.a
LOAD zephyr/drivers/pinctrl/libdrivers__pinctrl.a
LOAD zephyr/drivers/sensor/qdec_nrfx/libdrivers__sensor__qdec_nrfx.a
LOAD zephyr/drivers/sensor/nrf5/libdrivers__sensor__nrf5.a
LOAD zephyr/drivers/timer/libdrivers__timer.a
LOAD modules/nrf/lib/multithreading_lock/lib..__nrf__lib__multithreading_lock.a
LOAD modules/nrf/lib/fatal_error/lib..__nrf__lib__fatal_error.a
LOAD modules/nrf/subsys/esb/lib..__nrf__subsys__esb.a
LOAD modules/nrf/subsys/mpsl/fem/lib..__nrf__subsys__mpsl__fem.a
LOAD modules/hal_nordic/nrfx/libmodules__hal_nordic__nrfx.a
LOAD modules/segger/libmodules__segger.a
LOAD zephyr/kernel/libkernel.a
LOAD zephyr/CMakeFiles/offsets.dir/./arch/arm/core/offsets/offsets.c.obj
LOAD d:/programming/crosscompilers/ncs/toolchains/31f4403e35/opt/zephyr-sdk/arm-zephyr-eabi/bin/../lib/gcc/arm-zephyr-eabi/12.2.0/thumb/v7e-m/nofp\libgcc.a
LOAD zephyr/arch/common/libisr_tables.a
LOAD D:/Programming/CrossCompilers/ncs/v2.4.1/nrfxlib/mpsl/lib/cortex-m4/soft-float/libmpsl.a
                0x0000000000000020                _region_min_align = 0x20

.rel.plt        0x0000000000000000        0x0
 *(SORT_BY_ALIGNMENT(.rel.plt))
                [!provide]                        PROVIDE (__rel_iplt_start = .)
 *(SORT_BY_ALIGNMENT(.rel.iplt))
 .rel.iplt      0x0000000000000000        0x0 zephyr/CMakeFiles/zephyr_final.dir/isr_tables.c.obj
                [!provide]                        PROVIDE (__rel_iplt_end = .)

.rela.plt       0x0000000000000000        0x0
 *(SORT_BY_ALIGNMENT(.rela.plt))
                [!provide]                        PROVIDE (__rela_iplt_start = .)
 *(SORT_BY_ALIGNMENT(.rela.iplt))
                [!provide]                        PROVIDE (__rela_iplt_end = .)

.rel.dyn
 *(SORT_BY_ALIGNMENT(.rel.*))

.rela.dyn
 *(SORT_BY_ALIGNMENT(.rela.*))

/DISCARD/
 *(SORT_BY_ALIGNMENT(.plt))

/DISCARD/
 *(SORT_BY_ALIGNMENT(.iplt))
                0x0000000000000000                __rom_region_start = 0x0

rom_start       0x0000000000000000       0xe0
                0x0000000000000000                . = 0x0
                0x0000000000000000                . = ALIGN (0x4)
                0x0000000000000000                . = ALIGN (0x80)
                0x0000000000000000                . = ALIGN (0x100)
                0x0000000000000000                _vector_start = .
 *(SORT_BY_ALIGNMENT(.exc_vector_table))
 *(SORT_BY_ALIGNMENT(.exc_vector_table.*))
 .exc_vector_table._vector_table_section
                0x0000000000000000       0x40 zephyr/arch/arch/arm/core/aarch32/cortex_m/libarch__arm__core__aarch32__cortex_m.a(vector_table.S.obj)
                0x0000000000000000                _vector_table
 *(SORT_BY_ALIGNMENT(.vectors))
                0x00000000000000e0                _vector_end = .
                0x0000000000000040                . = ALIGN (0x4)
 *(SORT_BY_ALIGNMENT(.gnu.linkonce.irq_vector_table*))
 .gnu.linkonce.irq_vector_table
                0x0000000000000040       0xa0 zephyr/CMakeFiles/zephyr_final.dir/isr_tables.c.obj
                0x0000000000000040                _irq_vector_table
                0x00000000000000e0                _vector_end = .

text            0x00000000000000e0     0xaba0
                0x00000000000000e0                __text_region_start = .
 *(SORT_BY_ALIGNMENT(.text))
 .text          0x00000000000000e0       0x30 d:/programming/crosscompilers/ncs/toolchains/31f4403e35/opt/zephyr-sdk/arm-zephyr-eabi/bin/../lib/gcc/arm-zephyr-eabi/12.2.0/thumb/v7e-m/nofp\libgcc.a(_aeabi_uldivmod.o)
                0x00000000000000e0                __aeabi_uldivmod
 .text          0x0000000000000110        0x4 d:/programming/crosscompilers/ncs/toolchains/31f4403e35/opt/zephyr-sdk/arm-zephyr-eabi/bin/../lib/gcc/arm-zephyr-eabi/12.2.0/thumb/v7e-m/nofp\libgcc.a(_dvmd_tls.o)
                0x0000000000000110                __aeabi_idiv0
                0x0000000000000110                __aeabi_ldiv0
 .text          0x0000000000000114       0x68 D:/Programming/CrossCompilers/ncs/v2.4.1/nrfxlib/mpsl/lib/cortex-m4/soft-float/libmpsl.a(libmpsl_debug_soft__obfuscated.elf)
                0x0000000000000114                sym_JBMIQXYLJQQB56KLSIZ2WVKBMEMRZHLRBGLEPTA
 .text          0x000000000000017c       0x24 D:/Programming/CrossCompilers/ncs/v2.4.1/nrfxlib/mpsl/lib/cortex-m4/soft-float/libmpsl.a(libmpsl_debug_soft__obfuscated.elf)
 .text          0x00000000000001a0       0x48 D:/Programming/CrossCompilers/ncs/v2.4.1/nrfxlib/mpsl/lib/cortex-m4/soft-float/libmpsl.a(libmpsl_debug_soft__obfuscated.elf)
                0x00000000000001a0                sym_S2UAPMFVIQXDUOA6CV7GJMB33TYHEUH5D6LHO5Q
 .text          0x00000000000001e8      0x2a0 d:/programming/crosscompilers/ncs/toolchains/31f4403e35/opt/zephyr-sdk/arm-zephyr-eabi/bin/../lib/gcc/arm-zephyr-eabi/12.2.0/thumb/v7e-m/nofp\libgcc.a(_udivmoddi4.o)
                0x00000000000001e8                __udivmoddi4
 .text          0x0000000000000488       0x14 D:/Programming/CrossCompilers/ncs/v2.4.1/nrfxlib/mpsl/lib/cortex-m4/soft-float/libmpsl.a(libmpsl_debug_soft__obfuscated.elf)
                0x0000000000000488                sym_BN6ZO2NBHRGKZ2NRQYWFBXVGKNG6Y5K55UNAWGA
 .text          0x000000000000049c       0x14 D:/Programming/CrossCompilers/ncs/v2.4.1/nrfxlib/mpsl/lib/cortex-m4/soft-float/libmpsl.a(libmpsl_debug_soft__obfuscated.elf)
                0x000000000000049c                sym_5EMXP3L6SPQSCAJKKRH62ZOKJCCSKLI3WEX2WHY
 .text          0x00000000000004b0       0x14 D:/Programming/CrossCompilers/ncs/v2.4.1/nrfxlib/mpsl/lib/cortex-m4/soft-float/libmpsl.a(libmpsl_debug_soft__obfuscated.elf)
                0x00000000000004b0                sym_H2QJCU2ORTYAFBAQQ2FHUYIAZO4HCXEKCQ4SS2Q
 .text          0x00000000000004c4       0x14 D:/Programming/CrossCompilers/ncs/v2.4.1/nrfxlib/mpsl/lib/cortex-m4/soft-float/libmpsl.a(libmpsl_debug_soft__obfuscated.elf)
                0x00000000000004c4                sym_SWIBDSDMHUYNCG5ZWLB52J7NETJIUBPCO5IIQFA
 .text          0x00000000000004d8       0x18 D:/Programming/CrossCompilers/ncs/v2.4.1/nrfxlib/mpsl/lib/cortex-m4/soft-float/libmpsl.a(libmpsl_debug_soft__obfuscated.elf)
                0x00000000000004d8                sym_QPP3IZFSWHUV4JQ6ODMIVIARPB4PQYUFESV7BRQ
 .text          0x00000000000004f0       0x14 D:/Programming/CrossCompilers/ncs/v2.4.1/nrfxlib/mpsl/lib/cortex-m4/soft-float/libmpsl.a(libmpsl_debug_soft__obfuscated.elf)
                0x00000000000004f0                sym_6PVOPWDLWTXOTRZZ7LP36TLYTLPTQHNAUQNFHEA
 .text          0x0000000000000504       0x14 D:/Programming/CrossCompilers/ncs/v2.4.1/nrfxlib/mpsl/lib/cortex-m4/soft-float/libmpsl.a(libmpsl_debug_soft__obfuscated.elf)
                0x0000000000000504                sym_USR4MDT6VMTQLOGKNN4MALBZ3GJPD2KOEY4HFAQ
 .text          0x0000000000000518        0x4 D:/Programming/CrossCompilers/ncs/v2.4.1/nrfxlib/mpsl/lib/cortex-m4/soft-float/libmpsl.a(libmpsl_debug_soft__obfuscated.elf)
                0x0000000000000518                mpsl_fem_init
 .text          0x000000000000051c       0x6c D:/Programming/CrossCompilers/ncs/v2.4.1/nrfxlib/mpsl/lib/cortex-m4/soft-float/libmpsl.a(libmpsl_debug_soft__obfuscated.elf)
 *(SORT_BY_ALIGNMENT(.text.*))
 .text.main     0x0000000000000588       0x4c app/libapp.a(main.c.obj)
                0x0000000000000588                main
 .text.spi_cs_ctrl
                0x00000000000005d4       0x34 app/libapp.a(pmw3360.c.obj)
 .text.update_downshift_time
                0x0000000000000608      0x128 app/libapp.a(pmw3360.c.obj)
 .text.reg_read
                0x0000000000000730       0x90 app/libapp.a(pmw3360.c.obj)
 .text.reg_write
                0x00000000000007c0       0x8c app/libapp.a(pmw3360.c.obj)
 .text.update_cpi
                0x000000000000084c       0xe4 app/libapp.a(pmw3360.c.obj)
 .text.pmw3360_init
                0x0000000000000930      0x2f8 app/libapp.a(pmw3360.c.obj)
                0x0000000000000930                pmw3360_init
 .text.cbvprintf_package
                0x0000000000000c28      0x3ac zephyr/libzephyr.a(cbprintf_packaged.c.obj)
                0x0000000000000c28                cbvprintf_package
 .text.cbprintf_package_convert
                0x0000000000000fd4      0x3bc zephyr/libzephyr.a(cbprintf_packaged.c.obj)
                0x0000000000000fd4                cbprintf_package_convert
 .text.__printk_hook_install
                0x0000000000001390        0xc zephyr/libzephyr.a(printk.c.obj)
                0x0000000000001390                __printk_hook_install
 .text.vsnprintk
                0x000000000000139c       0x2c zephyr/libzephyr.a(printk.c.obj)
                0x000000000000139c                vsnprintk
 .text.process_event
                0x00000000000013c8      0x21c zephyr/libzephyr.a(onoff.c.obj)
 .text.z_cbvprintf_impl
                0x00000000000015e4      0x764 zephyr/libzephyr.a(cbprintf_complete.c.obj)
                0x00000000000015e4                z_cbvprintf_impl
 .text.z_arm_platform_init
                0x0000000000001d48        0x4 zephyr/libzephyr.a(soc_nrf_common.S.obj)
                0x0000000000001d48                z_arm_platform_init
 .text.activate_foreach_backend
                0x0000000000001d4c       0x64 zephyr/libzephyr.a(log_core.c.obj)
 .text.enable_logger
                0x0000000000001db0       0x5c zephyr/libzephyr.a(log_core.c.obj)
 .text.log_process_thread_timer_expiry_fn
                0x0000000000001e0c        0xc zephyr/libzephyr.a(log_core.c.obj)
 .text.z_log_init
                0x0000000000001e18       0x90 zephyr/libzephyr.a(log_core.c.obj)
 .text.log_format_func_t_get
                0x0000000000001ea8        0xc zephyr/libzephyr.a(log_core.c.obj)
                0x0000000000001ea8                log_format_func_t_get
 .text.log_set_timestamp_func
                0x0000000000001eb4       0x20 zephyr/libzephyr.a(log_core.c.obj)
                0x0000000000001eb4                log_set_timestamp_func
 .text.z_log_notify_backend_enabled
                0x0000000000001ed4       0x1c zephyr/libzephyr.a(log_core.c.obj)
                0x0000000000001ed4                z_log_notify_backend_enabled
 .text.z_log_dropped
                0x0000000000001ef0       0x30 zephyr/libzephyr.a(log_core.c.obj)
                0x0000000000001ef0                z_log_dropped
 .text.z_log_dropped_read_and_clear
                0x0000000000001f20       0x20 zephyr/libzephyr.a(log_core.c.obj)
                0x0000000000001f20                z_log_dropped_read_and_clear
 .text.dropped_notify
                0x0000000000001f40       0x30 zephyr/libzephyr.a(log_core.c.obj)
                0x0000000000001f40                dropped_notify
 .text.z_log_msg_init
                0x0000000000001f70       0x20 zephyr/libzephyr.a(log_core.c.obj)
                0x0000000000001f70                z_log_msg_init
 .text.log_core_init
                0x0000000000001f90       0x34 zephyr/libzephyr.a(log_core.c.obj)
                0x0000000000001f90                log_core_init
 .text.z_log_msg_alloc
                0x0000000000001fc4       0x10 zephyr/libzephyr.a(log_core.c.obj)
                0x0000000000001fc4                z_log_msg_alloc
 .text.z_log_msg_local_claim
                0x0000000000001fd4        0xc zephyr/libzephyr.a(log_core.c.obj)
                0x0000000000001fd4                z_log_msg_local_claim
 .text.z_log_msg_free
                0x0000000000001fe0       0x10 zephyr/libzephyr.a(log_core.c.obj)
                0x0000000000001fe0                z_log_msg_free
 .text.z_log_msg_pending
                0x0000000000001ff0        0xc zephyr/libzephyr.a(log_core.c.obj)
                0x0000000000001ff0                z_log_msg_pending
 .text.z_impl_log_process
                0x0000000000001ffc       0xbc zephyr/libzephyr.a(log_core.c.obj)
                0x0000000000001ffc                z_impl_log_process
 .text.z_impl_log_panic
                0x00000000000020b8       0x44 zephyr/libzephyr.a(log_core.c.obj)
                0x00000000000020b8                z_impl_log_panic
 .text.log_process_thread_func
                0x00000000000020fc       0x9c zephyr/libzephyr.a(log_core.c.obj)
 .text.z_log_msg_post_finalize
                0x0000000000002198       0x78 zephyr/libzephyr.a(log_core.c.obj)
 .text.z_log_msg_commit
                0x0000000000002210       0x24 zephyr/libzephyr.a(log_core.c.obj)
                0x0000000000002210                z_log_msg_commit
 .text.log_source_name_get
                0x0000000000002234       0x1c zephyr/libzephyr.a(log_mgmt.c.obj)
                0x0000000000002234                log_source_name_get
 .text.log_backend_enable
                0x0000000000002250       0x28 zephyr/libzephyr.a(log_mgmt.c.obj)
                0x0000000000002250                log_backend_enable
 .text.z_impl_z_log_msg_static_create
                0x0000000000002278      0x108 zephyr/libzephyr.a(log_msg.c.obj)
                0x0000000000002278                z_impl_z_log_msg_static_create
 .text.z_impl_z_log_msg_runtime_vcreate
                0x0000000000002380       0x8c zephyr/libzephyr.a(log_msg.c.obj)
                0x0000000000002380                z_impl_z_log_msg_runtime_vcreate
 .text.print_formatted
                0x000000000000240c       0x24 zephyr/libzephyr.a(log_output.c.obj)
 .text.newline_print
                0x0000000000002430       0x1c zephyr/libzephyr.a(log_output.c.obj)
 .text.log_output_process
                0x000000000000244c      0x2a4 zephyr/libzephyr.a(log_output.c.obj)
                0x000000000000244c                log_output_process
 .text.log_output_msg_process
                0x00000000000026f0       0x6c zephyr/libzephyr.a(log_output.c.obj)
                0x00000000000026f0                log_output_msg_process
 .text.log_output_dropped_process
                0x000000000000275c       0x58 zephyr/libzephyr.a(log_output.c.obj)
                0x000000000000275c                log_output_dropped_process
 .text.log_output_timestamp_freq_set
                0x00000000000027b4       0x2c zephyr/libzephyr.a(log_output.c.obj)
                0x00000000000027b4                log_output_timestamp_freq_set
 .text.log_backend_rtt_init
                0x00000000000027e0        0xc zephyr/libzephyr.a(log_backend_rtt.c.obj)
 .text.format_set
                0x00000000000027ec        0xc zephyr/libzephyr.a(log_backend_rtt.c.obj)
 .text.panic    0x00000000000027f8       0x14 zephyr/libzephyr.a(log_backend_rtt.c.obj)
 .text.dropped  0x000000000000280c        0xc zephyr/libzephyr.a(log_backend_rtt.c.obj)
 .text.process  0x0000000000002818       0x24 zephyr/libzephyr.a(log_backend_rtt.c.obj)
 .text.on_failed_write
                0x000000000000283c       0x28 zephyr/libzephyr.a(log_backend_rtt.c.obj)
 .text.data_out_block_mode
                0x0000000000002864       0x84 zephyr/libzephyr.a(log_backend_rtt.c.obj)
 .text.pm_state_notify
                0x00000000000028e8       0x5c zephyr/libzephyr.a(pm.c.obj)
 .text.pm_system_resume
                0x0000000000002944       0x78 zephyr/libzephyr.a(pm.c.obj)
                0x0000000000002944                pm_system_resume
 .text.pm_system_suspend
                0x00000000000029bc       0xf8 zephyr/libzephyr.a(pm.c.obj)
                0x00000000000029bc                pm_system_suspend
 .text.pm_policy_next_state
                0x0000000000002ab4       0x94 zephyr/libzephyr.a(policy.c.obj)
                0x0000000000002ab4                pm_policy_next_state
 .text.pm_state_cpu_get_all
                0x0000000000002b48       0x10 zephyr/libzephyr.a(state.c.obj)
                0x0000000000002b48                pm_state_cpu_get_all
 .text.class_handler
                0x0000000000002b58       0x40 zephyr/libzephyr.a(usb_device.c.obj)
 .text.custom_handler
                0x0000000000002b98       0x60 zephyr/libzephyr.a(usb_device.c.obj)
 .text.vendor_handler
                0x0000000000002bf8       0x3c zephyr/libzephyr.a(usb_device.c.obj)
 .text.usb_reset_alt_setting
                0x0000000000002c34       0x10 zephyr/libzephyr.a(usb_device.c.obj)
 .text.is_ep_valid.part.0
                0x0000000000002c44       0x38 zephyr/libzephyr.a(usb_device.c.obj)
 .text.usb_device_init.part.0
                0x0000000000002c7c       0x2c zephyr/libzephyr.a(usb_device.c.obj)
 .text.usb_halt_endpoint_req.isra.0
                0x0000000000002ca8       0x50 zephyr/libzephyr.a(usb_device.c.obj)
 .text.get_ep_bm_from_addr.part.0
                0x0000000000002cf8       0x30 zephyr/libzephyr.a(usb_device.c.obj)
 .text.disable_endpoint
                0x0000000000002d28       0x60 zephyr/libzephyr.a(usb_device.c.obj)
 .text.set_endpoint
                0x0000000000002d88       0xc0 zephyr/libzephyr.a(usb_device.c.obj)
 .text.usb_handle_standard_request
                0x0000000000002e48      0x2ec zephyr/libzephyr.a(usb_device.c.obj)
 .text.usb_set_config
                0x0000000000003134       0x2c zephyr/libzephyr.a(usb_device.c.obj)
                0x0000000000003134                usb_set_config
 .text.usb_device_init
                0x0000000000003160       0x2c zephyr/libzephyr.a(usb_device.c.obj)
 .text.usb_update_sn_string_descriptor
                0x000000000000318c       0x88 zephyr/libzephyr.a(usb_descriptor.c.obj)
                0x000000000000318c                usb_update_sn_string_descriptor
 .text.usb_get_device_descriptor
                0x0000000000003214      0x244 zephyr/libzephyr.a(usb_descriptor.c.obj)
                0x0000000000003214                usb_get_device_descriptor
 .text.usb_ep_get_transfer
                0x0000000000003458       0x2c zephyr/libzephyr.a(usb_transfer.c.obj)
 .text.usb_cancel_transfer
                0x0000000000003484       0x3c zephyr/libzephyr.a(usb_transfer.c.obj)
                0x0000000000003484                usb_cancel_transfer
 .text.z_arm_cpu_idle_init
                0x00000000000034c0        0xc zephyr/arch/arch/arm/core/aarch32/libarch__arm__core__aarch32.a(cpu_idle.S.obj)
                0x00000000000034c0                z_arm_cpu_idle_init
 .text.arch_cpu_idle
                0x00000000000034cc       0x1c zephyr/arch/arch/arm/core/aarch32/libarch__arm__core__aarch32.a(cpu_idle.S.obj)
                0x00000000000034cc                arch_cpu_idle
 .text.z_arm_fatal_error
                0x00000000000034e8       0xcc zephyr/arch/arch/arm/core/aarch32/libarch__arm__core__aarch32.a(fatal.c.obj)
                0x00000000000034e8                z_arm_fatal_error
 .text.arch_irq_enable
                0x00000000000035b4       0x1c zephyr/arch/arch/arm/core/aarch32/libarch__arm__core__aarch32.a(irq_manage.c.obj)
                0x00000000000035b4                arch_irq_enable
 .text.arch_irq_disable
                0x00000000000035d0       0x28 zephyr/arch/arch/arm/core/aarch32/libarch__arm__core__aarch32.a(irq_manage.c.obj)
                0x00000000000035d0                arch_irq_disable
 .text.arch_irq_is_enabled
                0x00000000000035f8       0x1c zephyr/arch/arch/arm/core/aarch32/libarch__arm__core__aarch32.a(irq_manage.c.obj)
                0x00000000000035f8                arch_irq_is_enabled
 .text.z_arm_irq_priority_set
                0x0000000000003614       0x34 zephyr/arch/arch/arm/core/aarch32/libarch__arm__core__aarch32.a(irq_manage.c.obj)
                0x0000000000003614                z_arm_irq_priority_set
 .text._arch_isr_direct_pm
                0x0000000000003648       0x1c zephyr/arch/arch/arm/core/aarch32/libarch__arm__core__aarch32.a(irq_manage.c.obj)
                0x0000000000003648                _arch_isr_direct_pm
 .text.z_SysNmiOnReset
                0x0000000000003664        0x8 zephyr/arch/arch/arm/core/aarch32/libarch__arm__core__aarch32.a(nmi_on_reset.S.obj)
                0x0000000000003664                z_SysNmiOnReset
 .text.z_arm_prep_c
                0x000000000000366c       0x2c zephyr/arch/arch/arm/core/aarch32/libarch__arm__core__aarch32.a(prep_c.c.obj)
                0x000000000000366c                z_arm_prep_c
 .text.arch_swap
                0x0000000000003698       0x34 zephyr/arch/arch/arm/core/aarch32/libarch__arm__core__aarch32.a(swap.c.obj)
                0x0000000000003698                arch_swap
 .text.z_arm_pendsv
                0x00000000000036cc       0x54 zephyr/arch/arch/arm/core/aarch32/libarch__arm__core__aarch32.a(swap_helper.S.obj)
                0x00000000000036cc                z_arm_pendsv
 .text.z_arm_svc
                0x0000000000003720       0x20 zephyr/arch/arch/arm/core/aarch32/libarch__arm__core__aarch32.a(swap_helper.S.obj)
                0x0000000000003720                z_arm_svc
 .text.arch_new_thread
                0x0000000000003740       0x38 zephyr/arch/arch/arm/core/aarch32/libarch__arm__core__aarch32.a(thread.c.obj)
                0x0000000000003740                arch_new_thread
 .text.z_check_thread_stack_fail
                0x0000000000003778       0x2c zephyr/arch/arch/arm/core/aarch32/libarch__arm__core__aarch32.a(thread.c.obj)
                0x0000000000003778                z_check_thread_stack_fail
 .text.arch_switch_to_main_thread
                0x00000000000037a4       0x2c zephyr/arch/arch/arm/core/aarch32/libarch__arm__core__aarch32.a(thread.c.obj)
                0x00000000000037a4                arch_switch_to_main_thread
 .text._isr_wrapper
                0x00000000000037d0       0x40 zephyr/arch/arch/arm/core/aarch32/libarch__arm__core__aarch32.a(isr_wrapper.S.obj)
                0x00000000000037d0                _isr_wrapper
 .text._HandlerModeExit
                0x0000000000003810       0x1c zephyr/arch/arch/arm/core/aarch32/cortex_m/libarch__arm__core__aarch32__cortex_m.a(exc_exit.S.obj)
                0x0000000000003810                z_arm_int_exit
                0x0000000000003810                z_arm_exc_exit
 .text.bus_fault.constprop.0
                0x000000000000382c      0x130 zephyr/arch/arch/arm/core/aarch32/cortex_m/libarch__arm__core__aarch32__cortex_m.a(fault.c.obj)
 .text.usage_fault.constprop.0
                0x000000000000395c      0x104 zephyr/arch/arch/arm/core/aarch32/cortex_m/libarch__arm__core__aarch32__cortex_m.a(fault.c.obj)
 .text.mem_manage_fault
                0x0000000000003a60      0x144 zephyr/arch/arch/arm/core/aarch32/cortex_m/libarch__arm__core__aarch32__cortex_m.a(fault.c.obj)
 .text.z_arm_fault
                0x0000000000003ba4      0x218 zephyr/arch/arch/arm/core/aarch32/cortex_m/libarch__arm__core__aarch32__cortex_m.a(fault.c.obj)
                0x0000000000003ba4                z_arm_fault
 .text.z_arm_fault_init
                0x0000000000003dbc       0x10 zephyr/arch/arch/arm/core/aarch32/cortex_m/libarch__arm__core__aarch32__cortex_m.a(fault.c.obj)
                0x0000000000003dbc                z_arm_fault_init
 .text.__fault  0x0000000000003dcc       0x14 zephyr/arch/arch/arm/core/aarch32/cortex_m/libarch__arm__core__aarch32__cortex_m.a(fault_s.S.obj)
                0x0000000000003dcc                z_arm_usage_fault
                0x0000000000003dcc                z_arm_mpu_fault
                0x0000000000003dcc                z_arm_exc_spurious
                0x0000000000003dcc                z_arm_debug_monitor
                0x0000000000003dcc                z_arm_hard_fault
                0x0000000000003dcc                z_arm_bus_fault
 .text.z_arm_interrupt_init
                0x0000000000003de0       0x18 zephyr/arch/arch/arm/core/aarch32/cortex_m/libarch__arm__core__aarch32__cortex_m.a(irq_init.c.obj)
                0x0000000000003de0                z_arm_interrupt_init
 .text._reset_section
                0x0000000000003df8       0x54 zephyr/arch/arch/arm/core/aarch32/cortex_m/libarch__arm__core__aarch32__cortex_m.a(reset.S.obj)
                0x0000000000003df8                __start
                0x0000000000003df8                z_arm_reset
 .text.z_arm_clear_arm_mpu_config
                0x0000000000003e4c       0x24 zephyr/arch/arch/arm/core/aarch32/cortex_m/libarch__arm__core__aarch32__cortex_m.a(scb.c.obj)
                0x0000000000003e4c                z_arm_clear_arm_mpu_config
 .text.z_arm_init_arch_hw_at_boot
                0x0000000000003e70       0x64 zephyr/arch/arch/arm/core/aarch32/cortex_m/libarch__arm__core__aarch32__cortex_m.a(scb.c.obj)
                0x0000000000003e70                z_arm_init_arch_hw_at_boot
 .text.z_impl_k_thread_abort
                0x0000000000003ed4       0x2c zephyr/arch/arch/arm/core/aarch32/cortex_m/libarch__arm__core__aarch32__cortex_m.a(thread_abort.c.obj)
                0x0000000000003ed4                z_impl_k_thread_abort
 .text.z_arm_configure_static_mpu_regions
                0x0000000000003f00       0x18 zephyr/arch/arch/arm/core/aarch32/mpu/libarch__arm__core__aarch32__mpu.a(arm_core_mpu.c.obj)
                0x0000000000003f00                z_arm_configure_static_mpu_regions
 .text.z_arm_configure_dynamic_mpu_regions
                0x0000000000003f18       0x20 zephyr/arch/arch/arm/core/aarch32/mpu/libarch__arm__core__aarch32__mpu.a(arm_core_mpu.c.obj)
                0x0000000000003f18                z_arm_configure_dynamic_mpu_regions
 .text.mpu_configure_regions
                0x0000000000003f38       0xcc zephyr/arch/arch/arm/core/aarch32/mpu/libarch__arm__core__aarch32__mpu.a(arm_mpu.c.obj)
 .text.arm_core_mpu_enable
                0x0000000000004004       0x18 zephyr/arch/arch/arm/core/aarch32/mpu/libarch__arm__core__aarch32__mpu.a(arm_mpu.c.obj)
                0x0000000000004004                arm_core_mpu_enable
 .text.arm_core_mpu_disable
                0x000000000000401c       0x14 zephyr/arch/arch/arm/core/aarch32/mpu/libarch__arm__core__aarch32__mpu.a(arm_mpu.c.obj)
                0x000000000000401c                arm_core_mpu_disable
 .text.arm_core_mpu_configure_static_mpu_regions
                0x0000000000004030       0x14 zephyr/arch/arch/arm/core/aarch32/mpu/libarch__arm__core__aarch32__mpu.a(arm_mpu.c.obj)
                0x0000000000004030                arm_core_mpu_configure_static_mpu_regions
 .text.arm_core_mpu_configure_dynamic_mpu_regions
                0x0000000000004044       0x30 zephyr/arch/arch/arm/core/aarch32/mpu/libarch__arm__core__aarch32__mpu.a(arm_mpu.c.obj)
                0x0000000000004044                arm_core_mpu_configure_dynamic_mpu_regions
 .text.z_arm_mpu_init
                0x0000000000004074       0x60 zephyr/arch/arch/arm/core/aarch32/mpu/libarch__arm__core__aarch32__mpu.a(arm_mpu.c.obj)
                0x0000000000004074                z_arm_mpu_init
 .text.__stdout_hook_install
                0x00000000000040d4        0xc zephyr/lib/libc/minimal/liblib__libc__minimal.a(stdout_console.c.obj)
                0x00000000000040d4                __stdout_hook_install
 .text.sys_arch_reboot
                0x00000000000040e0       0x2c zephyr/soc/arm/nordic_nrf/nrf52/libsoc__arm__nordic_nrf__nrf52.a(soc.c.obj)
                0x00000000000040e0                sys_arch_reboot
 .text.arch_busy_wait
                0x000000000000410c       0x14 zephyr/soc/arm/nordic_nrf/nrf52/libsoc__arm__nordic_nrf__nrf52.a(soc.c.obj)
                0x000000000000410c                arch_busy_wait
 .text.hid_status_cb.part.0
                0x0000000000004120       0x2c zephyr/subsys/usb/device/class/hid/libsubsys__usb__device__class__hid.a(core.c.obj)
 .text.hid_status_cb
                0x000000000000414c      0x10c zephyr/subsys/usb/device/class/hid/libsubsys__usb__device__class__hid.a(core.c.obj)
 .text.hid_class_handle_req
                0x0000000000004258       0xb8 zephyr/subsys/usb/device/class/hid/libsubsys__usb__device__class__hid.a(core.c.obj)
 .text.hid_custom_handle_req
                0x0000000000004310       0xb0 zephyr/subsys/usb/device/class/hid/libsubsys__usb__device__class__hid.a(core.c.obj)
 .text.hid_int_in.part.0
                0x00000000000043c0       0x2c zephyr/subsys/usb/device/class/hid/libsubsys__usb__device__class__hid.a(core.c.obj)
 .text.hid_int_in
                0x00000000000043ec       0x38 zephyr/subsys/usb/device/class/hid/libsubsys__usb__device__class__hid.a(core.c.obj)
 .text.endpoint_ctx
                0x0000000000004424       0x60 zephyr/drivers/usb/device/libdrivers__usb__device.a(usb_dc_nrfx.c.obj)
 .text.usbd_work_schedule
                0x0000000000004484       0x10 zephyr/drivers/usb/device/libdrivers__usb__device.a(usb_dc_nrfx.c.obj)
 .text.usbd_evt_put
                0x0000000000004494        0xc zephyr/drivers/usb/device/libdrivers__usb__device.a(usb_dc_nrfx.c.obj)
 .text.usbd_evt_get
                0x00000000000044a0       0x10 zephyr/drivers/usb/device/libdrivers__usb__device.a(usb_dc_nrfx.c.obj)
 .text.usbd_evt_flush
                0x00000000000044b0       0x1c zephyr/drivers/usb/device/libdrivers__usb__device.a(usb_dc_nrfx.c.obj)
 .text.usbd_evt_alloc
                0x00000000000044cc       0x78 zephyr/drivers/usb/device/libdrivers__usb__device.a(usb_dc_nrfx.c.obj)
 .text.usb_dc_power_event_handler
                0x0000000000004544       0x5c zephyr/drivers/usb/device/libdrivers__usb__device.a(usb_dc_nrfx.c.obj)
 .text.usbd_event_transfer_data
                0x00000000000045a0       0xe0 zephyr/drivers/usb/device/libdrivers__usb__device.a(usb_dc_nrfx.c.obj)
 .text.usb_init
                0x0000000000004680       0x70 zephyr/drivers/usb/device/libdrivers__usb__device.a(usb_dc_nrfx.c.obj)
 .text.hfxo_stop.constprop.0.isra.0
                0x00000000000046f0       0x40 zephyr/drivers/usb/device/libdrivers__usb__device.a(usb_dc_nrfx.c.obj)
 .text.usbd_event_handler
                0x0000000000004730      0x170 zephyr/drivers/usb/device/libdrivers__usb__device.a(usb_dc_nrfx.c.obj)
 .text.eps_ctx_init
                0x00000000000048a0       0x68 zephyr/drivers/usb/device/libdrivers__usb__device.a(usb_dc_nrfx.c.obj)
 .text.usbd_work_handler
                0x0000000000004908      0x3a4 zephyr/drivers/usb/device/libdrivers__usb__device.a(usb_dc_nrfx.c.obj)
 .text.usb_dc_set_address
                0x0000000000004cac       0x24 zephyr/drivers/usb/device/libdrivers__usb__device.a(usb_dc_nrfx.c.obj)
                0x0000000000004cac                usb_dc_set_address
 .text.usb_dc_ep_check_cap
                0x0000000000004cd0       0x64 zephyr/drivers/usb/device/libdrivers__usb__device.a(usb_dc_nrfx.c.obj)
                0x0000000000004cd0                usb_dc_ep_check_cap
 .text.usb_dc_ep_configure
                0x0000000000004d34       0x68 zephyr/drivers/usb/device/libdrivers__usb__device.a(usb_dc_nrfx.c.obj)
                0x0000000000004d34                usb_dc_ep_configure
 .text.usb_dc_ep_set_stall
                0x0000000000004d9c       0x74 zephyr/drivers/usb/device/libdrivers__usb__device.a(usb_dc_nrfx.c.obj)
                0x0000000000004d9c                usb_dc_ep_set_stall
 .text.usb_dc_ep_clear_stall
                0x0000000000004e10       0x40 zephyr/drivers/usb/device/libdrivers__usb__device.a(usb_dc_nrfx.c.obj)
                0x0000000000004e10                usb_dc_ep_clear_stall
 .text.usb_dc_ep_is_stalled
                0x0000000000004e50       0x38 zephyr/drivers/usb/device/libdrivers__usb__device.a(usb_dc_nrfx.c.obj)
                0x0000000000004e50                usb_dc_ep_is_stalled
 .text.usb_dc_ep_enable
                0x0000000000004e88       0x54 zephyr/drivers/usb/device/libdrivers__usb__device.a(usb_dc_nrfx.c.obj)
                0x0000000000004e88                usb_dc_ep_enable
 .text.onoff_stop
                0x0000000000004edc       0x30 zephyr/drivers/clock_control/libdrivers__clock_control.a(clock_control_nrf.c.obj)
 .text.onoff_start
                0x0000000000004f0c       0x44 zephyr/drivers/clock_control/libdrivers__clock_control.a(clock_control_nrf.c.obj)
 .text.clk_init
                0x0000000000004f50       0x58 zephyr/drivers/clock_control/libdrivers__clock_control.a(clock_control_nrf.c.obj)
 .text.clkstarted_handle.constprop.0
                0x0000000000004fa8       0x34 zephyr/drivers/clock_control/libdrivers__clock_control.a(clock_control_nrf.c.obj)
 .text.clock_event_handler
                0x0000000000004fdc       0x1c zephyr/drivers/clock_control/libdrivers__clock_control.a(clock_control_nrf.c.obj)
 .text.generic_hfclk_start
                0x0000000000004ff8       0x64 zephyr/drivers/clock_control/libdrivers__clock_control.a(clock_control_nrf.c.obj)
 .text.api_blocking_start
                0x000000000000505c       0x34 zephyr/drivers/clock_control/libdrivers__clock_control.a(clock_control_nrf.c.obj)
 .text.generic_hfclk_stop
                0x0000000000005090       0x34 zephyr/drivers/clock_control/libdrivers__clock_control.a(clock_control_nrf.c.obj)
 .text.z_nrf_clock_control_get_onoff
                0x00000000000050c4       0x10 zephyr/drivers/clock_control/libdrivers__clock_control.a(clock_control_nrf.c.obj)
                0x00000000000050c4                z_nrf_clock_control_get_onoff
 .text.z_nrf_clock_control_lf_on
                0x00000000000050d4       0xa4 zephyr/drivers/clock_control/libdrivers__clock_control.a(clock_control_nrf.c.obj)
                0x00000000000050d4                z_nrf_clock_control_lf_on
 .text.rtt_console_init
                0x0000000000005178       0x18 zephyr/drivers/console/libdrivers__console.a(rtt_console.c.obj)
 .text.rtt_console_out
                0x0000000000005190       0x54 zephyr/drivers/console/libdrivers__console.a(rtt_console.c.obj)
 .text.gpio_nrfx_pin_interrupt_configure
                0x00000000000051e4       0xc8 zephyr/drivers/gpio/libdrivers__gpio.a(gpio_nrfx.c.obj)
 .text.gpio_nrfx_init
                0x00000000000052ac       0x38 zephyr/drivers/gpio/libdrivers__gpio.a(gpio_nrfx.c.obj)
 .text.nrfx_gpio_handler
                0x00000000000052e4       0x3c zephyr/drivers/gpio/libdrivers__gpio.a(gpio_nrfx.c.obj)
 .text.gpio_nrfx_pin_configure
                0x0000000000005320      0x128 zephyr/drivers/gpio/libdrivers__gpio.a(gpio_nrfx.c.obj)
 .text.qdec_nrfx_channel_get
                0x0000000000005448       0x3c zephyr/drivers/sensor/qdec_nrfx/libdrivers__sensor__qdec_nrfx.a(qdec_nrfx.c.obj)
 .text.qdec_nrfx_trigger_set
                0x0000000000005484       0x3c zephyr/drivers/sensor/qdec_nrfx/libdrivers__sensor__qdec_nrfx.a(qdec_nrfx.c.obj)
 .text.accumulate.constprop.0
                0x00000000000054c0       0x4c zephyr/drivers/sensor/qdec_nrfx/libdrivers__sensor__qdec_nrfx.a(qdec_nrfx.c.obj)
 .text.qdec_nrfx_event_handler
                0x000000000000550c       0x7c zephyr/drivers/sensor/qdec_nrfx/libdrivers__sensor__qdec_nrfx.a(qdec_nrfx.c.obj)
 .text.qdec_nrfx_init.part.0
                0x0000000000005588       0x88 zephyr/drivers/sensor/qdec_nrfx/libdrivers__sensor__qdec_nrfx.a(qdec_nrfx.c.obj)
 .text.qdec_nrfx_init
                0x0000000000005610       0x44 zephyr/drivers/sensor/qdec_nrfx/libdrivers__sensor__qdec_nrfx.a(qdec_nrfx.c.obj)
 .text.hfclk_on_callback
                0x0000000000005654        0xc zephyr/drivers/sensor/nrf5/libdrivers__sensor__nrf5.a(temp_nrf5.c.obj)
 .text.temp_nrf5_channel_get
                0x0000000000005660       0x2c zephyr/drivers/sensor/nrf5/libdrivers__sensor__nrf5.a(temp_nrf5.c.obj)
 .text.temp_nrf5_isr
                0x000000000000568c       0x18 zephyr/drivers/sensor/nrf5/libdrivers__sensor__nrf5.a(temp_nrf5.c.obj)
 .text.temp_nrf5_sample_fetch
                0x00000000000056a4       0x78 zephyr/drivers/sensor/nrf5/libdrivers__sensor__nrf5.a(temp_nrf5.c.obj)
 .text.temp_nrf5_init
                0x000000000000571c       0x40 zephyr/drivers/sensor/nrf5/libdrivers__sensor__nrf5.a(temp_nrf5.c.obj)
 .text.compare_int_lock
                0x000000000000575c       0x48 zephyr/drivers/timer/libdrivers__timer.a(nrf_rtc_timer.c.obj)
 .text.sys_clock_timeout_handler
                0x00000000000057a4       0x48 zephyr/drivers/timer/libdrivers__timer.a(nrf_rtc_timer.c.obj)
 .text.compare_int_unlock
                0x00000000000057ec       0x5c zephyr/drivers/timer/libdrivers__timer.a(nrf_rtc_timer.c.obj)
 .text.z_nrf_rtc_timer_read
                0x0000000000005848       0x44 zephyr/drivers/timer/libdrivers__timer.a(nrf_rtc_timer.c.obj)
                0x0000000000005848                z_nrf_rtc_timer_read
 .text.compare_set
                0x000000000000588c      0x11c zephyr/drivers/timer/libdrivers__timer.a(nrf_rtc_timer.c.obj)
 .text.sys_clock_driver_init
                0x00000000000059a8       0x8c zephyr/drivers/timer/libdrivers__timer.a(nrf_rtc_timer.c.obj)
 .text.rtc_nrf_isr
                0x0000000000005a34       0xc4 zephyr/drivers/timer/libdrivers__timer.a(nrf_rtc_timer.c.obj)
                0x0000000000005a34                rtc_nrf_isr
 .text.sys_clock_set_timeout
                0x0000000000005af8       0x64 zephyr/drivers/timer/libdrivers__timer.a(nrf_rtc_timer.c.obj)
                0x0000000000005af8                sys_clock_set_timeout
 .text.sys_clock_elapsed
                0x0000000000005b5c       0x14 zephyr/drivers/timer/libdrivers__timer.a(nrf_rtc_timer.c.obj)
                0x0000000000005b5c                sys_clock_elapsed
 .text.k_sys_fatal_error_handler
                0x0000000000005b70       0x2c modules/nrf/lib/fatal_error/lib..__nrf__lib__fatal_error.a(fatal_error.c.obj)
                0x0000000000005b70                k_sys_fatal_error_handler
 .text.RADIO_IRQHandler
                0x0000000000005b9c       0x44 modules/nrf/subsys/esb/lib..__nrf__subsys__esb.a(esb.c.obj)
                0x0000000000005b9c                RADIO_IRQHandler
 .text.SWI0_EGU0_IRQHandler
                0x0000000000005be0       0x84 modules/nrf/subsys/esb/lib..__nrf__subsys__esb.a(esb.c.obj)
                0x0000000000005be0                SWI0_EGU0_IRQHandler
 .text.nvmc_wait
                0x0000000000005c64       0x10 modules/hal_nordic/nrfx/libmodules__hal_nordic__nrfx.a(system_nrf52820.c.obj)
                0x0000000000005c64                nvmc_wait
 .text.SystemInit
                0x0000000000005c74      0x158 modules/hal_nordic/nrfx/libmodules__hal_nordic__nrfx.a(system_nrf52820.c.obj)
                0x0000000000005c74                SystemInit
 .text.nrfx_flag32_alloc
                0x0000000000005dcc       0x40 modules/hal_nordic/nrfx/libmodules__hal_nordic__nrfx.a(nrfx_flag32_allocator.c.obj)
                0x0000000000005dcc                nrfx_flag32_alloc
 .text.nrfx_flag32_free
                0x0000000000005e0c       0x40 modules/hal_nordic/nrfx/libmodules__hal_nordic__nrfx.a(nrfx_flag32_allocator.c.obj)
                0x0000000000005e0c                nrfx_flag32_free
 .text.nrfx_clock_init
                0x0000000000005e4c       0x20 modules/hal_nordic/nrfx/libmodules__hal_nordic__nrfx.a(nrfx_clock.c.obj)
                0x0000000000005e4c                nrfx_clock_init
 .text.nrfx_clock_enable
                0x0000000000005e6c       0x24 modules/hal_nordic/nrfx/libmodules__hal_nordic__nrfx.a(nrfx_clock.c.obj)
                0x0000000000005e6c                nrfx_clock_enable
 .text.nrfx_clock_irq_handler
                0x0000000000005e90       0x50 modules/hal_nordic/nrfx/libmodules__hal_nordic__nrfx.a(nrfx_clock.c.obj)
                0x0000000000005e90                nrfx_clock_irq_handler
 .text.pin_in_use_by_te
                0x0000000000005ee0       0x14 modules/hal_nordic/nrfx/libmodules__hal_nordic__nrfx.a(nrfx_gpiote.c.obj)
 .text.call_handler
                0x0000000000005ef4       0x3c modules/hal_nordic/nrfx/libmodules__hal_nordic__nrfx.a(nrfx_gpiote.c.obj)
 .text.release_handler
                0x0000000000005f30       0x54 modules/hal_nordic/nrfx/libmodules__hal_nordic__nrfx.a(nrfx_gpiote.c.obj)
 .text.pin_handler_trigger_uninit
                0x0000000000005f84       0x38 modules/hal_nordic/nrfx/libmodules__hal_nordic__nrfx.a(nrfx_gpiote.c.obj)
 .text.nrfx_gpiote_input_configure
                0x0000000000005fbc      0x15c modules/hal_nordic/nrfx/libmodules__hal_nordic__nrfx.a(nrfx_gpiote.c.obj)
                0x0000000000005fbc                nrfx_gpiote_input_configure
 .text.nrfx_gpiote_output_configure
                0x0000000000006118       0xfc modules/hal_nordic/nrfx/libmodules__hal_nordic__nrfx.a(nrfx_gpiote.c.obj)
                0x0000000000006118                nrfx_gpiote_output_configure
 .text.nrfx_gpiote_global_callback_set
                0x0000000000006214        0xc modules/hal_nordic/nrfx/libmodules__hal_nordic__nrfx.a(nrfx_gpiote.c.obj)
                0x0000000000006214                nrfx_gpiote_global_callback_set
 .text.nrfx_gpiote_channel_get
                0x0000000000006220       0x2c modules/hal_nordic/nrfx/libmodules__hal_nordic__nrfx.a(nrfx_gpiote.c.obj)
                0x0000000000006220                nrfx_gpiote_channel_get
 .text.nrfx_gpiote_init
                0x000000000000624c       0x50 modules/hal_nordic/nrfx/libmodules__hal_nordic__nrfx.a(nrfx_gpiote.c.obj)
                0x000000000000624c                nrfx_gpiote_init
 .text.nrfx_gpiote_is_init
                0x000000000000629c       0x14 modules/hal_nordic/nrfx/libmodules__hal_nordic__nrfx.a(nrfx_gpiote.c.obj)
                0x000000000000629c                nrfx_gpiote_is_init
 .text.nrfx_gpiote_channel_free
                0x00000000000062b0        0xc modules/hal_nordic/nrfx/libmodules__hal_nordic__nrfx.a(nrfx_gpiote.c.obj)
                0x00000000000062b0                nrfx_gpiote_channel_free
 .text.nrfx_gpiote_channel_alloc
                0x00000000000062bc        0xc modules/hal_nordic/nrfx/libmodules__hal_nordic__nrfx.a(nrfx_gpiote.c.obj)
                0x00000000000062bc                nrfx_gpiote_channel_alloc
 .text.nrfx_gpiote_trigger_enable
                0x00000000000062c8       0x88 modules/hal_nordic/nrfx/libmodules__hal_nordic__nrfx.a(nrfx_gpiote.c.obj)
                0x00000000000062c8                nrfx_gpiote_trigger_enable
 .text.nrfx_gpiote_trigger_disable
                0x0000000000006350       0x50 modules/hal_nordic/nrfx/libmodules__hal_nordic__nrfx.a(nrfx_gpiote.c.obj)
                0x0000000000006350                nrfx_gpiote_trigger_disable
 .text.nrfx_gpiote_pin_uninit
                0x00000000000063a0       0x44 modules/hal_nordic/nrfx/libmodules__hal_nordic__nrfx.a(nrfx_gpiote.c.obj)
                0x00000000000063a0                nrfx_gpiote_pin_uninit
 .text.nrfx_gpiote_irq_handler
                0x00000000000063e4      0x154 modules/hal_nordic/nrfx/libmodules__hal_nordic__nrfx.a(nrfx_gpiote.c.obj)
                0x00000000000063e4                nrfx_gpiote_irq_handler
 .text.nrfx_power_init
                0x0000000000006538       0x3c modules/hal_nordic/nrfx/libmodules__hal_nordic__nrfx.a(nrfx_power.c.obj)
                0x0000000000006538                nrfx_power_init
 .text.nrfx_power_usbevt_uninit
                0x0000000000006574       0x18 modules/hal_nordic/nrfx/libmodules__hal_nordic__nrfx.a(nrfx_power.c.obj)
                0x0000000000006574                nrfx_power_usbevt_uninit
 .text.nrfx_power_usbevt_init
                0x000000000000658c       0x14 modules/hal_nordic/nrfx/libmodules__hal_nordic__nrfx.a(nrfx_power.c.obj)
                0x000000000000658c                nrfx_power_usbevt_init
 .text.nrfx_power_irq_handler
                0x00000000000065a0       0xa0 modules/hal_nordic/nrfx/libmodules__hal_nordic__nrfx.a(nrfx_power.c.obj)
                0x00000000000065a0                nrfx_power_irq_handler
 .text.nrfx_qdec_irq_handler
                0x0000000000006640       0xb4 modules/hal_nordic/nrfx/libmodules__hal_nordic__nrfx.a(nrfx_qdec.c.obj)
                0x0000000000006640                nrfx_qdec_irq_handler
 .text.nrfx_qdec_init
                0x00000000000066f4       0xdc modules/hal_nordic/nrfx/libmodules__hal_nordic__nrfx.a(nrfx_qdec.c.obj)
                0x00000000000066f4                nrfx_qdec_init
 .text.nrfx_qdec_enable
                0x00000000000067d0       0x1c modules/hal_nordic/nrfx/libmodules__hal_nordic__nrfx.a(nrfx_qdec.c.obj)
                0x00000000000067d0                nrfx_qdec_enable
 .text.nrfx_qdec_accumulators_read
                0x00000000000067ec       0x18 modules/hal_nordic/nrfx/libmodules__hal_nordic__nrfx.a(nrfx_qdec.c.obj)
                0x00000000000067ec                nrfx_qdec_accumulators_read
 .text.nrfx_spim_init
                0x0000000000006804      0x15c modules/hal_nordic/nrfx/libmodules__hal_nordic__nrfx.a(nrfx_spim.c.obj)
                0x0000000000006804                nrfx_spim_init
 .text.nrfx_spim_xfer
                0x0000000000006960       0xf8 modules/hal_nordic/nrfx/libmodules__hal_nordic__nrfx.a(nrfx_spim.c.obj)
                0x0000000000006960                nrfx_spim_xfer
 .text.nrfx_timer_2_irq_handler
                0x0000000000006a58       0x50 modules/hal_nordic/nrfx/libmodules__hal_nordic__nrfx.a(nrfx_timer.c.obj)
                0x0000000000006a58                nrfx_timer_2_irq_handler
 .text.ep_state_access
                0x0000000000006aa8       0x1c modules/hal_nordic/nrfx/libmodules__hal_nordic__nrfx.a(nrfx_usbd.c.obj)
 .text.ev_usbreset_handler
                0x0000000000006ac4       0x2c modules/hal_nordic/nrfx/libmodules__hal_nordic__nrfx.a(nrfx_usbd.c.obj)
 .text.ev_usbevent_handler
                0x0000000000006af0       0x74 modules/hal_nordic/nrfx/libmodules__hal_nordic__nrfx.a(nrfx_usbd.c.obj)
 .text.usbd_errata_187_211_begin
                0x0000000000006b64       0x40 modules/hal_nordic/nrfx/libmodules__hal_nordic__nrfx.a(nrfx_usbd.c.obj)
 .text.usbd_errata_187_211_end
                0x0000000000006ba4       0x40 modules/hal_nordic/nrfx/libmodules__hal_nordic__nrfx.a(nrfx_usbd.c.obj)
 .text.nrfx_usbd_feeder_flash
                0x0000000000006be4       0x38 modules/hal_nordic/nrfx/libmodules__hal_nordic__nrfx.a(nrfx_usbd.c.obj)
                0x0000000000006be4                nrfx_usbd_feeder_flash
 .text.nrfx_usbd_feeder_flash_zlp
                0x0000000000006c1c       0x3c modules/hal_nordic/nrfx/libmodules__hal_nordic__nrfx.a(nrfx_usbd.c.obj)
                0x0000000000006c1c                nrfx_usbd_feeder_flash_zlp
 .text.ev_sof_handler
                0x0000000000006c58       0x44 modules/hal_nordic/nrfx/libmodules__hal_nordic__nrfx.a(nrfx_usbd.c.obj)
 .text.atomic_and.constprop.0.isra.0
                0x0000000000006c9c       0x20 modules/hal_nordic/nrfx/libmodules__hal_nordic__nrfx.a(nrfx_usbd.c.obj)
 .text.nrf_usbd_epin_dma_handler
                0x0000000000006cbc       0x38 modules/hal_nordic/nrfx/libmodules__hal_nordic__nrfx.a(nrfx_usbd.c.obj)
 .text.nrf_usbd_ep0in_dma_handler
                0x0000000000006cf4       0x2c modules/hal_nordic/nrfx/libmodules__hal_nordic__nrfx.a(nrfx_usbd.c.obj)
 .text.usbd_ep_data_handler
                0x0000000000006d20       0x8c modules/hal_nordic/nrfx/libmodules__hal_nordic__nrfx.a(nrfx_usbd.c.obj)
 .text.ev_setup_data_handler
                0x0000000000006dac       0x1c modules/hal_nordic/nrfx/libmodules__hal_nordic__nrfx.a(nrfx_usbd.c.obj)
 .text.ev_dma_epout8_handler
                0x0000000000006dc8       0x48 modules/hal_nordic/nrfx/libmodules__hal_nordic__nrfx.a(nrfx_usbd.c.obj)
 .text.ev_dma_epin8_handler
                0x0000000000006e10       0x54 modules/hal_nordic/nrfx/libmodules__hal_nordic__nrfx.a(nrfx_usbd.c.obj)
 .text.usbd_enable
                0x0000000000006e64       0x4c modules/hal_nordic/nrfx/libmodules__hal_nordic__nrfx.a(nrfx_usbd.c.obj)
 .text.nrfx_usbd_uninit
                0x0000000000006eb0       0x14 modules/hal_nordic/nrfx/libmodules__hal_nordic__nrfx.a(nrfx_usbd.c.obj)
                0x0000000000006eb0                nrfx_usbd_uninit
 .text.nrfx_usbd_enable
                0x0000000000006ec4       0xa0 modules/hal_nordic/nrfx/libmodules__hal_nordic__nrfx.a(nrfx_usbd.c.obj)
                0x0000000000006ec4                nrfx_usbd_enable
 .text.nrfx_usbd_start
                0x0000000000006f64       0x3c modules/hal_nordic/nrfx/libmodules__hal_nordic__nrfx.a(nrfx_usbd.c.obj)
                0x0000000000006f64                nrfx_usbd_start
 .text.nrfx_usbd_is_enabled
                0x0000000000006fa0       0x14 modules/hal_nordic/nrfx/libmodules__hal_nordic__nrfx.a(nrfx_usbd.c.obj)
                0x0000000000006fa0                nrfx_usbd_is_enabled
 .text.nrfx_usbd_suspend
                0x0000000000006fb4       0x58 modules/hal_nordic/nrfx/libmodules__hal_nordic__nrfx.a(nrfx_usbd.c.obj)
                0x0000000000006fb4                nrfx_usbd_suspend
 .text.nrfx_usbd_init
                0x000000000000700c       0x84 modules/hal_nordic/nrfx/libmodules__hal_nordic__nrfx.a(nrfx_usbd.c.obj)
                0x000000000000700c                nrfx_usbd_init
 .text.nrfx_usbd_ep_transfer
                0x0000000000007090       0xf4 modules/hal_nordic/nrfx/libmodules__hal_nordic__nrfx.a(nrfx_usbd.c.obj)
                0x0000000000007090                nrfx_usbd_ep_transfer
 .text.nrfx_usbd_epout_size_get
                0x0000000000007184       0x28 modules/hal_nordic/nrfx/libmodules__hal_nordic__nrfx.a(nrfx_usbd.c.obj)
                0x0000000000007184                nrfx_usbd_epout_size_get
 .text.usbd_dmareq_process
                0x00000000000071ac      0x174 modules/hal_nordic/nrfx/libmodules__hal_nordic__nrfx.a(nrfx_usbd.c.obj)
 .text.ev_epdata_handler
                0x0000000000007320       0x44 modules/hal_nordic/nrfx/libmodules__hal_nordic__nrfx.a(nrfx_usbd.c.obj)
 .text.nrf_usbd_epout_dma_handler
                0x0000000000007364       0x68 modules/hal_nordic/nrfx/libmodules__hal_nordic__nrfx.a(nrfx_usbd.c.obj)
 .text.nrfx_usbd_ep_stall
                0x00000000000073cc       0x10 modules/hal_nordic/nrfx/libmodules__hal_nordic__nrfx.a(nrfx_usbd.c.obj)
                0x00000000000073cc                nrfx_usbd_ep_stall
 .text.nrfx_usbd_ep_stall_check
                0x00000000000073dc       0x34 modules/hal_nordic/nrfx/libmodules__hal_nordic__nrfx.a(nrfx_usbd.c.obj)
                0x00000000000073dc                nrfx_usbd_ep_stall_check
 .text.nrfx_usbd_ep_dtoggle_clear
                0x0000000000007410       0x18 modules/hal_nordic/nrfx/libmodules__hal_nordic__nrfx.a(nrfx_usbd.c.obj)
                0x0000000000007410                nrfx_usbd_ep_dtoggle_clear
 .text.nrfx_usbd_setup_get
                0x0000000000007428       0x4c modules/hal_nordic/nrfx/libmodules__hal_nordic__nrfx.a(nrfx_usbd.c.obj)
                0x0000000000007428                nrfx_usbd_setup_get
 .text.nrfx_usbd_setup_data_clear
                0x0000000000007474       0x10 modules/hal_nordic/nrfx/libmodules__hal_nordic__nrfx.a(nrfx_usbd.c.obj)
                0x0000000000007474                nrfx_usbd_setup_data_clear
 .text.ev_dma_epout0_handler
                0x0000000000007484       0x58 modules/hal_nordic/nrfx/libmodules__hal_nordic__nrfx.a(nrfx_usbd.c.obj)
 .text.nrfx_usbd_setup_clear
                0x00000000000074dc       0x10 modules/hal_nordic/nrfx/libmodules__hal_nordic__nrfx.a(nrfx_usbd.c.obj)
                0x00000000000074dc                nrfx_usbd_setup_clear
 .text.nrfx_usbd_setup_stall
                0x00000000000074ec       0x10 modules/hal_nordic/nrfx/libmodules__hal_nordic__nrfx.a(nrfx_usbd.c.obj)
                0x00000000000074ec                nrfx_usbd_setup_stall
 .text.nrfx_usbd_transfer_out_drop
                0x00000000000074fc       0x54 modules/hal_nordic/nrfx/libmodules__hal_nordic__nrfx.a(nrfx_usbd.c.obj)
                0x00000000000074fc                nrfx_usbd_transfer_out_drop
 .text.usbd_ep_abort
                0x0000000000007550       0xf4 modules/hal_nordic/nrfx/libmodules__hal_nordic__nrfx.a(nrfx_usbd.c.obj)
 .text.ev_setup_handler
                0x0000000000007644       0x68 modules/hal_nordic/nrfx/libmodules__hal_nordic__nrfx.a(nrfx_usbd.c.obj)
 .text.nrfx_usbd_irq_handler
                0x00000000000076ac       0x7c modules/hal_nordic/nrfx/libmodules__hal_nordic__nrfx.a(nrfx_usbd.c.obj)
                0x00000000000076ac                nrfx_usbd_irq_handler
 .text.nrfx_usbd_stop
                0x0000000000007728       0x80 modules/hal_nordic/nrfx/libmodules__hal_nordic__nrfx.a(nrfx_usbd.c.obj)
                0x0000000000007728                nrfx_usbd_stop
 .text.nrfx_usbd_disable
                0x00000000000077a8       0x34 modules/hal_nordic/nrfx/libmodules__hal_nordic__nrfx.a(nrfx_usbd.c.obj)
                0x00000000000077a8                nrfx_usbd_disable
 .text.nrfx_usbd_ep_disable
                0x00000000000077dc       0x58 modules/hal_nordic/nrfx/libmodules__hal_nordic__nrfx.a(nrfx_usbd.c.obj)
                0x00000000000077dc                nrfx_usbd_ep_disable
 .text.nrfx_usbd_ep_enable
                0x0000000000007834       0xa8 modules/hal_nordic/nrfx/libmodules__hal_nordic__nrfx.a(nrfx_usbd.c.obj)
                0x0000000000007834                nrfx_usbd_ep_enable
 .text.nrfx_usbd_ep_stall_clear
                0x00000000000078dc       0x20 modules/hal_nordic/nrfx/libmodules__hal_nordic__nrfx.a(nrfx_usbd.c.obj)
                0x00000000000078dc                nrfx_usbd_ep_stall_clear
 .text._DoInit  0x00000000000078fc       0x60 modules/segger/libmodules__segger.a(SEGGER_RTT.c.obj)
 .text.SEGGER_RTT_WriteSkipNoLock
                0x000000000000795c       0x90 modules/segger/libmodules__segger.a(SEGGER_RTT.c.obj)
                0x000000000000795c                SEGGER_RTT_WriteSkipNoLock
 .text.SEGGER_RTT_WriteNoLock
                0x00000000000079ec       0x58 modules/segger/libmodules__segger.a(SEGGER_RTT.c.obj)
                0x00000000000079ec                SEGGER_RTT_WriteNoLock
 .text.SEGGER_RTT_HasDataUp
                0x0000000000007a44       0x14 modules/segger/libmodules__segger.a(SEGGER_RTT.c.obj)
                0x0000000000007a44                SEGGER_RTT_HasDataUp
 .text.zephyr_rtt_mutex_lock
                0x0000000000007a58       0x14 modules/segger/libmodules__segger.a(SEGGER_RTT_zephyr.c.obj)
                0x0000000000007a58                zephyr_rtt_mutex_lock
 .text.zephyr_rtt_mutex_unlock
                0x0000000000007a6c        0xc modules/segger/libmodules__segger.a(SEGGER_RTT_zephyr.c.obj)
                0x0000000000007a6c                zephyr_rtt_mutex_unlock
 .text.z_fatal_error
                0x0000000000007a78       0xfc zephyr/kernel/libkernel.a(fatal.c.obj)
                0x0000000000007a78                z_fatal_error
 .text.z_sys_init_run_level
                0x0000000000007b74       0x48 zephyr/kernel/libkernel.a(init.c.obj)
 .text.bg_thread_main
                0x0000000000007bbc       0x34 zephyr/kernel/libkernel.a(init.c.obj)
 .text.z_bss_zero
                0x0000000000007bf0       0x18 zephyr/kernel/libkernel.a(init.c.obj)
                0x0000000000007bf0                z_bss_zero
 .text.z_init_cpu
                0x0000000000007c08       0x70 zephyr/kernel/libkernel.a(init.c.obj)
                0x0000000000007c08                z_init_cpu
 .text.z_cstart
                0x0000000000007c78       0xdc zephyr/kernel/libkernel.a(init.c.obj)
                0x0000000000007c78                z_cstart
 .text.init_mem_slab_module
                0x0000000000007d54       0x24 zephyr/kernel/libkernel.a(mem_slab.c.obj)
 .text.k_mem_slab_alloc
                0x0000000000007d78       0x5c zephyr/kernel/libkernel.a(mem_slab.c.obj)
                0x0000000000007d78                k_mem_slab_alloc
 .text.z_setup_new_thread
                0x0000000000007dd4       0x64 zephyr/kernel/libkernel.a(thread.c.obj)
                0x0000000000007dd4                z_setup_new_thread
 .text.z_impl_k_thread_create
                0x0000000000007e38       0x58 zephyr/kernel/libkernel.a(thread.c.obj)
                0x0000000000007e38                z_impl_k_thread_create
 .text.z_init_static_threads
                0x0000000000007e90       0xb8 zephyr/kernel/libkernel.a(thread.c.obj)
                0x0000000000007e90                z_init_static_threads
 .text.idle     0x0000000000007f48       0x38 zephyr/kernel/libkernel.a(idle.c.obj)
                0x0000000000007f48                idle
 .text.z_impl_k_mutex_lock
                0x0000000000007f80       0xf4 zephyr/kernel/libkernel.a(mutex.c.obj)
                0x0000000000007f80                z_impl_k_mutex_lock
 .text.z_impl_k_mutex_unlock
                0x0000000000008074       0x78 zephyr/kernel/libkernel.a(mutex.c.obj)
                0x0000000000008074                z_impl_k_mutex_unlock
 .text.z_impl_k_queue_get
                0x00000000000080ec       0x68 zephyr/kernel/libkernel.a(queue.c.obj)
                0x00000000000080ec                z_impl_k_queue_get
 .text.z_impl_k_sem_give
                0x0000000000008154       0x40 zephyr/kernel/libkernel.a(sem.c.obj)
                0x0000000000008154                z_impl_k_sem_give
 .text.z_impl_k_sem_take
                0x0000000000008194       0x50 zephyr/kernel/libkernel.a(sem.c.obj)
                0x0000000000008194                z_impl_k_sem_take
 .text.k_sys_work_q_init
                0x00000000000081e4       0x34 zephyr/kernel/libkernel.a(system_work_q.c.obj)
 .text.work_queue_main
                0x0000000000008218      0x138 zephyr/kernel/libkernel.a(work.c.obj)
 .text.submit_to_queue_locked
                0x0000000000008350       0xb4 zephyr/kernel/libkernel.a(work.c.obj)
 .text.k_work_queue_start
                0x0000000000008404       0x70 zephyr/kernel/libkernel.a(work.c.obj)
                0x0000000000008404                k_work_queue_start
 .text.sliceable
                0x0000000000008474       0x3c zephyr/kernel/libkernel.a(sched.c.obj)
 .text.slice_timeout
                0x00000000000084b0       0x20 zephyr/kernel/libkernel.a(sched.c.obj)
 .text.z_reset_time_slice
                0x00000000000084d0       0x50 zephyr/kernel/libkernel.a(sched.c.obj)
                0x00000000000084d0                z_reset_time_slice
 .text.update_cache
                0x0000000000008520       0x3c zephyr/kernel/libkernel.a(sched.c.obj)
 .text.move_thread_to_end_of_prio_q
                0x000000000000855c       0x74 zephyr/kernel/libkernel.a(sched.c.obj)
 .text.ready_thread
                0x00000000000085d0       0x68 zephyr/kernel/libkernel.a(sched.c.obj)
 .text.unready_thread
                0x0000000000008638       0x30 zephyr/kernel/libkernel.a(sched.c.obj)
 .text.pend_locked
                0x0000000000008668       0x30 zephyr/kernel/libkernel.a(sched.c.obj)
 .text.z_time_slice
                0x0000000000008698       0x60 zephyr/kernel/libkernel.a(sched.c.obj)
                0x0000000000008698                z_time_slice
 .text.z_pend_curr
                0x00000000000086f8       0x3c zephyr/kernel/libkernel.a(sched.c.obj)
                0x00000000000086f8                z_pend_curr
 .text.z_set_prio
                0x0000000000008734       0x8c zephyr/kernel/libkernel.a(sched.c.obj)
                0x0000000000008734                z_set_prio
 .text.z_reschedule
                0x00000000000087c0       0x24 zephyr/kernel/libkernel.a(sched.c.obj)
                0x00000000000087c0                z_reschedule
 .text.z_sched_start
                0x00000000000087e4       0x3c zephyr/kernel/libkernel.a(sched.c.obj)
                0x00000000000087e4                z_sched_start
 .text.z_impl_k_thread_suspend
                0x0000000000008820       0x64 zephyr/kernel/libkernel.a(sched.c.obj)
                0x0000000000008820                z_impl_k_thread_suspend
 .text.k_sched_lock
                0x0000000000008884       0x28 zephyr/kernel/libkernel.a(sched.c.obj)
                0x0000000000008884                k_sched_lock
 .text.k_sched_unlock
                0x00000000000088ac       0x38 zephyr/kernel/libkernel.a(sched.c.obj)
                0x00000000000088ac                k_sched_unlock
 .text.z_sched_init
                0x00000000000088e4       0x10 zephyr/kernel/libkernel.a(sched.c.obj)
                0x00000000000088e4                z_sched_init
 .text.z_impl_k_yield
                0x00000000000088f4       0x7c zephyr/kernel/libkernel.a(sched.c.obj)
                0x00000000000088f4                z_impl_k_yield
 .text.z_tick_sleep
                0x0000000000008970       0x88 zephyr/kernel/libkernel.a(sched.c.obj)
 .text.z_impl_k_sleep
                0x00000000000089f8       0x34 zephyr/kernel/libkernel.a(sched.c.obj)
                0x00000000000089f8                z_impl_k_sleep
 .text.z_impl_k_usleep
                0x0000000000008a2c       0x34 zephyr/kernel/libkernel.a(sched.c.obj)
                0x0000000000008a2c                z_impl_k_usleep
 .text.z_impl_z_current_get
                0x0000000000008a60        0xc zephyr/kernel/libkernel.a(sched.c.obj)
                0x0000000000008a60                z_impl_z_current_get
 .text.z_thread_abort
                0x0000000000008a6c       0xc0 zephyr/kernel/libkernel.a(sched.c.obj)
                0x0000000000008a6c                z_thread_abort
 .text.z_sched_wait
                0x0000000000008b2c       0x24 zephyr/kernel/libkernel.a(sched.c.obj)
                0x0000000000008b2c                z_sched_wait
 .text.z_data_copy
                0x0000000000008b50       0x34 zephyr/kernel/libkernel.a(xip.c.obj)
                0x0000000000008b50                z_data_copy
 .text.elapsed  0x0000000000008b84       0x14 zephyr/kernel/libkernel.a(timeout.c.obj)
 .text.next_timeout
                0x0000000000008b98       0x40 zephyr/kernel/libkernel.a(timeout.c.obj)
 .text.remove_timeout
                0x0000000000008bd8       0x38 zephyr/kernel/libkernel.a(timeout.c.obj)
 .text.z_add_timeout
                0x0000000000008c10       0xec zephyr/kernel/libkernel.a(timeout.c.obj)
                0x0000000000008c10                z_add_timeout
 .text.sys_clock_announce
                0x0000000000008cfc       0xd4 zephyr/kernel/libkernel.a(timeout.c.obj)
                0x0000000000008cfc                sys_clock_announce
 .text.sys_clock_tick_get
                0x0000000000008dd0       0x34 zephyr/kernel/libkernel.a(timeout.c.obj)
                0x0000000000008dd0                sys_clock_tick_get
 .text.z_timer_expiration_handler
                0x0000000000008e04       0xe4 zephyr/kernel/libkernel.a(timer.c.obj)
                0x0000000000008e04                z_timer_expiration_handler
 .text.z_impl_k_timer_start
                0x0000000000008ee8       0x60 zephyr/kernel/libkernel.a(timer.c.obj)
                0x0000000000008ee8                z_impl_k_timer_start
 .text.z_thread_aligned_alloc
                0x0000000000008f48       0x40 zephyr/kernel/libkernel.a(mempool.c.obj)
                0x0000000000008f48                z_thread_aligned_alloc
 .text.boot_banner
                0x0000000000008f88        0xc zephyr/kernel/libkernel.a(banner.c.obj)
                0x0000000000008f88                boot_banner
 .text.statics_init
                0x0000000000008f94       0x24 zephyr/kernel/libkernel.a(kheap.c.obj)
 .text.init_pmw3360_sensor
                0x0000000000008fb8        0x4 app/libapp.a(motion_sensor.c.obj)
                0x0000000000008fb8                init_pmw3360_sensor
 .text.k_busy_wait
                0x0000000000008fbc        0x4 app/libapp.a(pmw3360.c.obj)
 .text.z_log_msg_static_create.constprop.0
                0x0000000000008fc0        0x6 app/libapp.a(pmw3360.c.obj)
 .text.cbpprintf_external
                0x0000000000008fc6       0x62 zephyr/libzephyr.a(cbprintf_packaged.c.obj)
                0x0000000000008fc6                cbpprintf_external
 .text.is_ptr   0x0000000000009028       0x4a zephyr/libzephyr.a(cbprintf_packaged.c.obj)
                0x0000000000009028                is_ptr
 .text.arch_printk_char_out
                0x0000000000009072        0x4 zephyr/libzephyr.a(printk.c.obj)
                0x0000000000009072                arch_printk_char_out
 .text.str_out  0x0000000000009076       0x26 zephyr/libzephyr.a(printk.c.obj)
 .text.printk   0x000000000000909c       0x1a zephyr/libzephyr.a(printk.c.obj)
                0x000000000000909c                printk
 .text.snprintk
                0x00000000000090b6       0x1a zephyr/libzephyr.a(printk.c.obj)
                0x00000000000090b6                snprintk
 .text.z_thread_entry
                0x00000000000090d0       0x14 zephyr/libzephyr.a(thread_entry.c.obj)
                0x00000000000090d0                z_thread_entry
 .text.chunk_size
                0x00000000000090e4        0xa zephyr/libzephyr.a(heap.c.obj)
 .text.free_list_add
                0x00000000000090ee       0x4e zephyr/libzephyr.a(heap.c.obj)
 .text.free_list_remove_bidx
                0x000000000000913c       0x3a zephyr/libzephyr.a(heap.c.obj)
 .text.free_list_remove
                0x0000000000009176       0x1a zephyr/libzephyr.a(heap.c.obj)
 .text.alloc_chunk
                0x0000000000009190       0x6e zephyr/libzephyr.a(heap.c.obj)
 .text.merge_chunks
                0x00000000000091fe       0x2c zephyr/libzephyr.a(heap.c.obj)
 .text.split_chunks
                0x000000000000922a       0x34 zephyr/libzephyr.a(heap.c.obj)
 .text.free_chunk
                0x000000000000925e       0x62 zephyr/libzephyr.a(heap.c.obj)
 .text.sys_heap_free
                0x00000000000092c0       0x1e zephyr/libzephyr.a(heap.c.obj)
                0x00000000000092c0                sys_heap_free
 .text.sys_heap_alloc
                0x00000000000092de       0x52 zephyr/libzephyr.a(heap.c.obj)
                0x00000000000092de                sys_heap_alloc
 .text.sys_heap_aligned_alloc
                0x0000000000009330       0xce zephyr/libzephyr.a(heap.c.obj)
                0x0000000000009330                sys_heap_aligned_alloc
 .text.sys_heap_init
                0x00000000000093fe       0x70 zephyr/libzephyr.a(heap.c.obj)
                0x00000000000093fe                sys_heap_init
 .text.sys_slist_find_and_remove
                0x000000000000946e       0x36 zephyr/libzephyr.a(onoff.c.obj)
 .text.process_recheck
                0x00000000000094a4       0x38 zephyr/libzephyr.a(onoff.c.obj)
 .text.validate_args
                0x00000000000094dc       0x20 zephyr/libzephyr.a(onoff.c.obj)
 .text.notify_one
                0x00000000000094fc       0x2c zephyr/libzephyr.a(onoff.c.obj)
 .text.transition_complete
                0x0000000000009528       0x1c zephyr/libzephyr.a(onoff.c.obj)
 .text.onoff_manager_init
                0x0000000000009544       0x26 zephyr/libzephyr.a(onoff.c.obj)
                0x0000000000009544                onoff_manager_init
 .text.onoff_request
                0x000000000000956a       0xb0 zephyr/libzephyr.a(onoff.c.obj)
                0x000000000000956a                onoff_request
 .text.onoff_release
                0x000000000000961a       0x4a zephyr/libzephyr.a(onoff.c.obj)
                0x000000000000961a                onoff_release
 .text.onoff_cancel
                0x0000000000009664       0x38 zephyr/libzephyr.a(onoff.c.obj)
                0x0000000000009664                onoff_cancel
 .text.sys_notify_validate
                0x000000000000969c       0x22 zephyr/libzephyr.a(notify.c.obj)
                0x000000000000969c                sys_notify_validate
 .text.sys_notify_finalize
                0x00000000000096be       0x1a zephyr/libzephyr.a(notify.c.obj)
                0x00000000000096be                sys_notify_finalize
 .text.encode_uint
                0x00000000000096d8       0x8c zephyr/libzephyr.a(cbprintf_complete.c.obj)
 .text.outs     0x0000000000009764       0x2e zephyr/libzephyr.a(cbprintf_complete.c.obj)
 .text.free_space
                0x0000000000009792       0x26 zephyr/libzephyr.a(mpsc_pbuf.c.obj)
 .text.get_usage
                0x00000000000097b8       0x22 zephyr/libzephyr.a(mpsc_pbuf.c.obj)
 .text.idx_inc  0x00000000000097da       0x1c zephyr/libzephyr.a(mpsc_pbuf.c.obj)
 .text.rd_idx_inc
                0x00000000000097f6       0x18 zephyr/libzephyr.a(mpsc_pbuf.c.obj)
 .text.add_skip_item
                0x000000000000980e       0x3a zephyr/libzephyr.a(mpsc_pbuf.c.obj)
 .text.drop_item_locked
                0x0000000000009848       0xee zephyr/libzephyr.a(mpsc_pbuf.c.obj)
 .text.post_drop_action
                0x0000000000009936       0x36 zephyr/libzephyr.a(mpsc_pbuf.c.obj)
 .text.max_utilization_update
                0x000000000000996c       0x1a zephyr/libzephyr.a(mpsc_pbuf.c.obj)
 .text.mpsc_pbuf_init
                0x0000000000009986       0x42 zephyr/libzephyr.a(mpsc_pbuf.c.obj)
                0x0000000000009986                mpsc_pbuf_init
 .text.mpsc_pbuf_alloc
                0x00000000000099c8       0xfc zephyr/libzephyr.a(mpsc_pbuf.c.obj)
                0x00000000000099c8                mpsc_pbuf_alloc
 .text.mpsc_pbuf_commit
                0x0000000000009ac4       0x40 zephyr/libzephyr.a(mpsc_pbuf.c.obj)
                0x0000000000009ac4                mpsc_pbuf_commit
 .text.mpsc_pbuf_claim
                0x0000000000009b04       0xa4 zephyr/libzephyr.a(mpsc_pbuf.c.obj)
                0x0000000000009b04                mpsc_pbuf_claim
 .text.mpsc_pbuf_free
                0x0000000000009ba8       0x78 zephyr/libzephyr.a(mpsc_pbuf.c.obj)
                0x0000000000009ba8                mpsc_pbuf_free
 .text.mpsc_pbuf_is_pending
                0x0000000000009c20       0x1a zephyr/libzephyr.a(mpsc_pbuf.c.obj)
                0x0000000000009c20                mpsc_pbuf_is_pending
 .text._ConfigAbsSyms
                0x0000000000009c3a        0x2 zephyr/libzephyr.a(configs.c.obj)
                0x0000000000009c3a                _ConfigAbsSyms
 .text.log_msg_generic_get_wlen
                0x0000000000009c3c       0x20 zephyr/libzephyr.a(log_core.c.obj)
 .text.dummy_timestamp
                0x0000000000009c5c        0x4 zephyr/libzephyr.a(log_core.c.obj)
 .text.default_get_timestamp
                0x0000000000009c60        0x4 zephyr/libzephyr.a(log_core.c.obj)
 .text.atomic_inc
                0x0000000000009c64       0x1a zephyr/libzephyr.a(log_core.c.obj)
 .text.z_log_vprintk
                0x0000000000009c7e       0x1c zephyr/libzephyr.a(log_core.c.obj)
                0x0000000000009c7e                z_log_vprintk
 .text.z_log_notify_drop
                0x0000000000009c9a        0x6 zephyr/libzephyr.a(log_core.c.obj)
 .text.z_log_get_tag
                0x0000000000009ca0        0x4 zephyr/libzephyr.a(log_core.c.obj)
                0x0000000000009ca0                z_log_get_tag
 .text.z_cbprintf_cpy
                0x0000000000009ca4       0x2c zephyr/libzephyr.a(log_msg.c.obj)
 .text.z_log_msg_finalize
                0x0000000000009cd0       0x32 zephyr/libzephyr.a(log_msg.c.obj)
                0x0000000000009cd0                z_log_msg_finalize
 .text.buffer_write
                0x0000000000009d02       0x1a zephyr/libzephyr.a(log_output.c.obj)
 .text.cbvprintf
                0x0000000000009d1c        0xe zephyr/libzephyr.a(log_output.c.obj)
 .text.log_output_flush
                0x0000000000009d2a       0x1a zephyr/libzephyr.a(log_output.c.obj)
                0x0000000000009d2a                log_output_flush
 .text.out_func
                0x0000000000009d44       0x36 zephyr/libzephyr.a(log_output.c.obj)
 .text.cr_out_func
                0x0000000000009d7a       0x1c zephyr/libzephyr.a(log_output.c.obj)
 .text.get_ep_bm_from_addr
                0x0000000000009d96       0x1c zephyr/libzephyr.a(usb_device.c.obj)
 .text.usb_get_dev_data_by_cfg
                0x0000000000009db2       0x18 zephyr/libzephyr.a(usb_descriptor.c.obj)
                0x0000000000009db2                usb_get_dev_data_by_cfg
 .text.usb_get_dev_data_by_iface
                0x0000000000009dca       0x1c zephyr/libzephyr.a(usb_descriptor.c.obj)
                0x0000000000009dca                usb_get_dev_data_by_iface
 .text.usb_get_dev_data_by_ep
                0x0000000000009de6       0x2c zephyr/libzephyr.a(usb_descriptor.c.obj)
                0x0000000000009de6                usb_get_dev_data_by_ep
 .text.z_do_kernel_oops
                0x0000000000009e12        0x8 zephyr/arch/arch/arm/core/aarch32/libarch__arm__core__aarch32.a(fatal.c.obj)
                0x0000000000009e12                z_do_kernel_oops
 .text.z_irq_spurious
                0x0000000000009e1a        0x8 zephyr/arch/arch/arm/core/aarch32/libarch__arm__core__aarch32.a(irq_manage.c.obj)
                0x0000000000009e1a                z_irq_spurious
 .text.z_arm_nmi
                0x0000000000009e22        0xe zephyr/arch/arch/arm/core/aarch32/libarch__arm__core__aarch32.a(nmi.c.obj)
                0x0000000000009e22                z_arm_nmi
 .text.z_log_msg_static_create.constprop.0
                0x0000000000009e30        0x6 zephyr/arch/arch/arm/core/aarch32/cortex_m/libarch__arm__core__aarch32__cortex_m.a(fault.c.obj)
 .text.strcpy   0x0000000000009e36       0x14 zephyr/lib/libc/minimal/liblib__libc__minimal.a(string.c.obj)
                0x0000000000009e36                strcpy
 .text.strlen   0x0000000000009e4a        0xe zephyr/lib/libc/minimal/liblib__libc__minimal.a(string.c.obj)
                0x0000000000009e4a                strlen
 .text.strnlen  0x0000000000009e58       0x12 zephyr/lib/libc/minimal/liblib__libc__minimal.a(string.c.obj)
                0x0000000000009e58                strnlen
 .text.memcpy   0x0000000000009e6a       0x16 zephyr/lib/libc/minimal/liblib__libc__minimal.a(string.c.obj)
                0x0000000000009e6a                memcpy
 .text.memset   0x0000000000009e80       0x12 zephyr/lib/libc/minimal/liblib__libc__minimal.a(string.c.obj)
                0x0000000000009e80                memset
 .text._stdout_hook_default
                0x0000000000009e92        0x6 zephyr/lib/libc/minimal/liblib__libc__minimal.a(stdout_console.c.obj)
 .text.nordicsemi_nrf52_init
                0x0000000000009e98       0x1c zephyr/soc/arm/nordic_nrf/nrf52/libsoc__arm__nordic_nrf__nrf52.a(soc.c.obj)
 .text.pm_state_set
                0x0000000000009eb4       0x18 zephyr/soc/arm/nordic_nrf/nrf52/libsoc__arm__nordic_nrf__nrf52.a(power.c.obj)
                0x0000000000009eb4                pm_state_set
 .text.pm_state_exit_post_ops
                0x0000000000009ecc        0xc zephyr/soc/arm/nordic_nrf/nrf52/libsoc__arm__nordic_nrf__nrf52.a(power.c.obj)
                0x0000000000009ecc                pm_state_exit_post_ops
 .text.hid_interface_config
                0x0000000000009ed8        0x4 zephyr/subsys/usb/device/class/hid/libsubsys__usb__device__class__hid.a(core.c.obj)
 .text.usb_hid_device_init
                0x0000000000009edc        0x4 zephyr/subsys/usb/device/class/hid/libsubsys__usb__device__class__hid.a(core.c.obj)
 .text.z_log_msg_static_create.constprop.0
                0x0000000000009ee0        0x6 zephyr/subsys/usb/device/class/hid/libsubsys__usb__device__class__hid.a(core.c.obj)
 .text.ep_ctx_reset
                0x0000000000009ee6       0x26 zephyr/drivers/usb/device/libdrivers__usb__device.a(usb_dc_nrfx.c.obj)
 .text.z_log_msg_static_create.constprop.0
                0x0000000000009f0c        0x6 zephyr/drivers/usb/device/libdrivers__usb__device.a(usb_dc_nrfx.c.obj)
 .text.k_mutex_lock.constprop.0.isra.0
                0x0000000000009f12        0x4 zephyr/drivers/usb/device/libdrivers__usb__device.a(usb_dc_nrfx.c.obj)
 .text.k_mutex_unlock.isra.0
                0x0000000000009f16        0x4 zephyr/drivers/usb/device/libdrivers__usb__device.a(usb_dc_nrfx.c.obj)
 .text.usb_dc_ep_disable
                0x0000000000009f1a       0x32 zephyr/drivers/usb/device/libdrivers__usb__device.a(usb_dc_nrfx.c.obj)
                0x0000000000009f1a                usb_dc_ep_disable
 .text.get_status
                0x0000000000009f4c       0x12 zephyr/drivers/clock_control/libdrivers__clock_control.a(clock_control_nrf.c.obj)
 .text.set_on_state
                0x0000000000009f5e       0x26 zephyr/drivers/clock_control/libdrivers__clock_control.a(clock_control_nrf.c.obj)
 .text.stop     0x0000000000009f84       0x52 zephyr/drivers/clock_control/libdrivers__clock_control.a(clock_control_nrf.c.obj)
 .text.api_stop
                0x0000000000009fd6        0x6 zephyr/drivers/clock_control/libdrivers__clock_control.a(clock_control_nrf.c.obj)
 .text.async_start
                0x0000000000009fdc       0x5c zephyr/drivers/clock_control/libdrivers__clock_control.a(clock_control_nrf.c.obj)
 .text.api_start
                0x000000000000a038        0xe zephyr/drivers/clock_control/libdrivers__clock_control.a(clock_control_nrf.c.obj)
 .text.onoff_started_callback
                0x000000000000a046       0x12 zephyr/drivers/clock_control/libdrivers__clock_control.a(clock_control_nrf.c.obj)
 .text.lfclk_start
                0x000000000000a058        0x6 zephyr/drivers/clock_control/libdrivers__clock_control.a(clock_control_nrf.c.obj)
 .text.lfclk_stop
                0x000000000000a05e        0x6 zephyr/drivers/clock_control/libdrivers__clock_control.a(clock_control_nrf.c.obj)
 .text.blocking_start_callback
                0x000000000000a064        0x6 zephyr/drivers/clock_control/libdrivers__clock_control.a(clock_control_nrf.c.obj)
 .text.gpio_nrfx_port_get_raw
                0x000000000000a06a        0xe zephyr/drivers/gpio/libdrivers__gpio.a(gpio_nrfx.c.obj)
 .text.gpio_nrfx_port_set_masked_raw
                0x000000000000a078       0x18 zephyr/drivers/gpio/libdrivers__gpio.a(gpio_nrfx.c.obj)
 .text.gpio_nrfx_port_set_bits_raw
                0x000000000000a090        0xc zephyr/drivers/gpio/libdrivers__gpio.a(gpio_nrfx.c.obj)
 .text.gpio_nrfx_port_clear_bits_raw
                0x000000000000a09c        0xc zephyr/drivers/gpio/libdrivers__gpio.a(gpio_nrfx.c.obj)
 .text.gpio_nrfx_port_toggle_bits
                0x000000000000a0a8       0x1a zephyr/drivers/gpio/libdrivers__gpio.a(gpio_nrfx.c.obj)
 .text.gpio_nrfx_manage_callback
                0x000000000000a0c2       0x52 zephyr/drivers/gpio/libdrivers__gpio.a(gpio_nrfx.c.obj)
 .text.z_impl_hwinfo_get_device_id
                0x000000000000a114       0x28 zephyr/drivers/hwinfo/libdrivers__hwinfo.a(hwinfo_nrf.c.obj)
                0x000000000000a114                z_impl_hwinfo_get_device_id
 .text.pinctrl_lookup_state
                0x000000000000a13c       0x26 zephyr/drivers/pinctrl/libdrivers__pinctrl.a(common.c.obj)
                0x000000000000a13c                pinctrl_lookup_state
 .text.pinctrl_configure_pins
                0x000000000000a162       0xc8 zephyr/drivers/pinctrl/libdrivers__pinctrl.a(pinctrl_nrf.c.obj)
                0x000000000000a162                pinctrl_configure_pins
 .text.qdec_nrfx_sample_fetch
                0x000000000000a22a       0x2a zephyr/drivers/sensor/qdec_nrfx/libdrivers__sensor__qdec_nrfx.a(qdec_nrfx.c.obj)
 .text.sys_clock_idle_exit
                0x000000000000a254        0x2 zephyr/drivers/timer/libdrivers__timer.a(sys_clock_init.c.obj)
                0x000000000000a254                sys_clock_idle_exit
 .text.event_clear
                0x000000000000a256       0x18 zephyr/drivers/timer/libdrivers__timer.a(nrf_rtc_timer.c.obj)
 .text.sys_clock_cycle_get_32
                0x000000000000a26e        0x8 zephyr/drivers/timer/libdrivers__timer.a(nrf_rtc_timer.c.obj)
                0x000000000000a26e                sys_clock_cycle_get_32
 .text.mpsl_fem_api_init
                0x000000000000a276        0xa modules/nrf/subsys/mpsl/fem/lib..__nrf__subsys__mpsl__fem.a(mpsl_fem_api_init.c.obj)
 .text.nrfx_isr
                0x000000000000a280        0x2 modules/hal_nordic/nrfx/libmodules__hal_nordic__nrfx.a(nrfx_glue.c.obj)
                0x000000000000a280                nrfx_isr
 .text.nrfx_busy_wait
                0x000000000000a282        0x4 modules/hal_nordic/nrfx/libmodules__hal_nordic__nrfx.a(nrfx_glue.c.obj)
                0x000000000000a282                nrfx_busy_wait
 .text.clock_stop
                0x000000000000a286       0xb4 modules/hal_nordic/nrfx/libmodules__hal_nordic__nrfx.a(nrfx_clock.c.obj)
 .text.nrfx_clock_start
                0x000000000000a33a       0x76 modules/hal_nordic/nrfx/libmodules__hal_nordic__nrfx.a(nrfx_clock.c.obj)
                0x000000000000a33a                nrfx_clock_start
 .text.nrfx_clock_stop
                0x000000000000a3b0        0x4 modules/hal_nordic/nrfx/libmodules__hal_nordic__nrfx.a(nrfx_clock.c.obj)
                0x000000000000a3b0                nrfx_clock_stop
 .text.nrf_gpio_cfg_sense_set
                0x000000000000a3b4       0x1c modules/hal_nordic/nrfx/libmodules__hal_nordic__nrfx.a(nrfx_gpiote.c.obj)
 .text.nrf_power_event_get_and_clear.constprop.0
                0x000000000000a3d0       0x18 modules/hal_nordic/nrfx/libmodules__hal_nordic__nrfx.a(nrfx_power.c.obj)
 .text.nrfx_power_usbevt_enable
                0x000000000000a3e8        0xe modules/hal_nordic/nrfx/libmodules__hal_nordic__nrfx.a(nrfx_power.c.obj)
                0x000000000000a3e8                nrfx_power_usbevt_enable
 .text.nrfx_power_usbevt_disable
                0x000000000000a3f6        0xe modules/hal_nordic/nrfx/libmodules__hal_nordic__nrfx.a(nrfx_power.c.obj)
                0x000000000000a3f6                nrfx_power_usbevt_disable
 .text.nrfx_power_clock_irq_handler
                0x000000000000a404        0xe modules/hal_nordic/nrfx/libmodules__hal_nordic__nrfx.a(nrfx_power.c.obj)
                0x000000000000a404                nrfx_power_clock_irq_handler
 .text.nrf_gpio_pin_write
                0x000000000000a412       0x1a modules/hal_nordic/nrfx/libmodules__hal_nordic__nrfx.a(nrfx_spim.c.obj)
 .text.set_ss_pin_state
                0x000000000000a42c       0x18 modules/hal_nordic/nrfx/libmodules__hal_nordic__nrfx.a(nrfx_spim.c.obj)
 .text.nrfx_usbd_consumer
                0x000000000000a444       0x32 modules/hal_nordic/nrfx/libmodules__hal_nordic__nrfx.a(nrfx_usbd.c.obj)
                0x000000000000a444                nrfx_usbd_consumer
 .text.nrfx_usbd_feeder_ram
                0x000000000000a476       0x22 modules/hal_nordic/nrfx/libmodules__hal_nordic__nrfx.a(nrfx_usbd.c.obj)
                0x000000000000a476                nrfx_usbd_feeder_ram
 .text.nrfx_usbd_feeder_ram_zlp
                0x000000000000a498       0x28 modules/hal_nordic/nrfx/libmodules__hal_nordic__nrfx.a(nrfx_usbd.c.obj)
                0x000000000000a498                nrfx_usbd_feeder_ram_zlp
 .text.ep2bit   0x000000000000a4c0       0x10 modules/hal_nordic/nrfx/libmodules__hal_nordic__nrfx.a(nrfx_usbd.c.obj)
 .text.ev_started_handler
                0x000000000000a4d0        0x2 modules/hal_nordic/nrfx/libmodules__hal_nordic__nrfx.a(nrfx_usbd.c.obj)
 .text.ev_dma_epin7_handler
                0x000000000000a4d2        0x6 modules/hal_nordic/nrfx/libmodules__hal_nordic__nrfx.a(nrfx_usbd.c.obj)
 .text.ev_dma_epin6_handler
                0x000000000000a4d8        0x6 modules/hal_nordic/nrfx/libmodules__hal_nordic__nrfx.a(nrfx_usbd.c.obj)
 .text.ev_dma_epin5_handler
                0x000000000000a4de        0x6 modules/hal_nordic/nrfx/libmodules__hal_nordic__nrfx.a(nrfx_usbd.c.obj)
 .text.ev_dma_epin4_handler
                0x000000000000a4e4        0x6 modules/hal_nordic/nrfx/libmodules__hal_nordic__nrfx.a(nrfx_usbd.c.obj)
 .text.ev_dma_epin3_handler
                0x000000000000a4ea        0x6 modules/hal_nordic/nrfx/libmodules__hal_nordic__nrfx.a(nrfx_usbd.c.obj)
 .text.ev_dma_epin2_handler
                0x000000000000a4f0        0x6 modules/hal_nordic/nrfx/libmodules__hal_nordic__nrfx.a(nrfx_usbd.c.obj)
 .text.ev_dma_epin1_handler
                0x000000000000a4f6        0x6 modules/hal_nordic/nrfx/libmodules__hal_nordic__nrfx.a(nrfx_usbd.c.obj)
 .text.ev_dma_epin0_handler
                0x000000000000a4fc        0x4 modules/hal_nordic/nrfx/libmodules__hal_nordic__nrfx.a(nrfx_usbd.c.obj)
 .text.nrfx_usbd_ep_max_packet_size_set
                0x000000000000a500        0xa modules/hal_nordic/nrfx/libmodules__hal_nordic__nrfx.a(nrfx_usbd.c.obj)
                0x000000000000a500                nrfx_usbd_ep_max_packet_size_set
 .text.nrfx_usbd_ep_status_get
                0x000000000000a50a       0x2e modules/hal_nordic/nrfx/libmodules__hal_nordic__nrfx.a(nrfx_usbd.c.obj)
                0x000000000000a50a                nrfx_usbd_ep_status_get
 .text.ev_dma_epout7_handler
                0x000000000000a538        0x6 modules/hal_nordic/nrfx/libmodules__hal_nordic__nrfx.a(nrfx_usbd.c.obj)
 .text.ev_dma_epout6_handler
                0x000000000000a53e        0x6 modules/hal_nordic/nrfx/libmodules__hal_nordic__nrfx.a(nrfx_usbd.c.obj)
 .text.ev_dma_epout5_handler
                0x000000000000a544        0x6 modules/hal_nordic/nrfx/libmodules__hal_nordic__nrfx.a(nrfx_usbd.c.obj)
 .text.ev_dma_epout4_handler
                0x000000000000a54a        0x6 modules/hal_nordic/nrfx/libmodules__hal_nordic__nrfx.a(nrfx_usbd.c.obj)
 .text.ev_dma_epout3_handler
                0x000000000000a550        0x6 modules/hal_nordic/nrfx/libmodules__hal_nordic__nrfx.a(nrfx_usbd.c.obj)
 .text.ev_dma_epout2_handler
                0x000000000000a556        0x6 modules/hal_nordic/nrfx/libmodules__hal_nordic__nrfx.a(nrfx_usbd.c.obj)
 .text.ev_dma_epout1_handler
                0x000000000000a55c        0x6 modules/hal_nordic/nrfx/libmodules__hal_nordic__nrfx.a(nrfx_usbd.c.obj)
 .text.nrfx_usbd_ep_abort
                0x000000000000a562        0x4 modules/hal_nordic/nrfx/libmodules__hal_nordic__nrfx.a(nrfx_usbd.c.obj)
                0x000000000000a562                nrfx_usbd_ep_abort
 .text._GetAvailWriteSpace
                0x000000000000a566       0x12 modules/segger/libmodules__segger.a(SEGGER_RTT.c.obj)
 .text._WriteNoCheck
                0x000000000000a578       0x36 modules/segger/libmodules__segger.a(SEGGER_RTT.c.obj)
 .text._WriteBlocking
                0x000000000000a5ae       0x54 modules/segger/libmodules__segger.a(SEGGER_RTT.c.obj)
 .text.SEGGER_RTT_Init
                0x000000000000a602        0x4 modules/segger/libmodules__segger.a(SEGGER_RTT.c.obj)
                0x000000000000a602                SEGGER_RTT_Init
 .text.rtt_init
                0x000000000000a606        0xa modules/segger/libmodules__segger.a(SEGGER_RTT_zephyr.c.obj)
 .text.z_device_state_init
                0x000000000000a610        0x2 zephyr/kernel/libkernel.a(device.c.obj)
                0x000000000000a610                z_device_state_init
 .text.z_early_memset
                0x000000000000a612        0x4 zephyr/kernel/libkernel.a(init.c.obj)
                0x000000000000a612                z_early_memset
 .text.z_early_memcpy
                0x000000000000a616        0x4 zephyr/kernel/libkernel.a(init.c.obj)
                0x000000000000a616                z_early_memcpy
 .text.create_free_list
                0x000000000000a61a       0x2c zephyr/kernel/libkernel.a(mem_slab.c.obj)
 .text.k_mem_slab_free
                0x000000000000a646       0x52 zephyr/kernel/libkernel.a(mem_slab.c.obj)
                0x000000000000a646                k_mem_slab_free
 .text.k_is_in_isr
                0x000000000000a698        0xc zephyr/kernel/libkernel.a(thread.c.obj)
                0x000000000000a698                k_is_in_isr
 .text.z_impl_k_thread_name_set
                0x000000000000a6a4        0x6 zephyr/kernel/libkernel.a(thread.c.obj)
                0x000000000000a6a4                z_impl_k_thread_name_set
 .text.k_thread_name_get
                0x000000000000a6aa        0x4 zephyr/kernel/libkernel.a(thread.c.obj)
                0x000000000000a6aa                k_thread_name_get
 .text.z_impl_k_thread_start
                0x000000000000a6ae        0x4 zephyr/kernel/libkernel.a(thread.c.obj)
                0x000000000000a6ae                z_impl_k_thread_start
 .text.z_pm_save_idle_exit
                0x000000000000a6b2        0xe zephyr/kernel/libkernel.a(idle.c.obj)
                0x000000000000a6b2                z_pm_save_idle_exit
 .text.adjust_owner_prio.isra.0
                0x000000000000a6c0       0x10 zephyr/kernel/libkernel.a(mutex.c.obj)
 .text.z_impl_k_mutex_init
                0x000000000000a6d0        0xe zephyr/kernel/libkernel.a(mutex.c.obj)
                0x000000000000a6d0                z_impl_k_mutex_init
 .text.queue_insert
                0x000000000000a6de       0xc4 zephyr/kernel/libkernel.a(queue.c.obj)
 .text.z_queue_node_peek
                0x000000000000a7a2       0x18 zephyr/kernel/libkernel.a(queue.c.obj)
                0x000000000000a7a2                z_queue_node_peek
 .text.k_queue_append
                0x000000000000a7ba       0x16 zephyr/kernel/libkernel.a(queue.c.obj)
                0x000000000000a7ba                k_queue_append
 .text.z_impl_k_sem_init
                0x000000000000a7d0       0x18 zephyr/kernel/libkernel.a(sem.c.obj)
                0x000000000000a7d0                z_impl_k_sem_init
 .text.flag_test_and_clear
                0x000000000000a7e8       0x16 zephyr/kernel/libkernel.a(work.c.obj)
 .text.notify_queue_locked.isra.0
                0x000000000000a7fe        0xe zephyr/kernel/libkernel.a(work.c.obj)
 .text.k_work_init
                0x000000000000a80c       0x12 zephyr/kernel/libkernel.a(work.c.obj)
                0x000000000000a80c                k_work_init
 .text.z_work_submit_to_queue
                0x000000000000a81e       0x28 zephyr/kernel/libkernel.a(work.c.obj)
                0x000000000000a81e                z_work_submit_to_queue
 .text.k_work_submit_to_queue
                0x000000000000a846       0x22 zephyr/kernel/libkernel.a(work.c.obj)
                0x000000000000a846                k_work_submit_to_queue
 .text.sys_dlist_remove
                0x000000000000a868       0x10 zephyr/kernel/libkernel.a(sched.c.obj)
 .text.unpend_thread_no_timeout
                0x000000000000a878       0x14 zephyr/kernel/libkernel.a(sched.c.obj)
 .text.add_to_waitq_locked
                0x000000000000a88c       0x50 zephyr/kernel/libkernel.a(sched.c.obj)
 .text.z_ready_thread
                0x000000000000a8dc       0x20 zephyr/kernel/libkernel.a(sched.c.obj)
                0x000000000000a8dc                z_ready_thread
 .text.z_unpend_thread_no_timeout
                0x000000000000a8fc       0x24 zephyr/kernel/libkernel.a(sched.c.obj)
                0x000000000000a8fc                z_unpend_thread_no_timeout
 .text.z_sched_wake_thread
                0x000000000000a920       0x44 zephyr/kernel/libkernel.a(sched.c.obj)
                0x000000000000a920                z_sched_wake_thread
 .text.z_thread_timeout
                0x000000000000a964        0x8 zephyr/kernel/libkernel.a(sched.c.obj)
                0x000000000000a964                z_thread_timeout
 .text.z_unpend1_no_timeout
                0x000000000000a96c       0x2e zephyr/kernel/libkernel.a(sched.c.obj)
                0x000000000000a96c                z_unpend1_no_timeout
 .text.z_unpend_first_thread
                0x000000000000a99a       0x38 zephyr/kernel/libkernel.a(sched.c.obj)
                0x000000000000a99a                z_unpend_first_thread
 .text.z_unpend_thread
                0x000000000000a9d2       0x30 zephyr/kernel/libkernel.a(sched.c.obj)
                0x000000000000a9d2                z_unpend_thread
 .text.z_reschedule_irqlock
                0x000000000000aa02       0x18 zephyr/kernel/libkernel.a(sched.c.obj)
                0x000000000000aa02                z_reschedule_irqlock
 .text.z_reschedule_unlocked
                0x000000000000aa1a       0x14 zephyr/kernel/libkernel.a(sched.c.obj)
 .text.z_unpend_all
                0x000000000000aa2e       0x20 zephyr/kernel/libkernel.a(sched.c.obj)
                0x000000000000aa2e                z_unpend_all
 .text.z_sched_wake
                0x000000000000aa4e       0x46 zephyr/kernel/libkernel.a(sched.c.obj)
                0x000000000000aa4e                z_sched_wake
 .text.z_abort_timeout
                0x000000000000aa94       0x2c zephyr/kernel/libkernel.a(timeout.c.obj)
                0x000000000000aa94                z_abort_timeout
 .text.z_get_next_timeout_expiry
                0x000000000000aac0       0x20 zephyr/kernel/libkernel.a(timeout.c.obj)
                0x000000000000aac0                z_get_next_timeout_expiry
 .text.sys_clock_tick_get_32
                0x000000000000aae0        0x8 zephyr/kernel/libkernel.a(timeout.c.obj)
                0x000000000000aae0                sys_clock_tick_get_32
 .text.z_impl_k_uptime_ticks
                0x000000000000aae8        0x4 zephyr/kernel/libkernel.a(timeout.c.obj)
                0x000000000000aae8                z_impl_k_uptime_ticks
 .text.z_impl_k_busy_wait
                0x000000000000aaec        0x8 zephyr/kernel/libkernel.a(timeout.c.obj)
                0x000000000000aaec                z_impl_k_busy_wait
 .text.sys_clock_timeout_end_calc
                0x000000000000aaf4       0x44 zephyr/kernel/libkernel.a(timeout.c.obj)
                0x000000000000aaf4                sys_clock_timeout_end_calc
 .text.k_timer_init
                0x000000000000ab38       0x18 zephyr/kernel/libkernel.a(timer.c.obj)
                0x000000000000ab38                k_timer_init
 .text.z_impl_k_timer_stop
                0x000000000000ab50       0x3a zephyr/kernel/libkernel.a(timer.c.obj)
                0x000000000000ab50                z_impl_k_timer_stop
 .text.k_free   0x000000000000ab8a        0xe zephyr/kernel/libkernel.a(mempool.c.obj)
                0x000000000000ab8a                k_free
 .text.k_heap_init
                0x000000000000ab98       0x10 zephyr/kernel/libkernel.a(kheap.c.obj)
                0x000000000000ab98                k_heap_init
 .text.k_heap_aligned_alloc