Archive member included to satisfy reference by file (symbol)

app/libapp.a(buttons.c.obj)   (--whole-archive)
app/libapp.a(event_manager.c.obj)
                              (--whole-archive)
app/libapp.a(fsm.c.obj)       (--whole-archive)
app/libapp.a(hid.c.obj)       (--whole-archive)
app/libapp.a(main.c.obj)      (--whole-archive)
app/libapp.a(mouse.c.obj)     (--whole-archive)
app/libapp.a(pmw3360.c.obj)   (--whole-archive)
app/libapp.a(transmitter.c.obj)
                              (--whole-archive)
app/libapp.a(usb.c.obj)       (--whole-archive)
zephyr/libzephyr.a(cbprintf.c.obj)
                              (--whole-archive)
zephyr/libzephyr.a(cbprintf_packaged.c.obj)
                              (--whole-archive)
zephyr/libzephyr.a(crc32c_sw.c.obj)
                              (--whole-archive)
zephyr/libzephyr.a(crc32_sw.c.obj)
                              (--whole-archive)
zephyr/libzephyr.a(crc16_sw.c.obj)
                              (--whole-archive)
zephyr/libzephyr.a(crc8_sw.c.obj)
                              (--whole-archive)
zephyr/libzephyr.a(crc7_sw.c.obj)
                              (--whole-archive)
zephyr/libzephyr.a(dec.c.obj)
                              (--whole-archive)
zephyr/libzephyr.a(fdtable.c.obj)
                              (--whole-archive)
zephyr/libzephyr.a(hex.c.obj)
                              (--whole-archive)
zephyr/libzephyr.a(notify.c.obj)
                              (--whole-archive)
zephyr/libzephyr.a(printk.c.obj)
                              (--whole-archive)
zephyr/libzephyr.a(onoff.c.obj)
                              (--whole-archive)
zephyr/libzephyr.a(rb.c.obj)  (--whole-archive)
zephyr/libzephyr.a(sem.c.obj)
                              (--whole-archive)
zephyr/libzephyr.a(thread_entry.c.obj)
                              (--whole-archive)
zephyr/libzephyr.a(timeutil.c.obj)
                              (--whole-archive)
zephyr/libzephyr.a(heap.c.obj)
                              (--whole-archive)
zephyr/libzephyr.a(heap-validate.c.obj)
                              (--whole-archive)
zephyr/libzephyr.a(bitarray.c.obj)
                              (--whole-archive)
zephyr/libzephyr.a(multi_heap.c.obj)
                              (--whole-archive)
zephyr/libzephyr.a(cbprintf_complete.c.obj)
                              (--whole-archive)
zephyr/libzephyr.a(assert.c.obj)
                              (--whole-archive)
zephyr/libzephyr.a(mpsc_pbuf.c.obj)
                              (--whole-archive)
zephyr/libzephyr.a(reboot.c.obj)
                              (--whole-archive)
zephyr/libzephyr.a(configs.c.obj)
                              (--whole-archive)
zephyr/libzephyr.a(soc_nrf_common.S.obj)
                              (--whole-archive)
zephyr/libzephyr.a(validate_base_addresses.c.obj)
                              (--whole-archive)
zephyr/libzephyr.a(validate_enabled_instances.c.obj)
                              (--whole-archive)
zephyr/libzephyr.a(log_list.c.obj)
                              (--whole-archive)
zephyr/libzephyr.a(log_core.c.obj)
                              (--whole-archive)
zephyr/libzephyr.a(log_mgmt.c.obj)
                              (--whole-archive)
zephyr/libzephyr.a(log_msg.c.obj)
                              (--whole-archive)
zephyr/libzephyr.a(log_output.c.obj)
                              (--whole-archive)
zephyr/libzephyr.a(log_msg2.c.obj)
                              (--whole-archive)
zephyr/libzephyr.a(log_backend_rtt.c.obj)
                              (--whole-archive)
zephyr/libzephyr.a(usb_device.c.obj)
                              (--whole-archive)
zephyr/libzephyr.a(usb_descriptor.c.obj)
                              (--whole-archive)
zephyr/libzephyr.a(usb_transfer.c.obj)
                              (--whole-archive)
zephyr/libzephyr.a(pm.c.obj)  (--whole-archive)
zephyr/libzephyr.a(policy.c.obj)
                              (--whole-archive)
zephyr/libzephyr.a(state.c.obj)
                              (--whole-archive)
zephyr/libzephyr.a(tracing_none.c.obj)
                              (--whole-archive)
zephyr/arch/common/libarch__common.a(sw_isr_common.c.obj)
                              (--whole-archive)
zephyr/arch/arch/arm/core/aarch32/libarch__arm__core__aarch32.a(cpu_idle.S.obj)
                              (--whole-archive)
zephyr/arch/arch/arm/core/aarch32/libarch__arm__core__aarch32.a(fatal.c.obj)
                              (--whole-archive)
zephyr/arch/arch/arm/core/aarch32/libarch__arm__core__aarch32.a(irq_manage.c.obj)
                              (--whole-archive)
zephyr/arch/arch/arm/core/aarch32/libarch__arm__core__aarch32.a(nmi.c.obj)
                              (--whole-archive)
zephyr/arch/arch/arm/core/aarch32/libarch__arm__core__aarch32.a(nmi_on_reset.S.obj)
                              (--whole-archive)
zephyr/arch/arch/arm/core/aarch32/libarch__arm__core__aarch32.a(prep_c.c.obj)
                              (--whole-archive)
[...]
Memory Configuration

Name             Origin             Length             Attributes
FLASH            0x0000000000000000 0x0000000000040000 xr
SRAM             0x0000000020000000 0x0000000000008000 xw
IDT_LIST         0x00000000fffff7ff 0x0000000000000800 xw
*default*        0x0000000000000000 0xffffffffffffffff

Linker script and memory map

LOAD zephyr/CMakeFiles/zephyr_pre1.dir/misc/empty_file.c.obj
LOAD zephyr/CMakeFiles/zephyr_pre1.dir/dev_handles.c.obj
                0x0000000000000020                _region_min_align = 0x20

.rel.plt        0x0000000000000000        0x0
 *(SORT_BY_ALIGNMENT(.rel.plt))
                [!provide]                        PROVIDE (__rel_iplt_start = .)
 *(SORT_BY_ALIGNMENT(.rel.iplt))
 .rel.iplt      0x0000000000000000        0x0 app/libapp.a(buttons.c.obj)
                [!provide]                        PROVIDE (__rel_iplt_end = .)

.rela.plt       0x0000000000000000        0x0
 *(SORT_BY_ALIGNMENT(.rela.plt))
                [!provide]                        PROVIDE (__rela_iplt_start = .)
 *(SORT_BY_ALIGNMENT(.rela.iplt))
                [!provide]                        PROVIDE (__rela_iplt_end = .)

.rel.dyn
 *(SORT_BY_ALIGNMENT(.rel.*))

.rela.dyn
 *(SORT_BY_ALIGNMENT(.rela.*))

/DISCARD/
 *(SORT_BY_ALIGNMENT(.plt))
 *(SORT_BY_ALIGNMENT(.iplt))
 *(SORT_BY_ALIGNMENT(.got.plt))
 *(SORT_BY_ALIGNMENT(.igot.plt))
 *(SORT_BY_ALIGNMENT(.got))
 *(SORT_BY_ALIGNMENT(.igot))
 *(SORT_BY_ALIGNMENT(.note.GNU-stack))
                0x0000000000000000                __rom_region_start = 0x0

rom_start       0x0000000000000000       0xe0
                0x0000000000000000                . = 0x0
                0x0000000000000000                . = ALIGN (0x4)
                0x0000000000000000                . = ALIGN (0x80)
                0x0000000000000000                . = ALIGN (0x100)
                0x0000000000000000                _vector_start = .
 *(SORT_BY_ALIGNMENT(.exc_vector_table))
 *(SORT_BY_ALIGNMENT(.exc_vector_table.*))
 .exc_vector_table._vector_table_section
                0x0000000000000000       0x40 zephyr/arch/arch/arm/core/aarch32/cortex_m/libarch__arm__core__aarch32__cortex_m.a(vector_table.S.obj)
                0x0000000000000000                _vector_table
 *(SORT_BY_ALIGNMENT(.gnu.linkonce.irq_vector_table*))
 .gnu.linkonce.irq_vector_table
                0x0000000000000040       0xa0 zephyr/arch/common/libisr_tables.a(isr_tables.c.obj)
                0x0000000000000040                _irq_vector_table
 *(SORT_BY_ALIGNMENT(.vectors))
                0x00000000000000e0                _vector_end = .

text            0x00000000000000e0     0xba50
                0x00000000000000e0                __text_region_start = .
 *(SORT_BY_ALIGNMENT(.text))
 .text          0x00000000000000e0       0x30 c:/programming/ncs/toolchains/v2.0.2/opt/zephyr-sdk/arm-zephyr-eabi/bin/../lib/gcc/arm-zephyr-eabi/10.3.0/thumb/v7e-m/nofp\libgcc.a(_aeabi_uldivmod.o)
                0x00000000000000e0                __aeabi_uldivmod
 .text          0x0000000000000110        0x4 c:/programming/ncs/toolchains/v2.0.2/opt/zephyr-sdk/arm-zephyr-eabi/bin/../lib/gcc/arm-zephyr-eabi/10.3.0/thumb/v7e-m/nofp\libgcc.a(_dvmd_tls.o)
                0x0000000000000110                __aeabi_idiv0
                0x0000000000000110                __aeabi_ldiv0
 .text          0x0000000000000114      0x2a6 c:/programming/ncs/toolchains/v2.0.2/opt/zephyr-sdk/arm-zephyr-eabi/bin/../lib/gcc/arm-zephyr-eabi/10.3.0/thumb/v7e-m/nofp\libgcc.a(_udivmoddi4.o)
                0x0000000000000114                __udivmoddi4
 *(SORT_BY_ALIGNMENT(.text.*))
 *fill*         0x00000000000003ba        0x2 
 .text.event_manager_thread
                0x00000000000003bc       0x58 app/libapp.a(event_manager.c.obj)
                0x00000000000003bc                event_manager_thread
 .text.init_event_manager
                0x0000000000000414       0x5c app/libapp.a(event_manager.c.obj)
                0x0000000000000414                init_event_manager
 .text.main     0x0000000000000470       0x34 app/libapp.a(main.c.obj)
                0x0000000000000470                main
 .text.get_pmw3360_device
                0x00000000000004a4       0x78 app/libapp.a(pmw3360.c.obj)
                0x00000000000004a4                get_pmw3360_device
 .text.init_pmw3360
                0x000000000000051c       0x2c app/libapp.a(pmw3360.c.obj)
                0x000000000000051c                init_pmw3360
 .text.read_motion
                0x0000000000000548       0x5c app/libapp.a(pmw3360.c.obj)
                0x0000000000000548                read_motion
 .text.cbvprintf_package
                0x00000000000005a4      0x478 zephyr/libzephyr.a(cbprintf_packaged.c.obj)
                0x00000000000005a4                cbvprintf_package
 .text.cbprintf_package_copy
                0x0000000000000a1c      0x2a0 zephyr/libzephyr.a(cbprintf_packaged.c.obj)
                0x0000000000000a1c                cbprintf_package_copy
 .text.__printk_hook_install
                0x0000000000000cbc        0xc zephyr/libzephyr.a(printk.c.obj)
                0x0000000000000cbc                __printk_hook_install
 .text.vsnprintk
                0x0000000000000cc8       0x28 zephyr/libzephyr.a(printk.c.obj)
                0x0000000000000cc8                vsnprintk
 .text.process_event
                0x0000000000000cf0      0x1c0 zephyr/libzephyr.a(onoff.c.obj)
 .text.cbvprintf
                0x0000000000000eb0      0x784 zephyr/libzephyr.a(cbprintf_complete.c.obj)
                0x0000000000000eb0                cbvprintf
 .text.enable_logger
                0x0000000000001634       0x5c zephyr/libzephyr.a(log_core.c.obj)
 .text.log_process_thread_timer_expiry_fn
                0x0000000000001690        0xc zephyr/libzephyr.a(log_core.c.obj)
 .text.log_format_func_t_get
                0x000000000000169c        0xc zephyr/libzephyr.a(log_core.c.obj)
                0x000000000000169c                log_format_func_t_get
 .text.log_init
                0x00000000000016a8       0x58 zephyr/libzephyr.a(log_core.c.obj)
                0x00000000000016a8                log_init
 .text.z_log_notify_backend_enabled
                0x0000000000001700       0x1c zephyr/libzephyr.a(log_core.c.obj)
                0x0000000000001700                z_log_notify_backend_enabled
 .text.z_log_dropped
                0x000000000000171c       0x3c zephyr/libzephyr.a(log_core.c.obj)
                0x000000000000171c                z_log_dropped
 .text.z_log_dropped_read_and_clear
                0x0000000000001758       0x20 zephyr/libzephyr.a(log_core.c.obj)
                0x0000000000001758                z_log_dropped_read_and_clear
 .text.dropped_notify
                0x0000000000001778       0x38 zephyr/libzephyr.a(log_core.c.obj)
                0x0000000000001778                dropped_notify
 .text.z_log_msg2_init
                0x00000000000017b0       0x10 zephyr/libzephyr.a(log_core.c.obj)
                0x00000000000017b0                z_log_msg2_init
 .text.log_core_init
                0x00000000000017c0       0x34 zephyr/libzephyr.a(log_core.c.obj)
                0x00000000000017c0                log_core_init
 .text.z_log_msg2_alloc
                0x00000000000017f4       0x10 zephyr/libzephyr.a(log_core.c.obj)
                0x00000000000017f4                z_log_msg2_alloc
 .text.z_log_msg2_claim
                0x0000000000001804        0xc zephyr/libzephyr.a(log_core.c.obj)
                0x0000000000001804                z_log_msg2_claim
 .text.z_log_msg2_free
                0x0000000000001810        0xc zephyr/libzephyr.a(log_core.c.obj)
                0x0000000000001810                z_log_msg2_free
 .text.z_log_msg2_pending
                0x000000000000181c        0xc zephyr/libzephyr.a(log_core.c.obj)
                0x000000000000181c                z_log_msg2_pending
 .text.z_impl_log_process
                0x0000000000001828       0x8c zephyr/libzephyr.a(log_core.c.obj)
                0x0000000000001828                z_impl_log_process
 .text.log_process_thread_func
                0x00000000000018b4       0x48 zephyr/libzephyr.a(log_core.c.obj)
 .text.z_log_msg_post_finalize
                0x00000000000018fc       0x8c zephyr/libzephyr.a(log_core.c.obj)
 .text.z_log_msg2_commit
                0x0000000000001988       0x24 zephyr/libzephyr.a(log_core.c.obj)
                0x0000000000001988                z_log_msg2_commit
 .text.z_impl_log_panic
                0x00000000000019ac       0x48 zephyr/libzephyr.a(log_core.c.obj)
                0x00000000000019ac                z_impl_log_panic
 .text.log_source_name_get
                0x00000000000019f4       0x1c zephyr/libzephyr.a(log_mgmt.c.obj)
                0x00000000000019f4                log_source_name_get
 .text.log_backend_enable
                0x0000000000001a10       0x1c zephyr/libzephyr.a(log_mgmt.c.obj)
                0x0000000000001a10                log_backend_enable
 .text.print_formatted
                0x0000000000001a2c       0x24 zephyr/libzephyr.a(log_output.c.obj)
 .text.hexdump_line_print
                0x0000000000001a50       0xdc zephyr/libzephyr.a(log_output.c.obj)
 .text.prefix_print
                0x0000000000001b2c      0x148 zephyr/libzephyr.a(log_output.c.obj)
 .text.postfix_print
                0x0000000000001c74       0x3c zephyr/libzephyr.a(log_output.c.obj)
 .text.log_output_msg2_process
                0x0000000000001cb0       0xc8 zephyr/libzephyr.a(log_output.c.obj)
                0x0000000000001cb0                log_output_msg2_process
 .text.log_output_dropped_process
                0x0000000000001d78       0x58 zephyr/libzephyr.a(log_output.c.obj)
                0x0000000000001d78                log_output_dropped_process
 .text.log_output_timestamp_freq_set
                0x0000000000001dd0       0x30 zephyr/libzephyr.a(log_output.c.obj)
                0x0000000000001dd0                log_output_timestamp_freq_set
 .text.z_impl_z_log_msg2_runtime_vcreate
                0x0000000000001e00       0x9c zephyr/libzephyr.a(log_msg2.c.obj)
                0x0000000000001e00                z_impl_z_log_msg2_runtime_vcreate
 .text.log_backend_rtt_init
                0x0000000000001e9c        0xc zephyr/libzephyr.a(log_backend_rtt.c.obj)
 .text.format_set
                0x0000000000001ea8        0xc zephyr/libzephyr.a(log_backend_rtt.c.obj)
 .text.panic    0x0000000000001eb4       0x14 zephyr/libzephyr.a(log_backend_rtt.c.obj)
 .text.dropped  0x0000000000001ec8        0xc zephyr/libzephyr.a(log_backend_rtt.c.obj)
 .text.process  0x0000000000001ed4       0x24 zephyr/libzephyr.a(log_backend_rtt.c.obj)
 .text.on_failed_write.part.0
                0x0000000000001ef8       0x1c zephyr/libzephyr.a(log_backend_rtt.c.obj)
 .text.data_out_block_mode
                0x0000000000001f14       0xa0 zephyr/libzephyr.a(log_backend_rtt.c.obj)
 .text.class_handler
                0x0000000000001fb4       0x40 zephyr/libzephyr.a(usb_device.c.obj)
 .text.custom_handler
                0x0000000000001ff4       0x60 zephyr/libzephyr.a(usb_device.c.obj)
 .text.vendor_handler
                0x0000000000002054       0x3c zephyr/libzephyr.a(usb_device.c.obj)
 .text.usb_reset_alt_setting
                0x0000000000002090       0x10 zephyr/libzephyr.a(usb_device.c.obj)
 .text.is_ep_valid.part.0
                0x00000000000020a0       0x38 zephyr/libzephyr.a(usb_device.c.obj)
 .text.usb_device_init.part.0
                0x00000000000020d8       0x2c zephyr/libzephyr.a(usb_device.c.obj)
 .text.usb_halt_endpoint_req.isra.0
                0x0000000000002104       0x58 zephyr/libzephyr.a(usb_device.c.obj)
 .text.set_endpoint
                0x000000000000215c       0x8c zephyr/libzephyr.a(usb_device.c.obj)
 .text.usb_handle_standard_request
                0x00000000000021e8      0x350 zephyr/libzephyr.a(usb_device.c.obj)
 .text.usb_set_config
                0x0000000000002538       0x2c zephyr/libzephyr.a(usb_device.c.obj)
                0x0000000000002538                usb_set_config
 .text.usb_device_init
                0x0000000000002564       0x2c zephyr/libzephyr.a(usb_device.c.obj)
 .text.usb_update_sn_string_descriptor
                0x0000000000002590       0x88 zephyr/libzephyr.a(usb_descriptor.c.obj)
                0x0000000000002590                usb_update_sn_string_descriptor
 .text.usb_fix_descriptor
                0x0000000000002618      0x234 zephyr/libzephyr.a(usb_descriptor.c.obj)
 .text.usb_get_device_descriptor
                0x000000000000284c       0x38 zephyr/libzephyr.a(usb_descriptor.c.obj)
                0x000000000000284c                usb_get_device_descriptor
 .text.usb_ep_get_transfer
                0x0000000000002884       0x2c zephyr/libzephyr.a(usb_transfer.c.obj)
 .text.usb_cancel_transfer
                0x00000000000028b0       0x3c zephyr/libzephyr.a(usb_transfer.c.obj)
                0x00000000000028b0                usb_cancel_transfer
 .text.pm_state_notify
                0x00000000000028ec       0x5c zephyr/libzephyr.a(pm.c.obj)
 .text.atomic_clear_bit.constprop.0
                0x0000000000002948       0x30 zephyr/libzephyr.a(pm.c.obj)
 .text.pm_system_resume
                0x0000000000002978       0x7c zephyr/libzephyr.a(pm.c.obj)
                0x0000000000002978                pm_system_resume
 .text.pm_system_suspend
                0x00000000000029f4       0xec zephyr/libzephyr.a(pm.c.obj)
                0x00000000000029f4                pm_system_suspend
 .text.pm_policy_state_lock_is_active
                0x0000000000002ae0       0x1c zephyr/libzephyr.a(policy.c.obj)
                0x0000000000002ae0                pm_policy_state_lock_is_active
 .text.pm_policy_next_state
                0x0000000000002afc       0x9c zephyr/libzephyr.a(policy.c.obj)
                0x0000000000002afc                pm_policy_next_state
 .text.pm_state_cpu_get_all
                0x0000000000002b98       0x10 zephyr/libzephyr.a(state.c.obj)
                0x0000000000002b98                pm_state_cpu_get_all
 .text.z_arm_cpu_idle_init
                0x0000000000002ba8        0xc zephyr/arch/arch/arm/core/aarch32/libarch__arm__core__aarch32.a(cpu_idle.S.obj)
                0x0000000000002ba8                z_arm_cpu_idle_init
 .text.arch_cpu_idle
                0x0000000000002bb4       0x1c zephyr/arch/arch/arm/core/aarch32/libarch__arm__core__aarch32.a(cpu_idle.S.obj)
                0x0000000000002bb4                arch_cpu_idle
 .text.arch_cpu_atomic_idle
                0x0000000000002bd0       0x14 zephyr/arch/arch/arm/core/aarch32/libarch__arm__core__aarch32.a(cpu_idle.S.obj)
                0x0000000000002bd0                arch_cpu_atomic_idle
 .text.z_arm_fatal_error
                0x0000000000002be4       0xcc zephyr/arch/arch/arm/core/aarch32/libarch__arm__core__aarch32.a(fatal.c.obj)
                0x0000000000002be4                z_arm_fatal_error
 .text.arch_irq_enable
                0x0000000000002cb0       0x20 zephyr/arch/arch/arm/core/aarch32/libarch__arm__core__aarch32.a(irq_manage.c.obj)
                0x0000000000002cb0                arch_irq_enable
 .text.arch_irq_disable
                0x0000000000002cd0       0x28 zephyr/arch/arch/arm/core/aarch32/libarch__arm__core__aarch32.a(irq_manage.c.obj)
                0x0000000000002cd0                arch_irq_disable
 .text.arch_irq_is_enabled
                0x0000000000002cf8       0x1c zephyr/arch/arch/arm/core/aarch32/libarch__arm__core__aarch32.a(irq_manage.c.obj)
                0x0000000000002cf8                arch_irq_is_enabled
 .text.z_arm_irq_priority_set
                0x0000000000002d14       0x30 zephyr/arch/arch/arm/core/aarch32/libarch__arm__core__aarch32.a(irq_manage.c.obj)
                0x0000000000002d14                z_arm_irq_priority_set
 .text._arch_isr_direct_pm
                0x0000000000002d44       0x1c zephyr/arch/arch/arm/core/aarch32/libarch__arm__core__aarch32.a(irq_manage.c.obj)
                0x0000000000002d44                _arch_isr_direct_pm
 .text.z_SysNmiOnReset
                0x0000000000002d60        0x8 zephyr/arch/arch/arm/core/aarch32/libarch__arm__core__aarch32.a(nmi_on_reset.S.obj)
                0x0000000000002d60                z_SysNmiOnReset
 .text.z_arm_prep_c
                0x0000000000002d68       0x2c zephyr/arch/arch/arm/core/aarch32/libarch__arm__core__aarch32.a(prep_c.c.obj)
                0x0000000000002d68                z_arm_prep_c
 .text.arch_swap
                0x0000000000002d94       0x34 zephyr/arch/arch/arm/core/aarch32/libarch__arm__core__aarch32.a(swap.c.obj)
                0x0000000000002d94                arch_swap
 .text.z_arm_pendsv
                0x0000000000002dc8       0x54 zephyr/arch/arch/arm/core/aarch32/libarch__arm__core__aarch32.a(swap_helper.S.obj)
                0x0000000000002dc8                z_arm_pendsv
 .text.z_arm_svc
                0x0000000000002e1c       0x20 zephyr/arch/arch/arm/core/aarch32/libarch__arm__core__aarch32.a(swap_helper.S.obj)
                0x0000000000002e1c                z_arm_svc
 .text.arch_new_thread
                0x0000000000002e3c       0x38 zephyr/arch/arch/arm/core/aarch32/libarch__arm__core__aarch32.a(thread.c.obj)
                0x0000000000002e3c                arch_new_thread
 .text.z_check_thread_stack_fail
                0x0000000000002e74       0x2c zephyr/arch/arch/arm/core/aarch32/libarch__arm__core__aarch32.a(thread.c.obj)
                0x0000000000002e74                z_check_thread_stack_fail
 .text.arch_switch_to_main_thread
                0x0000000000002ea0       0x2c zephyr/arch/arch/arm/core/aarch32/libarch__arm__core__aarch32.a(thread.c.obj)
                0x0000000000002ea0                arch_switch_to_main_thread
 .text._isr_wrapper
                0x0000000000002ecc       0x40 zephyr/arch/arch/arm/core/aarch32/libarch__arm__core__aarch32.a(isr_wrapper.S.obj)
                0x0000000000002ecc                _isr_wrapper
 .text._HandlerModeExit
                0x0000000000002f0c       0x1c zephyr/arch/arch/arm/core/aarch32/cortex_m/libarch__arm__core__aarch32__cortex_m.a(exc_exit.S.obj)
                0x0000000000002f0c                z_arm_int_exit
                0x0000000000002f0c                z_arm_exc_exit
 .text.bus_fault.constprop.0
                0x0000000000002f28      0x120 zephyr/arch/arch/arm/core/aarch32/cortex_m/libarch__arm__core__aarch32__cortex_m.a(fault.c.obj)
 .text.usage_fault.constprop.0
                0x0000000000003048       0xf8 zephyr/arch/arch/arm/core/aarch32/cortex_m/libarch__arm__core__aarch32__cortex_m.a(fault.c.obj)
 .text.mem_manage_fault
                0x0000000000003140      0x138 zephyr/arch/arch/arm/core/aarch32/cortex_m/libarch__arm__core__aarch32__cortex_m.a(fault.c.obj)
 .text.z_arm_fault
                0x0000000000003278      0x214 zephyr/arch/arch/arm/core/aarch32/cortex_m/libarch__arm__core__aarch32__cortex_m.a(fault.c.obj)
                0x0000000000003278                z_arm_fault
 .text.z_arm_fault_init
                0x000000000000348c       0x10 zephyr/arch/arch/arm/core/aarch32/cortex_m/libarch__arm__core__aarch32__cortex_m.a(fault.c.obj)
                0x000000000000348c                z_arm_fault_init
 .text.__fault  0x000000000000349c       0x14 zephyr/arch/arch/arm/core/aarch32/cortex_m/libarch__arm__core__aarch32__cortex_m.a(fault_s.S.obj)
                0x000000000000349c                z_arm_usage_fault
                0x000000000000349c                z_arm_mpu_fault
                0x000000000000349c                z_arm_exc_spurious
                0x000000000000349c                z_arm_debug_monitor
                0x000000000000349c                z_arm_hard_fault
                0x000000000000349c                z_arm_bus_fault
 .text.z_arm_interrupt_init
                0x00000000000034b0       0x18 zephyr/arch/arch/arm/core/aarch32/cortex_m/libarch__arm__core__aarch32__cortex_m.a(irq_init.c.obj)
                0x00000000000034b0                z_arm_interrupt_init
 .text._reset_section
                0x00000000000034c8       0x54 zephyr/arch/arch/arm/core/aarch32/cortex_m/libarch__arm__core__aarch32__cortex_m.a(reset.S.obj)
                0x00000000000034c8                __start
                0x00000000000034c8                z_arm_reset
 .text.z_arm_clear_arm_mpu_config
                0x000000000000351c       0x24 zephyr/arch/arch/arm/core/aarch32/cortex_m/libarch__arm__core__aarch32__cortex_m.a(scb.c.obj)
                0x000000000000351c                z_arm_clear_arm_mpu_config
 .text.z_arm_init_arch_hw_at_boot
                0x0000000000003540       0x64 zephyr/arch/arch/arm/core/aarch32/cortex_m/libarch__arm__core__aarch32__cortex_m.a(scb.c.obj)
                0x0000000000003540                z_arm_init_arch_hw_at_boot
 .text.z_impl_k_thread_abort
                0x00000000000035a4       0x2c zephyr/arch/arch/arm/core/aarch32/cortex_m/libarch__arm__core__aarch32__cortex_m.a(thread_abort.c.obj)
                0x00000000000035a4                z_impl_k_thread_abort
 .text.z_arm_configure_static_mpu_regions
                0x00000000000035d0       0x18 zephyr/arch/arch/arm/core/aarch32/mpu/libarch__arm__core__aarch32__mpu.a(arm_core_mpu.c.obj)
                0x00000000000035d0                z_arm_configure_static_mpu_regions
 .text.z_arm_configure_dynamic_mpu_regions
                0x00000000000035e8       0x20 zephyr/arch/arch/arm/core/aarch32/mpu/libarch__arm__core__aarch32__mpu.a(arm_core_mpu.c.obj)
                0x00000000000035e8                z_arm_configure_dynamic_mpu_regions
 .text.mpu_configure_regions
                0x0000000000003608       0xc8 zephyr/arch/arch/arm/core/aarch32/mpu/libarch__arm__core__aarch32__mpu.a(arm_mpu.c.obj)
 .text.arm_core_mpu_enable
                0x00000000000036d0       0x18 zephyr/arch/arch/arm/core/aarch32/mpu/libarch__arm__core__aarch32__mpu.a(arm_mpu.c.obj)
                0x00000000000036d0                arm_core_mpu_enable
 .text.arm_core_mpu_disable
                0x00000000000036e8       0x14 zephyr/arch/arch/arm/core/aarch32/mpu/libarch__arm__core__aarch32__mpu.a(arm_mpu.c.obj)
                0x00000000000036e8                arm_core_mpu_disable
 .text.arm_core_mpu_configure_static_mpu_regions
                0x00000000000036fc       0x14 zephyr/arch/arch/arm/core/aarch32/mpu/libarch__arm__core__aarch32__mpu.a(arm_mpu.c.obj)
                0x00000000000036fc                arm_core_mpu_configure_static_mpu_regions
 .text.arm_core_mpu_configure_dynamic_mpu_regions
                0x0000000000003710       0x30 zephyr/arch/arch/arm/core/aarch32/mpu/libarch__arm__core__aarch32__mpu.a(arm_mpu.c.obj)
                0x0000000000003710                arm_core_mpu_configure_dynamic_mpu_regions
 .text.z_arm_mpu_init
                0x0000000000003740       0x60 zephyr/arch/arch/arm/core/aarch32/mpu/libarch__arm__core__aarch32__mpu.a(arm_mpu.c.obj)
                0x0000000000003740                z_arm_mpu_init
 .text.__stdout_hook_install
                0x00000000000037a0        0xc zephyr/lib/libc/minimal/liblib__libc__minimal.a(stdout_console.c.obj)
                0x00000000000037a0                __stdout_hook_install
 .text.sys_arch_reboot
                0x00000000000037ac       0x2c zephyr/soc/arm/nordic_nrf/nrf52/libsoc__arm__nordic_nrf__nrf52.a(soc.c.obj)
                0x00000000000037ac                sys_arch_reboot
 .text.arch_busy_wait
                0x00000000000037d8       0x14 zephyr/soc/arm/nordic_nrf/nrf52/libsoc__arm__nordic_nrf__nrf52.a(soc.c.obj)
                0x00000000000037d8                arch_busy_wait
 .text.hid_status_cb.part.0
                0x00000000000037ec       0x2c zephyr/subsys/usb/device/class/hid/libsubsys__usb__device__class__hid.a(core.c.obj)
 .text.hid_status_cb
                0x0000000000003818      0x10c zephyr/subsys/usb/device/class/hid/libsubsys__usb__device__class__hid.a(core.c.obj)
 .text.hid_class_handle_req
                0x0000000000003924       0xbc zephyr/subsys/usb/device/class/hid/libsubsys__usb__device__class__hid.a(core.c.obj)
 .text.hid_custom_handle_req
                0x00000000000039e0       0xac zephyr/subsys/usb/device/class/hid/libsubsys__usb__device__class__hid.a(core.c.obj)
 .text.hid_int_in.part.0
                0x0000000000003a8c       0x2c zephyr/subsys/usb/device/class/hid/libsubsys__usb__device__class__hid.a(core.c.obj)
 .text.hid_int_in
                0x0000000000003ab8       0x38 zephyr/subsys/usb/device/class/hid/libsubsys__usb__device__class__hid.a(core.c.obj)
 .text.hid_int_ep_write
                0x0000000000003af0       0x44 zephyr/subsys/usb/device/class/hid/libsubsys__usb__device__class__hid.a(core.c.obj)
                0x0000000000003af0                hid_int_ep_write
 .text.endpoint_ctx
                0x0000000000003b34       0x50 zephyr/drivers/usb/device/libdrivers__usb__device.a(usb_dc_nrfx.c.obj)
 .text.usbd_evt_put
                0x0000000000003b84        0xc zephyr/drivers/usb/device/libdrivers__usb__device.a(usb_dc_nrfx.c.obj)
 .text.usbd_work_schedule
                0x0000000000003b90       0x10 zephyr/drivers/usb/device/libdrivers__usb__device.a(usb_dc_nrfx.c.obj)
 .text.usb_init
                0x0000000000003ba0       0x48 zephyr/drivers/usb/device/libdrivers__usb__device.a(usb_dc_nrfx.c.obj)
 .text.usbd_evt_get
                0x0000000000003be8       0x10 zephyr/drivers/usb/device/libdrivers__usb__device.a(usb_dc_nrfx.c.obj)
 .text.usbd_evt_flush
                0x0000000000003bf8       0x1c zephyr/drivers/usb/device/libdrivers__usb__device.a(usb_dc_nrfx.c.obj)
 .text.usbd_evt_alloc
                0x0000000000003c14       0x78 zephyr/drivers/usb/device/libdrivers__usb__device.a(usb_dc_nrfx.c.obj)
 .text.usbd_event_transfer_data
                0x0000000000003c8c       0xd4 zephyr/drivers/usb/device/libdrivers__usb__device.a(usb_dc_nrfx.c.obj)
 .text.usb_dc_power_event_handler
                0x0000000000003d60       0x5c zephyr/drivers/usb/device/libdrivers__usb__device.a(usb_dc_nrfx.c.obj)
 .text.hfxo_stop.constprop.0.isra.0
                0x0000000000003dbc       0x44 zephyr/drivers/usb/device/libdrivers__usb__device.a(usb_dc_nrfx.c.obj)
 .text.usbd_event_handler
                0x0000000000003e00      0x168 zephyr/drivers/usb/device/libdrivers__usb__device.a(usb_dc_nrfx.c.obj)
 .text.eps_ctx_init
                0x0000000000003f68       0x68 zephyr/drivers/usb/device/libdrivers__usb__device.a(usb_dc_nrfx.c.obj)
 .text.usbd_work_handler
                0x0000000000003fd0      0x3a8 zephyr/drivers/usb/device/libdrivers__usb__device.a(usb_dc_nrfx.c.obj)
 .text.usb_dc_set_address
                0x0000000000004378       0x24 zephyr/drivers/usb/device/libdrivers__usb__device.a(usb_dc_nrfx.c.obj)
                0x0000000000004378                usb_dc_set_address
 .text.usb_dc_ep_check_cap
                0x000000000000439c       0x54 zephyr/drivers/usb/device/libdrivers__usb__device.a(usb_dc_nrfx.c.obj)
                0x000000000000439c                usb_dc_ep_check_cap
 .text.usb_dc_ep_configure
                0x00000000000043f0       0x64 zephyr/drivers/usb/device/libdrivers__usb__device.a(usb_dc_nrfx.c.obj)
                0x00000000000043f0                usb_dc_ep_configure
 .text.usb_dc_ep_set_stall
                0x0000000000004454       0x70 zephyr/drivers/usb/device/libdrivers__usb__device.a(usb_dc_nrfx.c.obj)
                0x0000000000004454                usb_dc_ep_set_stall
 .text.usb_dc_ep_clear_stall
                0x00000000000044c4       0x40 zephyr/drivers/usb/device/libdrivers__usb__device.a(usb_dc_nrfx.c.obj)
                0x00000000000044c4                usb_dc_ep_clear_stall
 .text.usb_dc_ep_is_stalled
                0x0000000000004504       0x38 zephyr/drivers/usb/device/libdrivers__usb__device.a(usb_dc_nrfx.c.obj)
                0x0000000000004504                usb_dc_ep_is_stalled
 .text.usb_dc_ep_enable
                0x000000000000453c       0x54 zephyr/drivers/usb/device/libdrivers__usb__device.a(usb_dc_nrfx.c.obj)
                0x000000000000453c                usb_dc_ep_enable
 .text.usb_dc_ep_disable
                0x0000000000004590       0x4c zephyr/drivers/usb/device/libdrivers__usb__device.a(usb_dc_nrfx.c.obj)
                0x0000000000004590                usb_dc_ep_disable
 .text.usb_dc_ep_write
                0x00000000000045dc      0x13c zephyr/drivers/usb/device/libdrivers__usb__device.a(usb_dc_nrfx.c.obj)
                0x00000000000045dc                usb_dc_ep_write
 .text.onoff_stop
                0x0000000000004718       0x30 zephyr/drivers/clock_control/libdrivers__clock_control.a(clock_control_nrf.c.obj)
 .text.onoff_start
                0x0000000000004748       0x44 zephyr/drivers/clock_control/libdrivers__clock_control.a(clock_control_nrf.c.obj)
 .text.clk_init
                0x000000000000478c       0x60 zephyr/drivers/clock_control/libdrivers__clock_control.a(clock_control_nrf.c.obj)
 .text.clkstarted_handle.constprop.0
                0x00000000000047ec       0x34 zephyr/drivers/clock_control/libdrivers__clock_control.a(clock_control_nrf.c.obj)
 .text.clock_event_handler
                0x0000000000004820       0x34 zephyr/drivers/clock_control/libdrivers__clock_control.a(clock_control_nrf.c.obj)
 .text.generic_hfclk_start
                0x0000000000004854       0x64 zephyr/drivers/clock_control/libdrivers__clock_control.a(clock_control_nrf.c.obj)
 .text.api_blocking_start
                0x00000000000048b8       0x34 zephyr/drivers/clock_control/libdrivers__clock_control.a(clock_control_nrf.c.obj)
 .text.generic_hfclk_stop
                0x00000000000048ec       0x2c zephyr/drivers/clock_control/libdrivers__clock_control.a(clock_control_nrf.c.obj)
 .text.z_nrf_clock_control_get_onoff
                0x0000000000004918       0x10 zephyr/drivers/clock_control/libdrivers__clock_control.a(clock_control_nrf.c.obj)
                0x0000000000004918                z_nrf_clock_control_get_onoff
 .text.z_nrf_clock_control_lf_on
                0x0000000000004928       0xb4 zephyr/drivers/clock_control/libdrivers__clock_control.a(clock_control_nrf.c.obj)
                0x0000000000004928                z_nrf_clock_control_lf_on
 .text.temp_sensor_init.part.0
                0x00000000000049dc       0x2c zephyr/drivers/clock_control/libdrivers__clock_control.a(nrf_clock_calibration.c.obj)
 .text.start_cal_process
                0x0000000000004a08       0x48 zephyr/drivers/clock_control/libdrivers__clock_control.a(nrf_clock_calibration.c.obj)
 .text.temp_sensor_init
                0x0000000000004a50       0x24 zephyr/drivers/clock_control/libdrivers__clock_control.a(nrf_clock_calibration.c.obj)
 .text.start_cycle
                0x0000000000004a74       0x38 zephyr/drivers/clock_control/libdrivers__clock_control.a(nrf_clock_calibration.c.obj)
 .text.measure_temperature
                0x0000000000004aac       0x8c zephyr/drivers/clock_control/libdrivers__clock_control.a(nrf_clock_calibration.c.obj)
 .text.cal_hf_callback
                0x0000000000004b38       0x2c zephyr/drivers/clock_control/libdrivers__clock_control.a(nrf_clock_calibration.c.obj)
 .text.z_nrf_clock_calibration_init
                0x0000000000004b64       0x1c zephyr/drivers/clock_control/libdrivers__clock_control.a(nrf_clock_calibration.c.obj)
                0x0000000000004b64                z_nrf_clock_calibration_init
 .text.z_nrf_clock_calibration_lfclk_started
                0x0000000000004b80       0x10 zephyr/drivers/clock_control/libdrivers__clock_control.a(nrf_clock_calibration.c.obj)
                0x0000000000004b80                z_nrf_clock_calibration_lfclk_started
 .text.z_nrf_clock_calibration_lfclk_stopped
                0x0000000000004b90        0xc zephyr/drivers/clock_control/libdrivers__clock_control.a(nrf_clock_calibration.c.obj)
                0x0000000000004b90                z_nrf_clock_calibration_lfclk_stopped
 .text.z_nrf_clock_calibration_done_handler
                0x0000000000004b9c       0x10 zephyr/drivers/clock_control/libdrivers__clock_control.a(nrf_clock_calibration.c.obj)
                0x0000000000004b9c                z_nrf_clock_calibration_done_handler
 .text.rtt_console_init
                0x0000000000004bac       0x18 zephyr/drivers/console/libdrivers__console.a(rtt_console.c.obj)
 .text.rtt_console_out
                0x0000000000004bc4       0x6c zephyr/drivers/console/libdrivers__console.a(rtt_console.c.obj)
 .text.gpio_nrfx_pin_interrupt_configure
                0x0000000000004c30       0xc8 zephyr/drivers/gpio/libdrivers__gpio.a(gpio_nrfx.c.obj)
 .text.gpio_nrfx_init
                0x0000000000004cf8       0x38 zephyr/drivers/gpio/libdrivers__gpio.a(gpio_nrfx.c.obj)
 .text.nrfx_gpio_handler
                0x0000000000004d30       0x34 zephyr/drivers/gpio/libdrivers__gpio.a(gpio_nrfx.c.obj)
 .text.gpio_nrfx_pin_configure
                0x0000000000004d64      0x158 zephyr/drivers/gpio/libdrivers__gpio.a(gpio_nrfx.c.obj)
 .text.qdec_nrfx_channel_get
                0x0000000000004ebc       0x3c zephyr/drivers/sensor/qdec_nrfx/libdrivers__sensor__qdec_nrfx.a(qdec_nrfx.c.obj)
 .text.qdec_nrfx_trigger_set
                0x0000000000004ef8       0x3c zephyr/drivers/sensor/qdec_nrfx/libdrivers__sensor__qdec_nrfx.a(qdec_nrfx.c.obj)
 .text.accumulate.constprop.0
                0x0000000000004f34       0x4c zephyr/drivers/sensor/qdec_nrfx/libdrivers__sensor__qdec_nrfx.a(qdec_nrfx.c.obj)
 .text.qdec_nrfx_event_handler
                0x0000000000004f80       0x80 zephyr/drivers/sensor/qdec_nrfx/libdrivers__sensor__qdec_nrfx.a(qdec_nrfx.c.obj)
 .text.qdec_nrfx_init.part.0
                0x0000000000005000       0x88 zephyr/drivers/sensor/qdec_nrfx/libdrivers__sensor__qdec_nrfx.a(qdec_nrfx.c.obj)
 .text.qdec_nrfx_init
                0x0000000000005088       0x44 zephyr/drivers/sensor/qdec_nrfx/libdrivers__sensor__qdec_nrfx.a(qdec_nrfx.c.obj)
 .text.hfclk_on_callback
                0x00000000000050cc        0xc zephyr/drivers/sensor/nrf5/libdrivers__sensor__nrf5.a(temp_nrf5.c.obj)
 .text.temp_nrf5_channel_get
                0x00000000000050d8       0x2c zephyr/drivers/sensor/nrf5/libdrivers__sensor__nrf5.a(temp_nrf5.c.obj)
 .text.temp_nrf5_isr
                0x0000000000005104       0x18 zephyr/drivers/sensor/nrf5/libdrivers__sensor__nrf5.a(temp_nrf5.c.obj)
 .text.temp_nrf5_sample_fetch
                0x000000000000511c       0x78 zephyr/drivers/sensor/nrf5/libdrivers__sensor__nrf5.a(temp_nrf5.c.obj)
 .text.temp_nrf5_init
                0x0000000000005194       0x40 zephyr/drivers/sensor/nrf5/libdrivers__sensor__nrf5.a(temp_nrf5.c.obj)
 .text.spi_0_init
                0x00000000000051d4       0xe4 zephyr/drivers/spi/libdrivers__spi.a(spi_nrfx_spim.c.obj)
 .text.transfer_next_chunk
                0x00000000000052b8       0xa4 zephyr/drivers/spi/libdrivers__spi.a(spi_nrfx_spim.c.obj)
 .text.event_handler
                0x000000000000535c       0xc4 zephyr/drivers/spi/libdrivers__spi.a(spi_nrfx_spim.c.obj)
 .text.spi_nrfx_transceive
                0x0000000000005420      0x300 zephyr/drivers/spi/libdrivers__spi.a(spi_nrfx_spim.c.obj)
 .text.compare_int_lock
                0x0000000000005720       0x50 zephyr/drivers/timer/libdrivers__timer.a(nrf_rtc_timer.c.obj)
 .text.sys_clock_timeout_handler
                0x0000000000005770       0x78 zephyr/drivers/timer/libdrivers__timer.a(nrf_rtc_timer.c.obj)
 .text.compare_int_unlock
                0x00000000000057e8       0x5c zephyr/drivers/timer/libdrivers__timer.a(nrf_rtc_timer.c.obj)
 .text.z_nrf_rtc_timer_read
                0x0000000000005844       0x44 zephyr/drivers/timer/libdrivers__timer.a(nrf_rtc_timer.c.obj)
                0x0000000000005844                z_nrf_rtc_timer_read
 .text.compare_set
                0x0000000000005888      0x148 zephyr/drivers/timer/libdrivers__timer.a(nrf_rtc_timer.c.obj)
 .text.sys_clock_driver_init
                0x00000000000059d0       0x80 zephyr/drivers/timer/libdrivers__timer.a(nrf_rtc_timer.c.obj)
 .text.rtc_nrf_isr
                0x0000000000005a50       0xec zephyr/drivers/timer/libdrivers__timer.a(nrf_rtc_timer.c.obj)
                0x0000000000005a50                rtc_nrf_isr
 .text.sys_clock_set_timeout
                0x0000000000005b3c       0x64 zephyr/drivers/timer/libdrivers__timer.a(nrf_rtc_timer.c.obj)
                0x0000000000005b3c                sys_clock_set_timeout
 .text.sys_clock_elapsed
                0x0000000000005ba0       0x14 zephyr/drivers/timer/libdrivers__timer.a(nrf_rtc_timer.c.obj)
                0x0000000000005ba0                sys_clock_elapsed
 .text.k_sys_fatal_error_handler
                0x0000000000005bb4       0x2c modules/nrf/lib/fatal_error/lib..__nrf__lib__fatal_error.a(fatal_error.c.obj)
                0x0000000000005bb4                k_sys_fatal_error_handler
 .text.RADIO_IRQHandler
                0x0000000000005be0       0x70 modules/nrf/subsys/esb/lib..__nrf__subsys__esb.a(esb.c.obj)
                0x0000000000005be0                RADIO_IRQHandler
 .text.SWI0_EGU0_IRQHandler
                0x0000000000005c50       0x84 modules/nrf/subsys/esb/lib..__nrf__subsys__esb.a(esb.c.obj)
                0x0000000000005c50                SWI0_EGU0_IRQHandler
 .text.pmw3360_channel_get
                0x0000000000005cd4       0x34 modules/nrf/drivers/sensor/pmw3360/lib..__nrf__drivers__sensor__pmw3360.a(pmw3360.c.obj)
 .text.pmw3360_async_init
                0x0000000000005d08       0xa4 modules/nrf/drivers/sensor/pmw3360/lib..__nrf__drivers__sensor__pmw3360.a(pmw3360.c.obj)
 .text.spi_write.constprop.0
                0x0000000000005dac       0x18 modules/nrf/drivers/sensor/pmw3360/lib..__nrf__drivers__sensor__pmw3360.a(pmw3360.c.obj)
 .text.spi_cs_ctrl
                0x0000000000005dc4       0x50 modules/nrf/drivers/sensor/pmw3360/lib..__nrf__drivers__sensor__pmw3360.a(pmw3360.c.obj)
 .text.reg_write.part.0
                0x0000000000005e14       0x70 modules/nrf/drivers/sensor/pmw3360/lib..__nrf__drivers__sensor__pmw3360.a(pmw3360.c.obj)
 .text.update_cpi
                0x0000000000005e84       0xa0 modules/nrf/drivers/sensor/pmw3360/lib..__nrf__drivers__sensor__pmw3360.a(pmw3360.c.obj)
 .text.update_downshift_time
                0x0000000000005f24       0xec modules/nrf/drivers/sensor/pmw3360/lib..__nrf__drivers__sensor__pmw3360.a(pmw3360.c.obj)
 .text.pmw3360_async_init_configure
                0x0000000000006010       0x40 modules/nrf/drivers/sensor/pmw3360/lib..__nrf__drivers__sensor__pmw3360.a(pmw3360.c.obj)
 .text.update_sample_time.constprop.0
                0x0000000000006050       0xac modules/nrf/drivers/sensor/pmw3360/lib..__nrf__drivers__sensor__pmw3360.a(pmw3360.c.obj)
 .text.pmw3360_async_init_fw_load_continue
                0x00000000000060fc       0xfc modules/nrf/drivers/sensor/pmw3360/lib..__nrf__drivers__sensor__pmw3360.a(pmw3360.c.obj)
 .text.irq_handler
                0x00000000000061f8       0x4c modules/nrf/drivers/sensor/pmw3360/lib..__nrf__drivers__sensor__pmw3360.a(pmw3360.c.obj)
 .text.trigger_handler
                0x0000000000006244       0x90 modules/nrf/drivers/sensor/pmw3360/lib..__nrf__drivers__sensor__pmw3360.a(pmw3360.c.obj)
 .text.pmw3360_trigger_set
                0x00000000000062d4       0x58 modules/nrf/drivers/sensor/pmw3360/lib..__nrf__drivers__sensor__pmw3360.a(pmw3360.c.obj)
 .text.reg_read
                0x000000000000632c       0x9c modules/nrf/drivers/sensor/pmw3360/lib..__nrf__drivers__sensor__pmw3360.a(pmw3360.c.obj)
 .text.pmw3360_async_init_fw_load_verify
                0x00000000000063c8       0x9c modules/nrf/drivers/sensor/pmw3360/lib..__nrf__drivers__sensor__pmw3360.a(pmw3360.c.obj)
 .text.pmw3360_async_init_fw_load_start
                0x0000000000006464       0x74 modules/nrf/drivers/sensor/pmw3360/lib..__nrf__drivers__sensor__pmw3360.a(pmw3360.c.obj)
 .text.pmw3360_attr_set
                0x00000000000064d8      0x130 modules/nrf/drivers/sensor/pmw3360/lib..__nrf__drivers__sensor__pmw3360.a(pmw3360.c.obj)
 .text.pmw3360_sample_fetch
                0x0000000000006608       0xe0 modules/nrf/drivers/sensor/pmw3360/lib..__nrf__drivers__sensor__pmw3360.a(pmw3360.c.obj)
 .text.pmw3360_init
                0x00000000000066e8      0x154 modules/nrf/drivers/sensor/pmw3360/lib..__nrf__drivers__sensor__pmw3360.a(pmw3360.c.obj)
 .text.nvmc_wait
                0x000000000000683c       0x10 modules/hal_nordic/nrfx/libmodules__hal_nordic__nrfx.a(system_nrf52820.c.obj)
                0x000000000000683c                nvmc_wait
 .text.SystemInit
                0x000000000000684c      0x174 modules/hal_nordic/nrfx/libmodules__hal_nordic__nrfx.a(system_nrf52820.c.obj)
                0x000000000000684c                SystemInit
 .text.nrfx_flag32_alloc
                0x00000000000069c0       0x4c modules/hal_nordic/nrfx/libmodules__hal_nordic__nrfx.a(nrfx_flag32_allocator.c.obj)
                0x00000000000069c0                nrfx_flag32_alloc
 .text.nrfx_flag32_free
                0x0000000000006a0c       0x44 modules/hal_nordic/nrfx/libmodules__hal_nordic__nrfx.a(nrfx_flag32_allocator.c.obj)
                0x0000000000006a0c                nrfx_flag32_free
 .text.nrfx_clock_init
                0x0000000000006a50       0x24 modules/hal_nordic/nrfx/libmodules__hal_nordic__nrfx.a(nrfx_clock.c.obj)
                0x0000000000006a50                nrfx_clock_init
 .text.nrfx_clock_enable
                0x0000000000006a74       0x24 modules/hal_nordic/nrfx/libmodules__hal_nordic__nrfx.a(nrfx_clock.c.obj)
                0x0000000000006a74                nrfx_clock_enable
 .text.nrfx_clock_calibration_start
                0x0000000000006a98       0x58 modules/hal_nordic/nrfx/libmodules__hal_nordic__nrfx.a(nrfx_clock.c.obj)
                0x0000000000006a98                nrfx_clock_calibration_start
 .text.nrfx_clock_irq_handler
                0x0000000000006af0       0x7c modules/hal_nordic/nrfx/libmodules__hal_nordic__nrfx.a(nrfx_clock.c.obj)
                0x0000000000006af0                nrfx_clock_irq_handler
 .text.pin_in_use_by_te
                0x0000000000006b6c       0x14 modules/hal_nordic/nrfx/libmodules__hal_nordic__nrfx.a(nrfx_gpiote.c.obj)
 .text.call_handler
                0x0000000000006b80       0x3c modules/hal_nordic/nrfx/libmodules__hal_nordic__nrfx.a(nrfx_gpiote.c.obj)
 .text.release_handler
                0x0000000000006bbc       0x54 modules/hal_nordic/nrfx/libmodules__hal_nordic__nrfx.a(nrfx_gpiote.c.obj)
 .text.pin_handler_trigger_uninit
                0x0000000000006c10       0x38 modules/hal_nordic/nrfx/libmodules__hal_nordic__nrfx.a(nrfx_gpiote.c.obj)
 .text.nrfx_gpiote_input_configure
                0x0000000000006c48      0x154 modules/hal_nordic/nrfx/libmodules__hal_nordic__nrfx.a(nrfx_gpiote.c.obj)
                0x0000000000006c48                nrfx_gpiote_input_configure
 .text.nrfx_gpiote_output_configure
                0x0000000000006d9c       0xf0 modules/hal_nordic/nrfx/libmodules__hal_nordic__nrfx.a(nrfx_gpiote.c.obj)
                0x0000000000006d9c                nrfx_gpiote_output_configure
 .text.nrfx_gpiote_global_callback_set
                0x0000000000006e8c        0xc modules/hal_nordic/nrfx/libmodules__hal_nordic__nrfx.a(nrfx_gpiote.c.obj)
                0x0000000000006e8c                nrfx_gpiote_global_callback_set
 .text.nrfx_gpiote_channel_get
                0x0000000000006e98       0x2c modules/hal_nordic/nrfx/libmodules__hal_nordic__nrfx.a(nrfx_gpiote.c.obj)
                0x0000000000006e98                nrfx_gpiote_channel_get
 .text.nrfx_gpiote_init
                0x0000000000006ec4       0x50 modules/hal_nordic/nrfx/libmodules__hal_nordic__nrfx.a(nrfx_gpiote.c.obj)
                0x0000000000006ec4                nrfx_gpiote_init
 .text.nrfx_gpiote_is_init
                0x0000000000006f14       0x14 modules/hal_nordic/nrfx/libmodules__hal_nordic__nrfx.a(nrfx_gpiote.c.obj)
                0x0000000000006f14                nrfx_gpiote_is_init
 .text.nrfx_gpiote_channel_free
                0x0000000000006f28        0xc modules/hal_nordic/nrfx/libmodules__hal_nordic__nrfx.a(nrfx_gpiote.c.obj)
                0x0000000000006f28                nrfx_gpiote_channel_free
 .text.nrfx_gpiote_channel_alloc
                0x0000000000006f34        0xc modules/hal_nordic/nrfx/libmodules__hal_nordic__nrfx.a(nrfx_gpiote.c.obj)
                0x0000000000006f34                nrfx_gpiote_channel_alloc
 .text.nrfx_gpiote_trigger_enable
                0x0000000000006f40       0x88 modules/hal_nordic/nrfx/libmodules__hal_nordic__nrfx.a(nrfx_gpiote.c.obj)
                0x0000000000006f40                nrfx_gpiote_trigger_enable
 .text.nrfx_gpiote_trigger_disable
                0x0000000000006fc8       0x50 modules/hal_nordic/nrfx/libmodules__hal_nordic__nrfx.a(nrfx_gpiote.c.obj)
                0x0000000000006fc8                nrfx_gpiote_trigger_disable
 .text.nrfx_gpiote_pin_uninit
                0x0000000000007018       0x44 modules/hal_nordic/nrfx/libmodules__hal_nordic__nrfx.a(nrfx_gpiote.c.obj)
                0x0000000000007018                nrfx_gpiote_pin_uninit
 .text.nrfx_gpiote_irq_handler
                0x000000000000705c      0x150 modules/hal_nordic/nrfx/libmodules__hal_nordic__nrfx.a(nrfx_gpiote.c.obj)
                0x000000000000705c                nrfx_gpiote_irq_handler
 .text.nrfx_power_init
                0x00000000000071ac       0x3c modules/hal_nordic/nrfx/libmodules__hal_nordic__nrfx.a(nrfx_power.c.obj)
                0x00000000000071ac                nrfx_power_init
 .text.nrfx_power_usbevt_uninit
                0x00000000000071e8       0x18 modules/hal_nordic/nrfx/libmodules__hal_nordic__nrfx.a(nrfx_power.c.obj)
                0x00000000000071e8                nrfx_power_usbevt_uninit
 .text.nrfx_power_usbevt_init
                0x0000000000007200       0x14 modules/hal_nordic/nrfx/libmodules__hal_nordic__nrfx.a(nrfx_power.c.obj)
                0x0000000000007200                nrfx_power_usbevt_init
 .text.nrfx_power_irq_handler
                0x0000000000007214       0xa0 modules/hal_nordic/nrfx/libmodules__hal_nordic__nrfx.a(nrfx_power.c.obj)
                0x0000000000007214                nrfx_power_irq_handler
 .text.nrfx_qdec_irq_handler
                0x00000000000072b4       0xb4 modules/hal_nordic/nrfx/libmodules__hal_nordic__nrfx.a(nrfx_qdec.c.obj)
                0x00000000000072b4                nrfx_qdec_irq_handler
 .text.nrfx_qdec_init
                0x0000000000007368       0xd8 modules/hal_nordic/nrfx/libmodules__hal_nordic__nrfx.a(nrfx_qdec.c.obj)
                0x0000000000007368                nrfx_qdec_init
 .text.nrfx_qdec_enable
                0x0000000000007440       0x1c modules/hal_nordic/nrfx/libmodules__hal_nordic__nrfx.a(nrfx_qdec.c.obj)
                0x0000000000007440                nrfx_qdec_enable
 .text.nrfx_qdec_accumulators_read
                0x000000000000745c       0x18 modules/hal_nordic/nrfx/libmodules__hal_nordic__nrfx.a(nrfx_qdec.c.obj)
                0x000000000000745c                nrfx_qdec_accumulators_read
 .text.nrfx_spim_init
                0x0000000000007474      0x150 modules/hal_nordic/nrfx/libmodules__hal_nordic__nrfx.a(nrfx_spim.c.obj)
                0x0000000000007474                nrfx_spim_init
 .text.nrfx_spim_uninit
                0x00000000000075c4       0x90 modules/hal_nordic/nrfx/libmodules__hal_nordic__nrfx.a(nrfx_spim.c.obj)
                0x00000000000075c4                nrfx_spim_uninit
 .text.nrfx_spim_xfer
                0x0000000000007654       0xf0 modules/hal_nordic/nrfx/libmodules__hal_nordic__nrfx.a(nrfx_spim.c.obj)
                0x0000000000007654                nrfx_spim_xfer
 .text.nrfx_spim_0_irq_handler
                0x0000000000007744       0x3c modules/hal_nordic/nrfx/libmodules__hal_nordic__nrfx.a(nrfx_spim.c.obj)
                0x0000000000007744                nrfx_spim_0_irq_handler
 .text.ep_state_access
                0x0000000000007780       0x1c modules/hal_nordic/nrfx/libmodules__hal_nordic__nrfx.a(nrfx_usbd.c.obj)
 .text.ev_usbreset_handler
                0x000000000000779c       0x34 modules/hal_nordic/nrfx/libmodules__hal_nordic__nrfx.a(nrfx_usbd.c.obj)
 .text.ev_usbevent_handler
                0x00000000000077d0       0x94 modules/hal_nordic/nrfx/libmodules__hal_nordic__nrfx.a(nrfx_usbd.c.obj)
 .text.usbd_errata_187_211_begin
                0x0000000000007864       0x40 modules/hal_nordic/nrfx/libmodules__hal_nordic__nrfx.a(nrfx_usbd.c.obj)
 .text.usbd_errata_187_211_end
                0x00000000000078a4       0x40 modules/hal_nordic/nrfx/libmodules__hal_nordic__nrfx.a(nrfx_usbd.c.obj)
 .text.nrfx_usbd_feeder_flash
                0x00000000000078e4       0x38 modules/hal_nordic/nrfx/libmodules__hal_nordic__nrfx.a(nrfx_usbd.c.obj)
                0x00000000000078e4                nrfx_usbd_feeder_flash
 .text.nrfx_usbd_feeder_flash_zlp
                0x000000000000791c       0x3c modules/hal_nordic/nrfx/libmodules__hal_nordic__nrfx.a(nrfx_usbd.c.obj)
                0x000000000000791c                nrfx_usbd_feeder_flash_zlp
 .text.usbd_enable
                0x0000000000007958       0x40 modules/hal_nordic/nrfx/libmodules__hal_nordic__nrfx.a(nrfx_usbd.c.obj)
 .text.ev_sof_handler
                0x0000000000007998       0x44 modules/hal_nordic/nrfx/libmodules__hal_nordic__nrfx.a(nrfx_usbd.c.obj)
 .text.atomic_and.constprop.0.isra.0
                0x00000000000079dc       0x20 modules/hal_nordic/nrfx/libmodules__hal_nordic__nrfx.a(nrfx_usbd.c.obj)
 .text.nrf_usbd_epin_dma_handler
                0x00000000000079fc       0x38 modules/hal_nordic/nrfx/libmodules__hal_nordic__nrfx.a(nrfx_usbd.c.obj)
 .text.nrf_usbd_ep0in_dma_handler
                0x0000000000007a34       0x2c modules/hal_nordic/nrfx/libmodules__hal_nordic__nrfx.a(nrfx_usbd.c.obj)
 .text.usbd_ep_data_handler
                0x0000000000007a60       0x8c modules/hal_nordic/nrfx/libmodules__hal_nordic__nrfx.a(nrfx_usbd.c.obj)
 .text.ev_setup_data_handler
                0x0000000000007aec       0x1c modules/hal_nordic/nrfx/libmodules__hal_nordic__nrfx.a(nrfx_usbd.c.obj)
 .text.ev_dma_epout8_handler
                0x0000000000007b08       0x48 modules/hal_nordic/nrfx/libmodules__hal_nordic__nrfx.a(nrfx_usbd.c.obj)
 .text.ev_dma_epin8_handler
                0x0000000000007b50       0x54 modules/hal_nordic/nrfx/libmodules__hal_nordic__nrfx.a(nrfx_usbd.c.obj)
 .text.nrfx_usbd_uninit
                0x0000000000007ba4       0x14 modules/hal_nordic/nrfx/libmodules__hal_nordic__nrfx.a(nrfx_usbd.c.obj)
                0x0000000000007ba4                nrfx_usbd_uninit
 .text.nrfx_usbd_enable
                0x0000000000007bb8       0x90 modules/hal_nordic/nrfx/libmodules__hal_nordic__nrfx.a(nrfx_usbd.c.obj)
                0x0000000000007bb8                nrfx_usbd_enable
 .text.nrfx_usbd_start
                0x0000000000007c48       0x3c modules/hal_nordic/nrfx/libmodules__hal_nordic__nrfx.a(nrfx_usbd.c.obj)
                0x0000000000007c48                nrfx_usbd_start
 .text.nrfx_usbd_is_enabled
                0x0000000000007c84       0x14 modules/hal_nordic/nrfx/libmodules__hal_nordic__nrfx.a(nrfx_usbd.c.obj)
                0x0000000000007c84                nrfx_usbd_is_enabled
 .text.nrfx_usbd_init
                0x0000000000007c98       0x8c modules/hal_nordic/nrfx/libmodules__hal_nordic__nrfx.a(nrfx_usbd.c.obj)
                0x0000000000007c98                nrfx_usbd_init
 .text.nrfx_usbd_ep_transfer
                0x0000000000007d24       0xf4 modules/hal_nordic/nrfx/libmodules__hal_nordic__nrfx.a(nrfx_usbd.c.obj)
                0x0000000000007d24                nrfx_usbd_ep_transfer
 .text.nrfx_usbd_epout_size_get
                0x0000000000007e18       0x28 modules/hal_nordic/nrfx/libmodules__hal_nordic__nrfx.a(nrfx_usbd.c.obj)
                0x0000000000007e18                nrfx_usbd_epout_size_get
 .text.usbd_dmareq_process
                0x0000000000007e40      0x170 modules/hal_nordic/nrfx/libmodules__hal_nordic__nrfx.a(nrfx_usbd.c.obj)
 .text.ev_epdata_handler
                0x0000000000007fb0       0x44 modules/hal_nordic/nrfx/libmodules__hal_nordic__nrfx.a(nrfx_usbd.c.obj)
 .text.nrf_usbd_epout_dma_handler
                0x0000000000007ff4       0x68 modules/hal_nordic/nrfx/libmodules__hal_nordic__nrfx.a(nrfx_usbd.c.obj)
 .text.nrfx_usbd_ep_stall
                0x000000000000805c       0x10 modules/hal_nordic/nrfx/libmodules__hal_nordic__nrfx.a(nrfx_usbd.c.obj)
                0x000000000000805c                nrfx_usbd_ep_stall
 .text.nrfx_usbd_ep_stall_check
                0x000000000000806c       0x34 modules/hal_nordic/nrfx/libmodules__hal_nordic__nrfx.a(nrfx_usbd.c.obj)
                0x000000000000806c                nrfx_usbd_ep_stall_check
 .text.nrfx_usbd_ep_dtoggle_clear
                0x00000000000080a0       0x18 modules/hal_nordic/nrfx/libmodules__hal_nordic__nrfx.a(nrfx_usbd.c.obj)
                0x00000000000080a0                nrfx_usbd_ep_dtoggle_clear
 .text.nrfx_usbd_setup_get
                0x00000000000080b8       0x4c modules/hal_nordic/nrfx/libmodules__hal_nordic__nrfx.a(nrfx_usbd.c.obj)
                0x00000000000080b8                nrfx_usbd_setup_get
 .text.nrfx_usbd_setup_data_clear
                0x0000000000008104       0x10 modules/hal_nordic/nrfx/libmodules__hal_nordic__nrfx.a(nrfx_usbd.c.obj)
                0x0000000000008104                nrfx_usbd_setup_data_clear
 .text.ev_dma_epout0_handler
                0x0000000000008114       0x58 modules/hal_nordic/nrfx/libmodules__hal_nordic__nrfx.a(nrfx_usbd.c.obj)
 .text.nrfx_usbd_setup_clear
                0x000000000000816c       0x10 modules/hal_nordic/nrfx/libmodules__hal_nordic__nrfx.a(nrfx_usbd.c.obj)
                0x000000000000816c                nrfx_usbd_setup_clear
 .text.nrfx_usbd_setup_stall
                0x000000000000817c       0x10 modules/hal_nordic/nrfx/libmodules__hal_nordic__nrfx.a(nrfx_usbd.c.obj)
                0x000000000000817c                nrfx_usbd_setup_stall
 .text.nrfx_usbd_last_setup_dir_get
                0x000000000000818c        0xc modules/hal_nordic/nrfx/libmodules__hal_nordic__nrfx.a(nrfx_usbd.c.obj)
                0x000000000000818c                nrfx_usbd_last_setup_dir_get
 .text.nrfx_usbd_transfer_out_drop
                0x0000000000008198       0x54 modules/hal_nordic/nrfx/libmodules__hal_nordic__nrfx.a(nrfx_usbd.c.obj)
                0x0000000000008198                nrfx_usbd_transfer_out_drop
 .text.usbd_ep_abort
                0x00000000000081ec       0xf4 modules/hal_nordic/nrfx/libmodules__hal_nordic__nrfx.a(nrfx_usbd.c.obj)
 .text.ev_setup_handler
                0x00000000000082e0       0x74 modules/hal_nordic/nrfx/libmodules__hal_nordic__nrfx.a(nrfx_usbd.c.obj)
 .text.nrfx_usbd_irq_handler
                0x0000000000008354       0x7c modules/hal_nordic/nrfx/libmodules__hal_nordic__nrfx.a(nrfx_usbd.c.obj)
                0x0000000000008354                nrfx_usbd_irq_handler
 .text.usbd_ep_abort_all
                0x00000000000083d0       0x50 modules/hal_nordic/nrfx/libmodules__hal_nordic__nrfx.a(nrfx_usbd.c.obj)
 .text.nrfx_usbd_stop
                0x0000000000008420       0x3c modules/hal_nordic/nrfx/libmodules__hal_nordic__nrfx.a(nrfx_usbd.c.obj)
                0x0000000000008420                nrfx_usbd_stop
 .text.nrfx_usbd_disable
                0x000000000000845c       0x34 modules/hal_nordic/nrfx/libmodules__hal_nordic__nrfx.a(nrfx_usbd.c.obj)
                0x000000000000845c                nrfx_usbd_disable
 .text.nrfx_usbd_suspend
                0x0000000000008490       0x60 modules/hal_nordic/nrfx/libmodules__hal_nordic__nrfx.a(nrfx_usbd.c.obj)
                0x0000000000008490                nrfx_usbd_suspend
 .text.nrfx_usbd_ep_disable
                0x00000000000084f0       0x58 modules/hal_nordic/nrfx/libmodules__hal_nordic__nrfx.a(nrfx_usbd.c.obj)
                0x00000000000084f0                nrfx_usbd_ep_disable
 .text.nrfx_usbd_ep_enable
                0x0000000000008548       0xa4 modules/hal_nordic/nrfx/libmodules__hal_nordic__nrfx.a(nrfx_usbd.c.obj)
                0x0000000000008548                nrfx_usbd_ep_enable
 .text.nrfx_usbd_ep_stall_clear
                0x00000000000085ec       0x20 modules/hal_nordic/nrfx/libmodules__hal_nordic__nrfx.a(nrfx_usbd.c.obj)
                0x00000000000085ec                nrfx_usbd_ep_stall_clear
 .text._DoInit  0x000000000000860c       0x60 modules/segger/libmodules__segger.a(SEGGER_RTT.c.obj)
 .text.SEGGER_RTT_WriteSkipNoLock
                0x000000000000866c       0x98 modules/segger/libmodules__segger.a(SEGGER_RTT.c.obj)
                0x000000000000866c                SEGGER_RTT_WriteSkipNoLock
 .text.SEGGER_RTT_WriteNoLock
                0x0000000000008704       0x60 modules/segger/libmodules__segger.a(SEGGER_RTT.c.obj)
                0x0000000000008704                SEGGER_RTT_WriteNoLock
 .text.SEGGER_RTT_HasDataUp
                0x0000000000008764       0x14 modules/segger/libmodules__segger.a(SEGGER_RTT.c.obj)
                0x0000000000008764                SEGGER_RTT_HasDataUp
 .text.z_sys_init_run_level
                0x0000000000008778       0x40 zephyr/kernel/libkernel.a(device.c.obj)
                0x0000000000008778                z_sys_init_run_level
 .text.z_impl_device_get_binding
                0x00000000000087b8       0x54 zephyr/kernel/libkernel.a(device.c.obj)
                0x00000000000087b8                z_impl_device_get_binding
 .text.z_fatal_error
                0x000000000000880c       0xfc zephyr/kernel/libkernel.a(fatal.c.obj)
                0x000000000000880c                z_fatal_error
 .text.bg_thread_main
                0x0000000000008908       0x34 zephyr/kernel/libkernel.a(init.c.obj)
 .text.z_bss_zero
                0x000000000000893c       0x18 zephyr/kernel/libkernel.a(init.c.obj)
                0x000000000000893c                z_bss_zero
 .text.z_init_cpu
                0x0000000000008954       0x70 zephyr/kernel/libkernel.a(init.c.obj)
                0x0000000000008954                z_init_cpu
 .text.z_cstart
                0x00000000000089c4       0xd4 zephyr/kernel/libkernel.a(init.c.obj)
                0x00000000000089c4                z_cstart
 .text.init_mem_slab_module
                0x0000000000008a98       0x44 zephyr/kernel/libkernel.a(mem_slab.c.obj)
 .text.k_mem_slab_alloc
                0x0000000000008adc       0x5c zephyr/kernel/libkernel.a(mem_slab.c.obj)
                0x0000000000008adc                k_mem_slab_alloc
 .text.z_setup_new_thread
                0x0000000000008b38       0x64 zephyr/kernel/libkernel.a(thread.c.obj)
                0x0000000000008b38                z_setup_new_thread
 .text.z_impl_k_thread_create
                0x0000000000008b9c       0x58 zephyr/kernel/libkernel.a(thread.c.obj)
                0x0000000000008b9c                z_impl_k_thread_create
 .text.z_init_static_threads
                0x0000000000008bf4       0xb8 zephyr/kernel/libkernel.a(thread.c.obj)
                0x0000000000008bf4                z_init_static_threads
 .text.idle     0x0000000000008cac       0x38 zephyr/kernel/libkernel.a(idle.c.obj)
                0x0000000000008cac                idle
 .text.z_impl_k_mutex_lock
                0x0000000000008ce4       0xf0 zephyr/kernel/libkernel.a(mutex.c.obj)
                0x0000000000008ce4                z_impl_k_mutex_lock
 .text.z_impl_k_mutex_unlock
                0x0000000000008dd4       0x84 zephyr/kernel/libkernel.a(mutex.c.obj)
                0x0000000000008dd4                z_impl_k_mutex_unlock
 .text.z_impl_k_queue_get
                0x0000000000008e58       0x68 zephyr/kernel/libkernel.a(queue.c.obj)
                0x0000000000008e58                z_impl_k_queue_get
 .text.z_impl_k_sem_give
                0x0000000000008ec0       0x40 zephyr/kernel/libkernel.a(sem.c.obj)
                0x0000000000008ec0                z_impl_k_sem_give
 .text.z_impl_k_sem_take
                0x0000000000008f00       0x50 zephyr/kernel/libkernel.a(sem.c.obj)
                0x0000000000008f00                z_impl_k_sem_take
 .text.k_sys_work_q_init
                0x0000000000008f50       0x34 zephyr/kernel/libkernel.a(system_work_q.c.obj)
 .text.work_queue_main
                0x0000000000008f84      0x12c zephyr/kernel/libkernel.a(work.c.obj)
 .text.submit_to_queue_locked
                0x00000000000090b0       0xa0 zephyr/kernel/libkernel.a(work.c.obj)
 .text.k_work_submit
                0x0000000000009150        0xc zephyr/kernel/libkernel.a(work.c.obj)
                0x0000000000009150                k_work_submit
 .text.k_work_queue_start
                0x000000000000915c       0x70 zephyr/kernel/libkernel.a(work.c.obj)
                0x000000000000915c                k_work_queue_start
 .text.k_work_schedule_for_queue
                0x00000000000091cc       0x54 zephyr/kernel/libkernel.a(work.c.obj)
                0x00000000000091cc                k_work_schedule_for_queue
 .text.k_work_schedule
                0x0000000000009220        0xc zephyr/kernel/libkernel.a(work.c.obj)
                0x0000000000009220                k_work_schedule
 .text.z_reset_time_slice
                0x000000000000922c       0x28 zephyr/kernel/libkernel.a(sched.c.obj)
                0x000000000000922c                z_reset_time_slice
 .text.k_sched_time_slice_set
                0x0000000000009254       0x64 zephyr/kernel/libkernel.a(sched.c.obj)
                0x0000000000009254                k_sched_time_slice_set
 .text.z_reschedule
                0x00000000000092b8       0x24 zephyr/kernel/libkernel.a(sched.c.obj)
                0x00000000000092b8                z_reschedule
 .text.k_sched_lock
                0x00000000000092dc       0x28 zephyr/kernel/libkernel.a(sched.c.obj)
                0x00000000000092dc                k_sched_lock
 .text.update_cache
                0x0000000000009304       0x40 zephyr/kernel/libkernel.a(sched.c.obj)
 .text.move_thread_to_end_of_prio_q
                0x0000000000009344       0x74 zephyr/kernel/libkernel.a(sched.c.obj)
 .text.z_time_slice
                0x00000000000093b8       0x84 zephyr/kernel/libkernel.a(sched.c.obj)
                0x00000000000093b8                z_time_slice
 .text.ready_thread
                0x000000000000943c       0x6c zephyr/kernel/libkernel.a(sched.c.obj)
 .text.z_sched_start
                0x00000000000094a8       0x3c zephyr/kernel/libkernel.a(sched.c.obj)
                0x00000000000094a8                z_sched_start
 .text.unready_thread
                0x00000000000094e4       0x30 zephyr/kernel/libkernel.a(sched.c.obj)
 .text.pend     0x0000000000009514       0x4c zephyr/kernel/libkernel.a(sched.c.obj)
 .text.z_pend_curr
                0x0000000000009560       0x28 zephyr/kernel/libkernel.a(sched.c.obj)
                0x0000000000009560                z_pend_curr
 .text.z_set_prio
                0x0000000000009588       0x90 zephyr/kernel/libkernel.a(sched.c.obj)
                0x0000000000009588                z_set_prio
 .text.z_impl_k_thread_suspend
                0x0000000000009618       0x64 zephyr/kernel/libkernel.a(sched.c.obj)
                0x0000000000009618                z_impl_k_thread_suspend
 .text.k_sched_unlock
                0x000000000000967c       0x38 zephyr/kernel/libkernel.a(sched.c.obj)
                0x000000000000967c                k_sched_unlock
 .text.z_sched_init
                0x00000000000096b4       0x18 zephyr/kernel/libkernel.a(sched.c.obj)
                0x00000000000096b4                z_sched_init
 .text.z_impl_k_yield
                0x00000000000096cc       0x80 zephyr/kernel/libkernel.a(sched.c.obj)
                0x00000000000096cc                z_impl_k_yield
 .text.z_tick_sleep
                0x000000000000974c       0x90 zephyr/kernel/libkernel.a(sched.c.obj)
 .text.z_impl_k_sleep
                0x00000000000097dc       0x34 zephyr/kernel/libkernel.a(sched.c.obj)
                0x00000000000097dc                z_impl_k_sleep
 .text.z_impl_z_current_get
                0x0000000000009810        0xc zephyr/kernel/libkernel.a(sched.c.obj)
                0x0000000000009810                z_impl_z_current_get
 .text.z_thread_abort
                0x000000000000981c       0xa4 zephyr/kernel/libkernel.a(sched.c.obj)
                0x000000000000981c                z_thread_abort
 .text.z_sched_wait
                0x00000000000098c0       0x24 zephyr/kernel/libkernel.a(sched.c.obj)
                0x00000000000098c0                z_sched_wait
 .text.z_data_copy
                0x00000000000098e4       0x34 zephyr/kernel/libkernel.a(xip.c.obj)
                0x00000000000098e4                z_data_copy
 .text.elapsed  0x0000000000009918       0x14 zephyr/kernel/libkernel.a(timeout.c.obj)
 .text.next_timeout
                0x000000000000992c       0x4c zephyr/kernel/libkernel.a(timeout.c.obj)
 .text.remove_timeout
                0x0000000000009978       0x34 zephyr/kernel/libkernel.a(timeout.c.obj)
 .text.z_add_timeout
                0x00000000000099ac       0xf4 zephyr/kernel/libkernel.a(timeout.c.obj)
                0x00000000000099ac                z_add_timeout
 .text.sys_clock_announce
                0x0000000000009aa0       0xb8 zephyr/kernel/libkernel.a(timeout.c.obj)
                0x0000000000009aa0                sys_clock_announce
 .text.sys_clock_tick_get
                0x0000000000009b58       0x30 zephyr/kernel/libkernel.a(timeout.c.obj)
                0x0000000000009b58                sys_clock_tick_get
 .text.z_timer_expiration_handler
                0x0000000000009b88       0x8c zephyr/kernel/libkernel.a(timer.c.obj)
                0x0000000000009b88                z_timer_expiration_handler
 .text.z_impl_k_timer_start
                0x0000000000009c14       0xa4 zephyr/kernel/libkernel.a(timer.c.obj)
                0x0000000000009c14                z_impl_k_timer_start
 .text.z_thread_aligned_alloc
                0x0000000000009cb8       0x40 zephyr/kernel/libkernel.a(mempool.c.obj)
                0x0000000000009cb8                z_thread_aligned_alloc
 .text.boot_banner
                0x0000000000009cf8       0x18 zephyr/kernel/libkernel.a(banner.c.obj)
                0x0000000000009cf8                boot_banner
 .text.statics_init
                0x0000000000009d10       0x24 zephyr/kernel/libkernel.a(kheap.c.obj)
 .text.init_event_queue
                0x0000000000009d34       0x12 app/libapp.a(event_manager.c.obj)
                0x0000000000009d34                init_event_queue
 .text.dequeue_event
                0x0000000000009d46       0x3e app/libapp.a(event_manager.c.obj)
                0x0000000000009d46                dequeue_event
 .text.start_event_manager
                0x0000000000009d84        0x8 app/libapp.a(event_manager.c.obj)
                0x0000000000009d84                start_event_manager
 .text.get_dx   0x0000000000009d8c       0x16 app/libapp.a(pmw3360.c.obj)
                0x0000000000009d8c                get_dx
 .text.motion_thread
                0x0000000000009da2        0xc app/libapp.a(pmw3360.c.obj)
                0x0000000000009da2                motion_thread
 .text.hid_write
                0x0000000000009dae        0xa app/libapp.a(usb.c.obj)
                0x0000000000009dae                hid_write
 .text.cbpprintf_external
                0x0000000000009db8       0x5a zephyr/libzephyr.a(cbprintf_packaged.c.obj)
                0x0000000000009db8                cbpprintf_external
 .text.sys_notify_validate
                0x0000000000009e12       0x22 zephyr/libzephyr.a(notify.c.obj)
                0x0000000000009e12                sys_notify_validate
 .text.sys_notify_finalize
                0x0000000000009e34       0x1a zephyr/libzephyr.a(notify.c.obj)
                0x0000000000009e34                sys_notify_finalize
 .text.arch_printk_char_out
                0x0000000000009e4e        0x4 zephyr/libzephyr.a(printk.c.obj)
                0x0000000000009e4e                arch_printk_char_out
 .text.str_out  0x0000000000009e52       0x26 zephyr/libzephyr.a(printk.c.obj)
 .text.printk   0x0000000000009e78       0x1a zephyr/libzephyr.a(printk.c.obj)
                0x0000000000009e78                printk
 .text.snprintk
                0x0000000000009e92       0x1a zephyr/libzephyr.a(printk.c.obj)
                0x0000000000009e92                snprintk
 .text.sys_slist_find_and_remove
                0x0000000000009eac       0x34 zephyr/libzephyr.a(onoff.c.obj)
 .text.process_recheck
                0x0000000000009ee0       0x38 zephyr/libzephyr.a(onoff.c.obj)
 .text.notify_one
                0x0000000000009f18       0x2c zephyr/libzephyr.a(onoff.c.obj)
 .text.transition_complete
                0x0000000000009f44       0x1c zephyr/libzephyr.a(onoff.c.obj)
 .text.validate_args
                0x0000000000009f60       0x1e zephyr/libzephyr.a(onoff.c.obj)
 .text.onoff_manager_init
                0x0000000000009f7e       0x26 zephyr/libzephyr.a(onoff.c.obj)
                0x0000000000009f7e                onoff_manager_init
 .text.onoff_request
                0x0000000000009fa4       0x92 zephyr/libzephyr.a(onoff.c.obj)
                0x0000000000009fa4                onoff_request
 .text.onoff_release
                0x000000000000a036       0x4a zephyr/libzephyr.a(onoff.c.obj)
                0x000000000000a036                onoff_release
 .text.onoff_cancel
                0x000000000000a080       0x38 zephyr/libzephyr.a(onoff.c.obj)
                0x000000000000a080                onoff_cancel
 .text.z_thread_entry
                0x000000000000a0b8       0x14 zephyr/libzephyr.a(thread_entry.c.obj)
                0x000000000000a0b8                z_thread_entry
 .text.chunk_size
                0x000000000000a0cc        0xa zephyr/libzephyr.a(heap.c.obj)
 .text.free_list_add
                0x000000000000a0d6       0x4e zephyr/libzephyr.a(heap.c.obj)
 .text.free_list_remove_bidx
                0x000000000000a124       0x3a zephyr/libzephyr.a(heap.c.obj)
 .text.free_list_remove
                0x000000000000a15e       0x1a zephyr/libzephyr.a(heap.c.obj)
 .text.alloc_chunk
                0x000000000000a178       0x6c zephyr/libzephyr.a(heap.c.obj)
 .text.merge_chunks
                0x000000000000a1e4       0x2c zephyr/libzephyr.a(heap.c.obj)
 .text.split_chunks
                0x000000000000a210       0x34 zephyr/libzephyr.a(heap.c.obj)
 .text.free_chunk
                0x000000000000a244       0x62 zephyr/libzephyr.a(heap.c.obj)
 .text.sys_heap_free
                0x000000000000a2a6       0x1e zephyr/libzephyr.a(heap.c.obj)
                0x000000000000a2a6                sys_heap_free
 .text.sys_heap_alloc
                0x000000000000a2c4       0x52 zephyr/libzephyr.a(heap.c.obj)
                0x000000000000a2c4                sys_heap_alloc
 .text.sys_heap_aligned_alloc
                0x000000000000a316       0xd0 zephyr/libzephyr.a(heap.c.obj)
                0x000000000000a316                sys_heap_aligned_alloc
 .text.sys_heap_init
                0x000000000000a3e6       0x72 zephyr/libzephyr.a(heap.c.obj)
                0x000000000000a3e6                sys_heap_init
 .text.encode_uint
                0x000000000000a458       0x8c zephyr/libzephyr.a(cbprintf_complete.c.obj)
 .text.outs     0x000000000000a4e4       0x2c zephyr/libzephyr.a(cbprintf_complete.c.obj)
 .text.free_space
                0x000000000000a510       0x2a zephyr/libzephyr.a(mpsc_pbuf.c.obj)
 .text.get_usage
                0x000000000000a53a       0x22 zephyr/libzephyr.a(mpsc_pbuf.c.obj)
 .text.idx_inc  0x000000000000a55c       0x1c zephyr/libzephyr.a(mpsc_pbuf.c.obj)
 .text.add_skip_item
                0x000000000000a578       0x2c zephyr/libzephyr.a(mpsc_pbuf.c.obj)
 .text.max_utilization_update
                0x000000000000a5a4       0x22 zephyr/libzephyr.a(mpsc_pbuf.c.obj)
 .text.drop_item_locked
                0x000000000000a5c6       0xb4 zephyr/libzephyr.a(mpsc_pbuf.c.obj)
 .text.mpsc_pbuf_init
                0x000000000000a67a       0x42 zephyr/libzephyr.a(mpsc_pbuf.c.obj)
                0x000000000000a67a                mpsc_pbuf_init
 .text.mpsc_pbuf_alloc
                0x000000000000a6bc       0xec zephyr/libzephyr.a(mpsc_pbuf.c.obj)
                0x000000000000a6bc                mpsc_pbuf_alloc
 .text.mpsc_pbuf_commit
                0x000000000000a7a8       0x40 zephyr/libzephyr.a(mpsc_pbuf.c.obj)
                0x000000000000a7a8                mpsc_pbuf_commit
 .text.mpsc_pbuf_claim
                0x000000000000a7e8       0x98 zephyr/libzephyr.a(mpsc_pbuf.c.obj)
                0x000000000000a7e8                mpsc_pbuf_claim
 .text.mpsc_pbuf_free
                0x000000000000a880       0x68 zephyr/libzephyr.a(mpsc_pbuf.c.obj)
                0x000000000000a880                mpsc_pbuf_free
 .text.mpsc_pbuf_is_pending
                0x000000000000a8e8       0x16 zephyr/libzephyr.a(mpsc_pbuf.c.obj)
                0x000000000000a8e8                mpsc_pbuf_is_pending
 .text._ConfigAbsSyms
                0x000000000000a8fe        0x2 zephyr/libzephyr.a(configs.c.obj)
                0x000000000000a8fe                _ConfigAbsSyms
 .text.log_msg2_generic_get_wlen
                0x000000000000a900       0x22 zephyr/libzephyr.a(log_core.c.obj)
 .text.default_get_timestamp
                0x000000000000a922        0x4 zephyr/libzephyr.a(log_core.c.obj)
 .text.dummy_timestamp
                0x000000000000a926        0x4 zephyr/libzephyr.a(log_core.c.obj)
 .text.z_log_vprintk
                0x000000000000a92a       0x1c zephyr/libzephyr.a(log_core.c.obj)
                0x000000000000a92a                z_log_vprintk
 .text.notify_drop
                0x000000000000a946        0x6 zephyr/libzephyr.a(log_core.c.obj)
 .text.get_msg  0x000000000000a94c        0x8 zephyr/libzephyr.a(log_core.c.obj)
                0x000000000000a94c                get_msg
 .text.z_log_get_tag
                0x000000000000a954        0x4 zephyr/libzephyr.a(log_core.c.obj)
                0x000000000000a954                z_log_get_tag
 .text.buffer_write
                0x000000000000a958       0x1a zephyr/libzephyr.a(log_output.c.obj)
 .text.log_output_flush
                0x000000000000a972       0x1a zephyr/libzephyr.a(log_output.c.obj)
                0x000000000000a972                log_output_flush
 .text.out_func
                0x000000000000a98c       0x36 zephyr/libzephyr.a(log_output.c.obj)
 .text.cr_out_func
                0x000000000000a9c2       0x1a zephyr/libzephyr.a(log_output.c.obj)
 .text.z_log_msg2_finalize
                0x000000000000a9dc       0x36 zephyr/libzephyr.a(log_msg2.c.obj)
                0x000000000000a9dc                z_log_msg2_finalize
 .text.z_impl_z_log_msg2_static_create
                0x000000000000aa12       0x8a zephyr/libzephyr.a(log_msg2.c.obj)
                0x000000000000aa12                z_impl_z_log_msg2_static_create
 .text.usb_write
                0x000000000000aa9c       0x30 zephyr/libzephyr.a(usb_device.c.obj)
                0x000000000000aa9c                usb_write
 .text.usb_get_dev_data_by_cfg
                0x000000000000aacc       0x18 zephyr/libzephyr.a(usb_descriptor.c.obj)
                0x000000000000aacc                usb_get_dev_data_by_cfg
 .text.usb_get_dev_data_by_iface
                0x000000000000aae4       0x1c zephyr/libzephyr.a(usb_descriptor.c.obj)
                0x000000000000aae4                usb_get_dev_data_by_iface
 .text.usb_get_dev_data_by_ep
                0x000000000000ab00       0x2c zephyr/libzephyr.a(usb_descriptor.c.obj)
                0x000000000000ab00                usb_get_dev_data_by_ep
 .text.z_do_kernel_oops
                0x000000000000ab2c        0x8 zephyr/arch/arch/arm/core/aarch32/libarch__arm__core__aarch32.a(fatal.c.obj)
                0x000000000000ab2c                z_do_kernel_oops
 .text.z_irq_spurious
                0x000000000000ab34        0x8 zephyr/arch/arch/arm/core/aarch32/libarch__arm__core__aarch32.a(irq_manage.c.obj)
                0x000000000000ab34                z_irq_spurious
 .text.z_arm_nmi
                0x000000000000ab3c        0xe zephyr/arch/arch/arm/core/aarch32/libarch__arm__core__aarch32.a(nmi.c.obj)
                0x000000000000ab3c                z_arm_nmi
 .text.z_log_msg2_static_create.constprop.0
                0x000000000000ab4a        0x6 zephyr/arch/arch/arm/core/aarch32/cortex_m/libarch__arm__core__aarch32__cortex_m.a(fault.c.obj)
 .text.strcpy   0x000000000000ab50       0x14 zephyr/lib/libc/minimal/liblib__libc__minimal.a(string.c.obj)
                0x000000000000ab50                strcpy
 .text.strlen   0x000000000000ab64        0xe zephyr/lib/libc/minimal/liblib__libc__minimal.a(string.c.obj)
                0x000000000000ab64                strlen
 .text.strnlen  0x000000000000ab72       0x12 zephyr/lib/libc/minimal/liblib__libc__minimal.a(string.c.obj)
                0x000000000000ab72                strnlen
 .text.strcmp   0x000000000000ab84       0x18 zephyr/lib/libc/minimal/liblib__libc__minimal.a(string.c.obj)
                0x000000000000ab84                strcmp
 .text.memcpy   0x000000000000ab9c       0x16 zephyr/lib/libc/minimal/liblib__libc__minimal.a(string.c.obj)
                0x000000000000ab9c                memcpy
 .text.memset   0x000000000000abb2       0x12 zephyr/lib/libc/minimal/liblib__libc__minimal.a(string.c.obj)
                0x000000000000abb2                memset
 .text._stdout_hook_default
                0x000000000000abc4        0x6 zephyr/lib/libc/minimal/liblib__libc__minimal.a(stdout_console.c.obj)
 .text.nordicsemi_nrf52_init
                0x000000000000abca       0x1c zephyr/soc/arm/nordic_nrf/nrf52/libsoc__arm__nordic_nrf__nrf52.a(soc.c.obj)
 .text.pm_state_set
                0x000000000000abe6       0x18 zephyr/soc/arm/nordic_nrf/nrf52/libsoc__arm__nordic_nrf__nrf52.a(power.c.obj)
                0x000000000000abe6                pm_state_set
 .text.pm_state_exit_post_ops
                0x000000000000abfe        0xc zephyr/soc/arm/nordic_nrf/nrf52/libsoc__arm__nordic_nrf__nrf52.a(power.c.obj)
                0x000000000000abfe                pm_state_exit_post_ops
 .text.hid_interface_config
                0x000000000000ac0a        0x4 zephyr/subsys/usb/device/class/hid/libsubsys__usb__device__class__hid.a(core.c.obj)
 .text.usb_hid_device_init
                0x000000000000ac0e        0x4 zephyr/subsys/usb/device/class/hid/libsubsys__usb__device__class__hid.a(core.c.obj)
 .text.z_log_msg2_static_create.constprop.0
                0x000000000000ac12        0x6 zephyr/subsys/usb/device/class/hid/libsubsys__usb__device__class__hid.a(core.c.obj)
 .text.ep_ctx_reset
                0x000000000000ac18       0x26 zephyr/drivers/usb/device/libdrivers__usb__device.a(usb_dc_nrfx.c.obj)
 .text.z_log_msg2_static_create.constprop.0
                0x000000000000ac3e        0x6 zephyr/drivers/usb/device/libdrivers__usb__device.a(usb_dc_nrfx.c.obj)
 .text.k_mutex_lock.constprop.0.isra.0
                0x000000000000ac44        0x4 zephyr/drivers/usb/device/libdrivers__usb__device.a(usb_dc_nrfx.c.obj)
 .text.k_mutex_unlock.isra.0
                0x000000000000ac48        0x4 zephyr/drivers/usb/device/libdrivers__usb__device.a(usb_dc_nrfx.c.obj)
 .text.get_status
                0x000000000000ac4c       0x12 zephyr/drivers/clock_control/libdrivers__clock_control.a(clock_control_nrf.c.obj)
 .text.set_on_state
                0x000000000000ac5e       0x26 zephyr/drivers/clock_control/libdrivers__clock_control.a(clock_control_nrf.c.obj)
 .text.stop     0x000000000000ac84       0x54 zephyr/drivers/clock_control/libdrivers__clock_control.a(clock_control_nrf.c.obj)
 .text.api_stop
                0x000000000000acd8        0x6 zephyr/drivers/clock_control/libdrivers__clock_control.a(clock_control_nrf.c.obj)
 .text.async_start
                0x000000000000acde       0x60 zephyr/drivers/clock_control/libdrivers__clock_control.a(clock_control_nrf.c.obj)
 .text.api_start
                0x000000000000ad3e        0xe zephyr/drivers/clock_control/libdrivers__clock_control.a(clock_control_nrf.c.obj)
 .text.onoff_started_callback
                0x000000000000ad4c       0x12 zephyr/drivers/clock_control/libdrivers__clock_control.a(clock_control_nrf.c.obj)
 .text.lfclk_start
                0x000000000000ad5e        0x6 zephyr/drivers/clock_control/libdrivers__clock_control.a(clock_control_nrf.c.obj)
 .text.blocking_start_callback
                0x000000000000ad64        0x6 zephyr/drivers/clock_control/libdrivers__clock_control.a(clock_control_nrf.c.obj)
 .text.lfclk_stop
                0x000000000000ad6a       0x10 zephyr/drivers/clock_control/libdrivers__clock_control.a(clock_control_nrf.c.obj)
 .text.timeout_handler
                0x000000000000ad7a        0x4 zephyr/drivers/clock_control/libdrivers__clock_control.a(nrf_clock_calibration.c.obj)
 .text.gpio_nrfx_port_get_raw
                0x000000000000ad7e        0xe zephyr/drivers/gpio/libdrivers__gpio.a(gpio_nrfx.c.obj)
 .text.gpio_nrfx_port_set_masked_raw
                0x000000000000ad8c       0x16 zephyr/drivers/gpio/libdrivers__gpio.a(gpio_nrfx.c.obj)
 .text.gpio_nrfx_port_set_bits_raw
                0x000000000000ada2        0xc zephyr/drivers/gpio/libdrivers__gpio.a(gpio_nrfx.c.obj)
 .text.gpio_nrfx_port_clear_bits_raw
                0x000000000000adae        0xc zephyr/drivers/gpio/libdrivers__gpio.a(gpio_nrfx.c.obj)
 .text.gpio_nrfx_port_toggle_bits
                0x000000000000adba       0x12 zephyr/drivers/gpio/libdrivers__gpio.a(gpio_nrfx.c.obj)
 .text.gpio_nrfx_manage_callback
                0x000000000000adcc       0x54 zephyr/drivers/gpio/libdrivers__gpio.a(gpio_nrfx.c.obj)
 .text.qdec_nrfx_sample_fetch
                0x000000000000ae20       0x2a zephyr/drivers/sensor/qdec_nrfx/libdrivers__sensor__qdec_nrfx.a(qdec_nrfx.c.obj)
 .text.spi_context_get_next_buf.constprop.0
                0x000000000000ae4a       0x22 zephyr/drivers/spi/libdrivers__spi.a(spi_nrfx_spim.c.obj)
 .text.z_log_msg2_static_create.constprop.0
                0x000000000000ae6c        0x6 zephyr/drivers/spi/libdrivers__spi.a(spi_nrfx_spim.c.obj)
 .text.gpio_pin_set_dt.isra.0
                0x000000000000ae72       0x28 zephyr/drivers/spi/libdrivers__spi.a(spi_nrfx_spim.c.obj)
 .text._spi_context_cs_control
                0x000000000000ae9a       0x44 zephyr/drivers/spi/libdrivers__spi.a(spi_nrfx_spim.c.obj)
 .text.spi_context_unlock_unconditionally
                0x000000000000aede       0x20 zephyr/drivers/spi/libdrivers__spi.a(spi_nrfx_spim.c.obj)
 .text.spi_nrfx_release
                0x000000000000aefe       0x24 zephyr/drivers/spi/libdrivers__spi.a(spi_nrfx_spim.c.obj)
 .text.z_impl_hwinfo_get_device_id
                0x000000000000af22       0x28 zephyr/drivers/hwinfo/libdrivers__hwinfo.a(hwinfo_nrf.c.obj)
                0x000000000000af22                z_impl_hwinfo_get_device_id
 .text.sys_clock_idle_exit
                0x000000000000af4a        0x2 zephyr/drivers/timer/libdrivers__timer.a(sys_clock_init.c.obj)
                0x000000000000af4a                sys_clock_idle_exit
 .text.sys_clock_cycle_get_32
                0x000000000000af4c        0x8 zephyr/drivers/timer/libdrivers__timer.a(nrf_rtc_timer.c.obj)
                0x000000000000af4c                sys_clock_cycle_get_32
 .text.pinctrl_lookup_state
                0x000000000000af54       0x30 zephyr/drivers/pinctrl/libdrivers__pinctrl.a(common.c.obj)
                0x000000000000af54                pinctrl_lookup_state
 .text.nrf_pin_configure.constprop.0
                0x000000000000af84       0x3a zephyr/drivers/pinctrl/libdrivers__pinctrl.a(pinctrl_nrf.c.obj)
 .text.pinctrl_configure_pins
                0x000000000000afbe       0xb4 zephyr/drivers/pinctrl/libdrivers__pinctrl.a(pinctrl_nrf.c.obj)
                0x000000000000afbe                pinctrl_configure_pins
 .text.ESB_SYS_TIMER_IRQHandler
                0x000000000000b072       0x1a modules/nrf/subsys/esb/lib..__nrf__subsys__esb.a(esb.c.obj)
                0x000000000000b072                ESB_SYS_TIMER_IRQHandler
 .text.k_busy_wait
                0x000000000000b08c        0x4 modules/nrf/drivers/sensor/pmw3360/lib..__nrf__drivers__sensor__pmw3360.a(pmw3360.c.obj)
 .text.z_log_msg2_static_create.constprop.0
                0x000000000000b090        0x6 modules/nrf/drivers/sensor/pmw3360/lib..__nrf__drivers__sensor__pmw3360.a(pmw3360.c.obj)
 .text.reg_write
                0x000000000000b096       0x20 modules/nrf/drivers/sensor/pmw3360/lib..__nrf__drivers__sensor__pmw3360.a(pmw3360.c.obj)
 .text.pmw3360_async_init_power_up
                0x000000000000b0b6        0x8 modules/nrf/drivers/sensor/pmw3360/lib..__nrf__drivers__sensor__pmw3360.a(pmw3360.c.obj)
 .text.gpio_pin_interrupt_configure.constprop.0
                0x000000000000b0be       0x16 modules/nrf/drivers/sensor/pmw3360/lib..__nrf__drivers__sensor__pmw3360.a(pmw3360.c.obj)
 .text.nrf52_errata_36
                0x000000000000b0d4       0x12 modules/hal_nordic/nrfx/libmodules__hal_nordic__nrfx.a(system_nrf52820.c.obj)
 .text.nrfx_isr
                0x000000000000b0e6        0x2 modules/hal_nordic/nrfx/libmodules__hal_nordic__nrfx.a(nrfx_glue.c.obj)
                0x000000000000b0e6                nrfx_isr
 .text.nrfx_busy_wait
                0x000000000000b0e8        0x4 modules/hal_nordic/nrfx/libmodules__hal_nordic__nrfx.a(nrfx_glue.c.obj)
                0x000000000000b0e8                nrfx_busy_wait
 .text.clock_stop
                0x000000000000b0ec       0x96 modules/hal_nordic/nrfx/libmodules__hal_nordic__nrfx.a(nrfx_clock.c.obj)
 .text.nrfx_clock_start
                0x000000000000b182       0x70 modules/hal_nordic/nrfx/libmodules__hal_nordic__nrfx.a(nrfx_clock.c.obj)
                0x000000000000b182                nrfx_clock_start
 .text.nrfx_clock_stop
                0x000000000000b1f2        0x4 modules/hal_nordic/nrfx/libmodules__hal_nordic__nrfx.a(nrfx_clock.c.obj)
                0x000000000000b1f2                nrfx_clock_stop
 .text.nrf_gpio_cfg_sense_set
                0x000000000000b1f6       0x1c modules/hal_nordic/nrfx/libmodules__hal_nordic__nrfx.a(nrfx_gpiote.c.obj)
 .text.nrf_power_event_get_and_clear.constprop.0
                0x000000000000b212       0x18 modules/hal_nordic/nrfx/libmodules__hal_nordic__nrfx.a(nrfx_power.c.obj)
 .text.nrfx_power_usbevt_enable
                0x000000000000b22a        0xe modules/hal_nordic/nrfx/libmodules__hal_nordic__nrfx.a(nrfx_power.c.obj)
                0x000000000000b22a                nrfx_power_usbevt_enable
 .text.nrfx_power_usbevt_disable
                0x000000000000b238        0xe modules/hal_nordic/nrfx/libmodules__hal_nordic__nrfx.a(nrfx_power.c.obj)
                0x000000000000b238                nrfx_power_usbevt_disable
 .text.nrfx_power_clock_irq_handler
                0x000000000000b246        0xe modules/hal_nordic/nrfx/libmodules__hal_nordic__nrfx.a(nrfx_power.c.obj)
                0x000000000000b246                nrfx_power_clock_irq_handler
 .text.spim_pin_uninit
                0x000000000000b254       0x18 modules/hal_nordic/nrfx/libmodules__hal_nordic__nrfx.a(nrfx_spim.c.obj)
 .text.nrf_gpio_pin_write
                0x000000000000b26c       0x1a modules/hal_nordic/nrfx/libmodules__hal_nordic__nrfx.a(nrfx_spim.c.obj)
 .text.set_ss_pin_state
                0x000000000000b286       0x18 modules/hal_nordic/nrfx/libmodules__hal_nordic__nrfx.a(nrfx_spim.c.obj)
 .text.nrf52_errata_187
                0x000000000000b29e       0x12 modules/hal_nordic/nrfx/libmodules__hal_nordic__nrfx.a(nrfx_usbd.c.obj)
 .text.nrfx_usbd_consumer
                0x000000000000b2b0       0x2e modules/hal_nordic/nrfx/libmodules__hal_nordic__nrfx.a(nrfx_usbd.c.obj)
                0x000000000000b2b0                nrfx_usbd_consumer
 .text.nrfx_usbd_feeder_ram
                0x000000000000b2de       0x22 modules/hal_nordic/nrfx/libmodules__hal_nordic__nrfx.a(nrfx_usbd.c.obj)
                0x000000000000b2de                nrfx_usbd_feeder_ram
 .text.nrfx_usbd_feeder_ram_zlp
                0x000000000000b300       0x2a modules/hal_nordic/nrfx/libmodules__hal_nordic__nrfx.a(nrfx_usbd.c.obj)
                0x000000000000b300                nrfx_usbd_feeder_ram_zlp
 .text.ep2bit   0x000000000000b32a       0x12 modules/hal_nordic/nrfx/libmodules__hal_nordic__nrfx.a(nrfx_usbd.c.obj)
 .text.ev_started_handler
                0x000000000000b33c        0x2 modules/hal_nordic/nrfx/libmodules__hal_nordic__nrfx.a(nrfx_usbd.c.obj)
 .text.ev_dma_epin7_handler
                0x000000000000b33e        0x6 modules/hal_nordic/nrfx/libmodules__hal_nordic__nrfx.a(nrfx_usbd.c.obj)
 .text.ev_dma_epin6_handler
                0x000000000000b344        0x6 modules/hal_nordic/nrfx/libmodules__hal_nordic__nrfx.a(nrfx_usbd.c.obj)
 .text.ev_dma_epin5_handler
                0x000000000000b34a        0x6 modules/hal_nordic/nrfx/libmodules__hal_nordic__nrfx.a(nrfx_usbd.c.obj)
 .text.ev_dma_epin4_handler
                0x000000000000b350        0x6 modules/hal_nordic/nrfx/libmodules__hal_nordic__nrfx.a(nrfx_usbd.c.obj)
 .text.ev_dma_epin3_handler
                0x000000000000b356        0x6 modules/hal_nordic/nrfx/libmodules__hal_nordic__nrfx.a(nrfx_usbd.c.obj)
 .text.ev_dma_epin2_handler
                0x000000000000b35c        0x6 modules/hal_nordic/nrfx/libmodules__hal_nordic__nrfx.a(nrfx_usbd.c.obj)
 .text.ev_dma_epin1_handler
                0x000000000000b362        0x6 modules/hal_nordic/nrfx/libmodules__hal_nordic__nrfx.a(nrfx_usbd.c.obj)
 .text.ev_dma_epin0_handler
                0x000000000000b368        0x4 modules/hal_nordic/nrfx/libmodules__hal_nordic__nrfx.a(nrfx_usbd.c.obj)
 .text.nrfx_usbd_ep_max_packet_size_set
                0x000000000000b36c        0xa modules/hal_nordic/nrfx/libmodules__hal_nordic__nrfx.a(nrfx_usbd.c.obj)
                0x000000000000b36c                nrfx_usbd_ep_max_packet_size_set
 .text.nrfx_usbd_ep_status_get
                0x000000000000b376       0x2e modules/hal_nordic/nrfx/libmodules__hal_nordic__nrfx.a(nrfx_usbd.c.obj)
                0x000000000000b376                nrfx_usbd_ep_status_get
 .text.ev_dma_epout7_handler
                0x000000000000b3a4        0x6 modules/hal_nordic/nrfx/libmodules__hal_nordic__nrfx.a(nrfx_usbd.c.obj)
 .text.ev_dma_epout6_handler
                0x000000000000b3aa        0x6 modules/hal_nordic/nrfx/libmodules__hal_nordic__nrfx.a(nrfx_usbd.c.obj)
 .text.ev_dma_epout5_handler
                0x000000000000b3b0        0x6 modules/hal_nordic/nrfx/libmodules__hal_nordic__nrfx.a(nrfx_usbd.c.obj)
 .text.ev_dma_epout4_handler
                0x000000000000b3b6        0x6 modules/hal_nordic/nrfx/libmodules__hal_nordic__nrfx.a(nrfx_usbd.c.obj)
 .text.ev_dma_epout3_handler
                0x000000000000b3bc        0x6 modules/hal_nordic/nrfx/libmodules__hal_nordic__nrfx.a(nrfx_usbd.c.obj)
 .text.ev_dma_epout2_handler
                0x000000000000b3c2        0x6 modules/hal_nordic/nrfx/libmodules__hal_nordic__nrfx.a(nrfx_usbd.c.obj)
 .text.ev_dma_epout1_handler
                0x000000000000b3c8        0x6 modules/hal_nordic/nrfx/libmodules__hal_nordic__nrfx.a(nrfx_usbd.c.obj)
 .text.nrfx_usbd_ep_abort
                0x000000000000b3ce        0x4 modules/hal_nordic/nrfx/libmodules__hal_nordic__nrfx.a(nrfx_usbd.c.obj)
                0x000000000000b3ce                nrfx_usbd_ep_abort
 .text._GetAvailWriteSpace
                0x000000000000b3d2       0x12 modules/segger/libmodules__segger.a(SEGGER_RTT.c.obj)
 .text._WriteNoCheck
                0x000000000000b3e4       0x38 modules/segger/libmodules__segger.a(SEGGER_RTT.c.obj)
 .text._WriteBlocking
                0x000000000000b41c       0x52 modules/segger/libmodules__segger.a(SEGGER_RTT.c.obj)
 .text.SEGGER_RTT_Init
                0x000000000000b46e        0x4 modules/segger/libmodules__segger.a(SEGGER_RTT.c.obj)
                0x000000000000b46e                SEGGER_RTT_Init
 .text.rtt_init
                0x000000000000b472        0xa modules/segger/libmodules__segger.a(SEGGER_RTT_zephyr.c.obj)
 .text.z_device_state_init
                0x000000000000b47c        0x2 zephyr/kernel/libkernel.a(device.c.obj)
                0x000000000000b47c                z_device_state_init
 .text.z_device_is_ready
                0x000000000000b47e       0x14 zephyr/kernel/libkernel.a(device.c.obj)
                0x000000000000b47e                z_device_is_ready
 .text.z_early_memset
                0x000000000000b492        0x4 zephyr/kernel/libkernel.a(init.c.obj)
                0x000000000000b492                z_early_memset
 .text.z_early_memcpy
                0x000000000000b496        0x4 zephyr/kernel/libkernel.a(init.c.obj)
                0x000000000000b496                z_early_memcpy
 .text.k_mem_slab_free
                0x000000000000b49a       0x52 zephyr/kernel/libkernel.a(mem_slab.c.obj)
                0x000000000000b49a                k_mem_slab_free
 .text.k_is_in_isr
                0x000000000000b4ec        0xc zephyr/kernel/libkernel.a(thread.c.obj)
                0x000000000000b4ec                k_is_in_isr
 .text.z_impl_k_thread_name_set
                0x000000000000b4f8        0x6 zephyr/kernel/libkernel.a(thread.c.obj)
                0x000000000000b4f8                z_impl_k_thread_name_set
 .text.k_thread_name_get
                0x000000000000b4fe        0x4 zephyr/kernel/libkernel.a(thread.c.obj)
                0x000000000000b4fe                k_thread_name_get
 .text.z_impl_k_thread_start
                0x000000000000b502        0x4 zephyr/kernel/libkernel.a(thread.c.obj)
                0x000000000000b502                z_impl_k_thread_start
 .text.z_pm_save_idle_exit
                0x000000000000b506        0xe zephyr/kernel/libkernel.a(idle.c.obj)
                0x000000000000b506                z_pm_save_idle_exit
 .text.adjust_owner_prio.isra.0
                0x000000000000b514       0x10 zephyr/kernel/libkernel.a(mutex.c.obj)
 .text.z_impl_k_mutex_init
                0x000000000000b524        0xe zephyr/kernel/libkernel.a(mutex.c.obj)
                0x000000000000b524                z_impl_k_mutex_init
 .text.queue_insert
                0x000000000000b532       0xc0 zephyr/kernel/libkernel.a(queue.c.obj)
 .text.z_queue_node_peek
                0x000000000000b5f2       0x18 zephyr/kernel/libkernel.a(queue.c.obj)
                0x000000000000b5f2                z_queue_node_peek
 .text.k_queue_append
                0x000000000000b60a       0x16 zephyr/kernel/libkernel.a(queue.c.obj)
                0x000000000000b60a                k_queue_append
 .text.z_impl_k_sem_init